/home/martin/autonomous_new/install/fsae_planning/lib/python3.12/site-packages/fsae_planning/fasttube_planner.py
/home/martin/autonomous_new/install/fsae_planning/lib/python3.12/site-packages/fsae_planning/fasttube_without_kalman.py
/home/martin/autonomous_new/install/fsae_planning/lib/python3.12/site-packages/fsae_planning/__init__.py
/home/martin/autonomous_new/install/fsae_planning/lib/python3.12/site-packages/fsae_planning/centerline_planner.py
/home/martin/autonomous_new/install/fsae_planning/lib/python3.12/site-packages/fsae_planning/__pycache__/fasttube_planner.cpython-312.pyc
/home/martin/autonomous_new/install/fsae_planning/lib/python3.12/site-packages/fsae_planning/__pycache__/fasttube_without_kalman.cpython-312.pyc
/home/martin/autonomous_new/install/fsae_planning/lib/python3.12/site-packages/fsae_planning/__pycache__/__init__.cpython-312.pyc
/home/martin/autonomous_new/install/fsae_planning/lib/python3.12/site-packages/fsae_planning/__pycache__/centerline_planner.cpython-312.pyc
/home/martin/autonomous_new/install/fsae_planning/share/ament_index/resource_index/packages/fsae_planning
/home/martin/autonomous_new/install/fsae_planning/share/fsae_planning/package.xml
/home/martin/autonomous_new/install/fsae_planning/share/fsae_planning/launch/path_planning.launch.py
/home/martin/autonomous_new/install/fsae_planning/lib/python3.12/site-packages/fsae_planning-0.1.0-py3.12.egg-info/requires.txt
/home/martin/autonomous_new/install/fsae_planning/lib/python3.12/site-packages/fsae_planning-0.1.0-py3.12.egg-info/entry_points.txt
/home/martin/autonomous_new/install/fsae_planning/lib/python3.12/site-packages/fsae_planning-0.1.0-py3.12.egg-info/zip-safe
/home/martin/autonomous_new/install/fsae_planning/lib/python3.12/site-packages/fsae_planning-0.1.0-py3.12.egg-info/PKG-INFO
/home/martin/autonomous_new/install/fsae_planning/lib/python3.12/site-packages/fsae_planning-0.1.0-py3.12.egg-info/SOURCES.txt
/home/martin/autonomous_new/install/fsae_planning/lib/python3.12/site-packages/fsae_planning-0.1.0-py3.12.egg-info/top_level.txt
/home/martin/autonomous_new/install/fsae_planning/lib/python3.12/site-packages/fsae_planning-0.1.0-py3.12.egg-info/dependency_links.txt
/home/martin/autonomous_new/install/fsae_planning/lib/fsae_planning/centerline_planner
/home/martin/autonomous_new/install/fsae_planning/lib/fsae_planning/fasttube
/home/martin/autonomous_new/install/fsae_planning/lib/fsae_planning/fasttube_without_kalman
