running egg_info
creating ../../../../build/fsae_lidar/fsae_lidar.egg-info
writing ../../../../build/fsae_lidar/fsae_lidar.egg-info/PKG-INFO
writing dependency_links to ../../../../build/fsae_lidar/fsae_lidar.egg-info/dependency_links.txt
writing entry points to ../../../../build/fsae_lidar/fsae_lidar.egg-info/entry_points.txt
writing requirements to ../../../../build/fsae_lidar/fsae_lidar.egg-info/requires.txt
writing top-level names to ../../../../build/fsae_lidar/fsae_lidar.egg-info/top_level.txt
writing manifest file '../../../../build/fsae_lidar/fsae_lidar.egg-info/SOURCES.txt'
reading manifest file '../../../../build/fsae_lidar/fsae_lidar.egg-info/SOURCES.txt'
writing manifest file '../../../../build/fsae_lidar/fsae_lidar.egg-info/SOURCES.txt'
running build
running build_py
creating /home/martin/autonomous_new/build/fsae_lidar/build
creating /home/martin/autonomous_new/build/fsae_lidar/build/lib
creating /home/martin/autonomous_new/build/fsae_lidar/build/lib/fsae_lidar
copying fsae_lidar/refinement.py -> /home/martin/autonomous_new/build/fsae_lidar/build/lib/fsae_lidar
copying fsae_lidar/__init__.py -> /home/martin/autonomous_new/build/fsae_lidar/build/lib/fsae_lidar
copying fsae_lidar/fusion_node.py -> /home/martin/autonomous_new/build/fsae_lidar/build/lib/fsae_lidar
running install
running install_lib
creating /home/martin/autonomous_new/install/fsae_lidar/lib/python3.12/site-packages/fsae_lidar
copying /home/martin/autonomous_new/build/fsae_lidar/build/lib/fsae_lidar/refinement.py -> /home/martin/autonomous_new/install/fsae_lidar/lib/python3.12/site-packages/fsae_lidar
copying /home/martin/autonomous_new/build/fsae_lidar/build/lib/fsae_lidar/__init__.py -> /home/martin/autonomous_new/install/fsae_lidar/lib/python3.12/site-packages/fsae_lidar
copying /home/martin/autonomous_new/build/fsae_lidar/build/lib/fsae_lidar/fusion_node.py -> /home/martin/autonomous_new/install/fsae_lidar/lib/python3.12/site-packages/fsae_lidar
byte-compiling /home/martin/autonomous_new/install/fsae_lidar/lib/python3.12/site-packages/fsae_lidar/refinement.py to refinement.cpython-312.pyc
byte-compiling /home/martin/autonomous_new/install/fsae_lidar/lib/python3.12/site-packages/fsae_lidar/__init__.py to __init__.cpython-312.pyc
byte-compiling /home/martin/autonomous_new/install/fsae_lidar/lib/python3.12/site-packages/fsae_lidar/fusion_node.py to fusion_node.cpython-312.pyc
running install_data
creating /home/martin/autonomous_new/install/fsae_lidar/share/ament_index
creating /home/martin/autonomous_new/install/fsae_lidar/share/ament_index/resource_index
creating /home/martin/autonomous_new/install/fsae_lidar/share/ament_index/resource_index/packages
copying resource/fsae_lidar -> /home/martin/autonomous_new/install/fsae_lidar/share/ament_index/resource_index/packages
copying package.xml -> /home/martin/autonomous_new/install/fsae_lidar/share/fsae_lidar
creating /home/martin/autonomous_new/install/fsae_lidar/share/fsae_lidar/launch
copying launch/fsae_lidar_fusion.launch.py -> /home/martin/autonomous_new/install/fsae_lidar/share/fsae_lidar/launch
copying launch/velodyne_vlp16.launch.py -> /home/martin/autonomous_new/install/fsae_lidar/share/fsae_lidar/launch
creating /home/martin/autonomous_new/install/fsae_lidar/share/fsae_lidar/params
copying params/lidar_fusion.yaml -> /home/martin/autonomous_new/install/fsae_lidar/share/fsae_lidar/params
running install_egg_info
Copying ../../../../build/fsae_lidar/fsae_lidar.egg-info to /home/martin/autonomous_new/install/fsae_lidar/lib/python3.12/site-packages/fsae_lidar-0.1.0-py3.12.egg-info
running install_scripts
Installing fusion_node script to /home/martin/autonomous_new/install/fsae_lidar/lib/fsae_lidar
writing list of installed files to '/home/martin/autonomous_new/build/fsae_lidar/install.log'
