/home/martin/autonomous_new/install/fsae_can_bridge/lib/python3.12/site-packages/fsae_can_bridge/ack_to_can.py
/home/martin/autonomous_new/install/fsae_can_bridge/lib/python3.12/site-packages/fsae_can_bridge/candapter.py
/home/martin/autonomous_new/install/fsae_can_bridge/lib/python3.12/site-packages/fsae_can_bridge/mock_stimulus.py
/home/martin/autonomous_new/install/fsae_can_bridge/lib/python3.12/site-packages/fsae_can_bridge/joystick_teleop.py
/home/martin/autonomous_new/install/fsae_can_bridge/lib/python3.12/site-packages/fsae_can_bridge/__init__.py
/home/martin/autonomous_new/install/fsae_can_bridge/lib/python3.12/site-packages/fsae_can_bridge/sys_status.py
/home/martin/autonomous_new/install/fsae_can_bridge/lib/python3.12/site-packages/fsae_can_bridge/can_decoder_jnano.py
/home/martin/autonomous_new/install/fsae_can_bridge/lib/python3.12/site-packages/fsae_can_bridge/drivers/MCP2515.py
/home/martin/autonomous_new/install/fsae_can_bridge/lib/python3.12/site-packages/fsae_can_bridge/drivers/__init__.py
/home/martin/autonomous_new/install/fsae_can_bridge/lib/python3.12/site-packages/fsae_can_bridge/__pycache__/ack_to_can.cpython-312.pyc
/home/martin/autonomous_new/install/fsae_can_bridge/lib/python3.12/site-packages/fsae_can_bridge/__pycache__/candapter.cpython-312.pyc
/home/martin/autonomous_new/install/fsae_can_bridge/lib/python3.12/site-packages/fsae_can_bridge/__pycache__/mock_stimulus.cpython-312.pyc
/home/martin/autonomous_new/install/fsae_can_bridge/lib/python3.12/site-packages/fsae_can_bridge/__pycache__/joystick_teleop.cpython-312.pyc
/home/martin/autonomous_new/install/fsae_can_bridge/lib/python3.12/site-packages/fsae_can_bridge/__pycache__/__init__.cpython-312.pyc
/home/martin/autonomous_new/install/fsae_can_bridge/lib/python3.12/site-packages/fsae_can_bridge/__pycache__/sys_status.cpython-312.pyc
/home/martin/autonomous_new/install/fsae_can_bridge/lib/python3.12/site-packages/fsae_can_bridge/__pycache__/can_decoder_jnano.cpython-312.pyc
/home/martin/autonomous_new/install/fsae_can_bridge/lib/python3.12/site-packages/fsae_can_bridge/drivers/__pycache__/MCP2515.cpython-312.pyc
/home/martin/autonomous_new/install/fsae_can_bridge/lib/python3.12/site-packages/fsae_can_bridge/drivers/__pycache__/__init__.cpython-312.pyc
/home/martin/autonomous_new/install/fsae_can_bridge/share/ament_index/resource_index/packages/fsae_can_bridge
/home/martin/autonomous_new/install/fsae_can_bridge/share/fsae_can_bridge/package.xml
/home/martin/autonomous_new/install/fsae_can_bridge/share/fsae_can_bridge/launch
/home/martin/autonomous_new/install/fsae_can_bridge/lib/python3.12/site-packages/fsae_can_bridge-0.1.0-py3.12.egg-info/requires.txt
/home/martin/autonomous_new/install/fsae_can_bridge/lib/python3.12/site-packages/fsae_can_bridge-0.1.0-py3.12.egg-info/entry_points.txt
/home/martin/autonomous_new/install/fsae_can_bridge/lib/python3.12/site-packages/fsae_can_bridge-0.1.0-py3.12.egg-info/zip-safe
/home/martin/autonomous_new/install/fsae_can_bridge/lib/python3.12/site-packages/fsae_can_bridge-0.1.0-py3.12.egg-info/PKG-INFO
/home/martin/autonomous_new/install/fsae_can_bridge/lib/python3.12/site-packages/fsae_can_bridge-0.1.0-py3.12.egg-info/SOURCES.txt
/home/martin/autonomous_new/install/fsae_can_bridge/lib/python3.12/site-packages/fsae_can_bridge-0.1.0-py3.12.egg-info/top_level.txt
/home/martin/autonomous_new/install/fsae_can_bridge/lib/python3.12/site-packages/fsae_can_bridge-0.1.0-py3.12.egg-info/dependency_links.txt
/home/martin/autonomous_new/install/fsae_can_bridge/lib/fsae_can_bridge/ack_to_can_node
/home/martin/autonomous_new/install/fsae_can_bridge/lib/fsae_can_bridge/as_status_node
/home/martin/autonomous_new/install/fsae_can_bridge/lib/fsae_can_bridge/can_decoder
/home/martin/autonomous_new/install/fsae_can_bridge/lib/fsae_can_bridge/candapter_node
/home/martin/autonomous_new/install/fsae_can_bridge/lib/fsae_can_bridge/joystick_teleop
/home/martin/autonomous_new/install/fsae_can_bridge/lib/fsae_can_bridge/mock_stimulus
