[0.361s] DEBUG:colcon:Command line arguments: ['/usr/bin/colcon', 'build', '--symlink-install']
[0.361s] DEBUG:colcon:Parsed command line arguments: Namespace(log_base=None, log_level=None, verb_name='build', build_base='build', install_base='install', merge_install=False, symlink_install=True, test_result_base=None, continue_on_error=False, executor='parallel', parallel_workers=12, event_handlers=None, ignore_user_meta=False, metas=['./colcon.meta'], base_paths=['.'], packages_ignore=None, packages_ignore_regex=None, paths=None, packages_up_to=None, packages_up_to_regex=None, packages_above=None, packages_above_and_dependencies=None, packages_above_depth=None, packages_select_by_dep=None, packages_skip_by_dep=None, packages_skip_up_to=None, packages_select_build_failed=False, packages_skip_build_finished=False, packages_select_test_failures=False, packages_skip_test_passed=False, packages_select=None, packages_skip=None, packages_select_regex=None, packages_skip_regex=None, packages_start=None, packages_end=None, allow_overriding=[], cmake_args=None, cmake_target=None, cmake_target_skip_unavailable=False, cmake_clean_cache=False, cmake_clean_first=False, cmake_force_configure=False, ament_cmake_args=None, catkin_cmake_args=None, catkin_skip_building_tests=False, verb_parser=<colcon_defaults.argument_parser.defaults.DefaultArgumentsDecorator object at 0x720bbbc632c0>, verb_extension=<colcon_core.verb.build.BuildVerb object at 0x720bbbd4a240>, main=<bound method BuildVerb.main of <colcon_core.verb.build.BuildVerb object at 0x720bbbd4a240>>)
[0.417s] Level 1:colcon.colcon_core.package_discovery:discover_packages(colcon_meta) check parameters
[0.418s] Level 1:colcon.colcon_core.package_discovery:discover_packages(recursive) check parameters
[0.418s] Level 1:colcon.colcon_core.package_discovery:discover_packages(ignore) check parameters
[0.418s] Level 1:colcon.colcon_core.package_discovery:discover_packages(path) check parameters
[0.418s] Level 1:colcon.colcon_core.package_discovery:discover_packages(colcon_meta) discover
[0.418s] Level 1:colcon.colcon_core.package_discovery:discover_packages(recursive) discover
[0.418s] INFO:colcon.colcon_core.package_discovery:Crawling recursively for packages in '/home/martin/autonomous_new'
[0.418s] Level 1:colcon.colcon_core.package_identification:_identify(.) by extensions ['ignore', 'ignore_ament_install']
[0.419s] Level 1:colcon.colcon_core.package_identification:_identify(.) by extension 'ignore'
[0.419s] Level 1:colcon.colcon_core.package_identification:_identify(.) by extension 'ignore_ament_install'
[0.419s] Level 1:colcon.colcon_core.package_identification:_identify(.) by extensions ['colcon_pkg']
[0.419s] Level 1:colcon.colcon_core.package_identification:_identify(.) by extension 'colcon_pkg'
[0.419s] Level 1:colcon.colcon_core.package_identification:_identify(.) by extensions ['colcon_meta']
[0.419s] Level 1:colcon.colcon_core.package_identification:_identify(.) by extension 'colcon_meta'
[0.419s] Level 1:colcon.colcon_core.package_identification:_identify(.) by extensions ['ros']
[0.419s] Level 1:colcon.colcon_core.package_identification:_identify(.) by extension 'ros'
[0.460s] Level 1:colcon.colcon_core.package_identification:_identify(.) by extensions ['cmake', 'python']
[0.460s] Level 1:colcon.colcon_core.package_identification:_identify(.) by extension 'cmake'
[0.460s] Level 1:colcon.colcon_core.package_identification:_identify(.) by extension 'python'
[0.460s] Level 1:colcon.colcon_core.package_identification:_identify(.) by extensions ['python_setup_py']
[0.461s] Level 1:colcon.colcon_core.package_identification:_identify(.) by extension 'python_setup_py'
[0.461s] Level 1:colcon.colcon_core.package_identification:_identify(build) by extensions ['ignore', 'ignore_ament_install']
[0.461s] Level 1:colcon.colcon_core.package_identification:_identify(build) by extension 'ignore'
[0.461s] Level 1:colcon.colcon_core.package_identification:_identify(build) ignored
[0.461s] Level 1:colcon.colcon_core.package_identification:_identify(install) by extensions ['ignore', 'ignore_ament_install']
[0.461s] Level 1:colcon.colcon_core.package_identification:_identify(install) by extension 'ignore'
[0.462s] Level 1:colcon.colcon_core.package_identification:_identify(install) ignored
[0.462s] Level 1:colcon.colcon_core.package_identification:_identify(log) by extensions ['ignore', 'ignore_ament_install']
[0.462s] Level 1:colcon.colcon_core.package_identification:_identify(log) by extension 'ignore'
[0.462s] Level 1:colcon.colcon_core.package_identification:_identify(log) ignored
[0.462s] Level 1:colcon.colcon_core.package_identification:_identify(src) by extensions ['ignore', 'ignore_ament_install']
[0.462s] Level 1:colcon.colcon_core.package_identification:_identify(src) by extension 'ignore'
[0.463s] Level 1:colcon.colcon_core.package_identification:_identify(src) by extension 'ignore_ament_install'
[0.463s] Level 1:colcon.colcon_core.package_identification:_identify(src) by extensions ['colcon_pkg']
[0.463s] Level 1:colcon.colcon_core.package_identification:_identify(src) by extension 'colcon_pkg'
[0.463s] Level 1:colcon.colcon_core.package_identification:_identify(src) by extensions ['colcon_meta']
[0.463s] Level 1:colcon.colcon_core.package_identification:_identify(src) by extension 'colcon_meta'
[0.463s] Level 1:colcon.colcon_core.package_identification:_identify(src) by extensions ['ros']
[0.463s] Level 1:colcon.colcon_core.package_identification:_identify(src) by extension 'ros'
[0.464s] Level 1:colcon.colcon_core.package_identification:_identify(src) by extensions ['cmake', 'python']
[0.464s] Level 1:colcon.colcon_core.package_identification:_identify(src) by extension 'cmake'
[0.464s] Level 1:colcon.colcon_core.package_identification:_identify(src) by extension 'python'
[0.464s] Level 1:colcon.colcon_core.package_identification:_identify(src) by extensions ['python_setup_py']
[0.464s] Level 1:colcon.colcon_core.package_identification:_identify(src) by extension 'python_setup_py'
[0.464s] Level 1:colcon.colcon_core.package_identification:_identify(src/fsae_autonomous) by extensions ['ignore', 'ignore_ament_install']
[0.464s] Level 1:colcon.colcon_core.package_identification:_identify(src/fsae_autonomous) by extension 'ignore'
[0.465s] Level 1:colcon.colcon_core.package_identification:_identify(src/fsae_autonomous) by extension 'ignore_ament_install'
[0.465s] Level 1:colcon.colcon_core.package_identification:_identify(src/fsae_autonomous) by extensions ['colcon_pkg']
[0.465s] Level 1:colcon.colcon_core.package_identification:_identify(src/fsae_autonomous) by extension 'colcon_pkg'
[0.465s] Level 1:colcon.colcon_core.package_identification:_identify(src/fsae_autonomous) by extensions ['colcon_meta']
[0.465s] Level 1:colcon.colcon_core.package_identification:_identify(src/fsae_autonomous) by extension 'colcon_meta'
[0.465s] Level 1:colcon.colcon_core.package_identification:_identify(src/fsae_autonomous) by extensions ['ros']
[0.465s] Level 1:colcon.colcon_core.package_identification:_identify(src/fsae_autonomous) by extension 'ros'
[0.465s] Level 1:colcon.colcon_core.package_identification:_identify(src/fsae_autonomous) by extensions ['cmake', 'python']
[0.465s] Level 1:colcon.colcon_core.package_identification:_identify(src/fsae_autonomous) by extension 'cmake'
[0.465s] Level 1:colcon.colcon_core.package_identification:_identify(src/fsae_autonomous) by extension 'python'
[0.466s] Level 1:colcon.colcon_core.package_identification:_identify(src/fsae_autonomous) by extensions ['python_setup_py']
[0.466s] Level 1:colcon.colcon_core.package_identification:_identify(src/fsae_autonomous) by extension 'python_setup_py'
[0.466s] Level 1:colcon.colcon_core.package_identification:_identify(src/fsae_autonomous/common) by extensions ['ignore', 'ignore_ament_install']
[0.466s] Level 1:colcon.colcon_core.package_identification:_identify(src/fsae_autonomous/common) by extension 'ignore'
[0.466s] Level 1:colcon.colcon_core.package_identification:_identify(src/fsae_autonomous/common) by extension 'ignore_ament_install'
[0.466s] Level 1:colcon.colcon_core.package_identification:_identify(src/fsae_autonomous/common) by extensions ['colcon_pkg']
[0.467s] Level 1:colcon.colcon_core.package_identification:_identify(src/fsae_autonomous/common) by extension 'colcon_pkg'
[0.467s] Level 1:colcon.colcon_core.package_identification:_identify(src/fsae_autonomous/common) by extensions ['colcon_meta']
[0.467s] Level 1:colcon.colcon_core.package_identification:_identify(src/fsae_autonomous/common) by extension 'colcon_meta'
[0.467s] Level 1:colcon.colcon_core.package_identification:_identify(src/fsae_autonomous/common) by extensions ['ros']
[0.467s] Level 1:colcon.colcon_core.package_identification:_identify(src/fsae_autonomous/common) by extension 'ros'
[0.467s] Level 1:colcon.colcon_core.package_identification:_identify(src/fsae_autonomous/common) by extensions ['cmake', 'python']
[0.467s] Level 1:colcon.colcon_core.package_identification:_identify(src/fsae_autonomous/common) by extension 'cmake'
[0.467s] Level 1:colcon.colcon_core.package_identification:_identify(src/fsae_autonomous/common) by extension 'python'
[0.468s] Level 1:colcon.colcon_core.package_identification:_identify(src/fsae_autonomous/common) by extensions ['python_setup_py']
[0.468s] Level 1:colcon.colcon_core.package_identification:_identify(src/fsae_autonomous/common) by extension 'python_setup_py'
[0.468s] Level 1:colcon.colcon_core.package_identification:_identify(src/fsae_autonomous/common/fsae_bringup) by extensions ['ignore', 'ignore_ament_install']
[0.468s] Level 1:colcon.colcon_core.package_identification:_identify(src/fsae_autonomous/common/fsae_bringup) by extension 'ignore'
[0.468s] Level 1:colcon.colcon_core.package_identification:_identify(src/fsae_autonomous/common/fsae_bringup) by extension 'ignore_ament_install'
[0.468s] Level 1:colcon.colcon_core.package_identification:_identify(src/fsae_autonomous/common/fsae_bringup) by extensions ['colcon_pkg']
[0.468s] Level 1:colcon.colcon_core.package_identification:_identify(src/fsae_autonomous/common/fsae_bringup) by extension 'colcon_pkg'
[0.468s] Level 1:colcon.colcon_core.package_identification:_identify(src/fsae_autonomous/common/fsae_bringup) by extensions ['colcon_meta']
[0.469s] Level 1:colcon.colcon_core.package_identification:_identify(src/fsae_autonomous/common/fsae_bringup) by extension 'colcon_meta'
[0.469s] Level 1:colcon.colcon_core.package_identification:_identify(src/fsae_autonomous/common/fsae_bringup) by extensions ['ros']
[0.469s] Level 1:colcon.colcon_core.package_identification:_identify(src/fsae_autonomous/common/fsae_bringup) by extension 'ros'
[0.474s] DEBUG:colcon.colcon_core.package_identification:Package 'src/fsae_autonomous/common/fsae_bringup' with type 'ros.ament_python' and name 'fsae_bringup'
[0.474s] Level 1:colcon.colcon_core.package_identification:_identify(src/fsae_autonomous/common/fsae_description) by extensions ['ignore', 'ignore_ament_install']
[0.474s] Level 1:colcon.colcon_core.package_identification:_identify(src/fsae_autonomous/common/fsae_description) by extension 'ignore'
[0.475s] Level 1:colcon.colcon_core.package_identification:_identify(src/fsae_autonomous/common/fsae_description) by extension 'ignore_ament_install'
[0.475s] Level 1:colcon.colcon_core.package_identification:_identify(src/fsae_autonomous/common/fsae_description) by extensions ['colcon_pkg']
[0.475s] Level 1:colcon.colcon_core.package_identification:_identify(src/fsae_autonomous/common/fsae_description) by extension 'colcon_pkg'
[0.475s] Level 1:colcon.colcon_core.package_identification:_identify(src/fsae_autonomous/common/fsae_description) by extensions ['colcon_meta']
[0.475s] Level 1:colcon.colcon_core.package_identification:_identify(src/fsae_autonomous/common/fsae_description) by extension 'colcon_meta'
[0.475s] Level 1:colcon.colcon_core.package_identification:_identify(src/fsae_autonomous/common/fsae_description) by extensions ['ros']
[0.475s] Level 1:colcon.colcon_core.package_identification:_identify(src/fsae_autonomous/common/fsae_description) by extension 'ros'
[0.476s] DEBUG:colcon.colcon_core.package_identification:Package 'src/fsae_autonomous/common/fsae_description' with type 'ros.ament_python' and name 'fsae_description'
[0.476s] Level 1:colcon.colcon_core.package_identification:_identify(src/fsae_autonomous/common/fsae_interfaces) by extensions ['ignore', 'ignore_ament_install']
[0.477s] Level 1:colcon.colcon_core.package_identification:_identify(src/fsae_autonomous/common/fsae_interfaces) by extension 'ignore'
[0.477s] Level 1:colcon.colcon_core.package_identification:_identify(src/fsae_autonomous/common/fsae_interfaces) by extension 'ignore_ament_install'
[0.477s] Level 1:colcon.colcon_core.package_identification:_identify(src/fsae_autonomous/common/fsae_interfaces) by extensions ['colcon_pkg']
[0.477s] Level 1:colcon.colcon_core.package_identification:_identify(src/fsae_autonomous/common/fsae_interfaces) by extension 'colcon_pkg'
[0.477s] Level 1:colcon.colcon_core.package_identification:_identify(src/fsae_autonomous/common/fsae_interfaces) by extensions ['colcon_meta']
[0.477s] Level 1:colcon.colcon_core.package_identification:_identify(src/fsae_autonomous/common/fsae_interfaces) by extension 'colcon_meta'
[0.477s] Level 1:colcon.colcon_core.package_identification:_identify(src/fsae_autonomous/common/fsae_interfaces) by extensions ['ros']
[0.478s] Level 1:colcon.colcon_core.package_identification:_identify(src/fsae_autonomous/common/fsae_interfaces) by extension 'ros'
[0.478s] DEBUG:colcon.colcon_core.package_identification:Package 'src/fsae_autonomous/common/fsae_interfaces' with type 'ros.ament_cmake' and name 'fsae_interfaces'
[0.479s] Level 1:colcon.colcon_core.package_identification:_identify(src/fsae_autonomous/control) by extensions ['ignore', 'ignore_ament_install']
[0.479s] Level 1:colcon.colcon_core.package_identification:_identify(src/fsae_autonomous/control) by extension 'ignore'
[0.479s] Level 1:colcon.colcon_core.package_identification:_identify(src/fsae_autonomous/control) by extension 'ignore_ament_install'
[0.479s] Level 1:colcon.colcon_core.package_identification:_identify(src/fsae_autonomous/control) by extensions ['colcon_pkg']
[0.479s] Level 1:colcon.colcon_core.package_identification:_identify(src/fsae_autonomous/control) by extension 'colcon_pkg'
[0.479s] Level 1:colcon.colcon_core.package_identification:_identify(src/fsae_autonomous/control) by extensions ['colcon_meta']
[0.479s] Level 1:colcon.colcon_core.package_identification:_identify(src/fsae_autonomous/control) by extension 'colcon_meta'
[0.480s] Level 1:colcon.colcon_core.package_identification:_identify(src/fsae_autonomous/control) by extensions ['ros']
[0.480s] Level 1:colcon.colcon_core.package_identification:_identify(src/fsae_autonomous/control) by extension 'ros'
[0.480s] Level 1:colcon.colcon_core.package_identification:_identify(src/fsae_autonomous/control) by extensions ['cmake', 'python']
[0.481s] Level 1:colcon.colcon_core.package_identification:_identify(src/fsae_autonomous/control) by extension 'cmake'
[0.481s] Level 1:colcon.colcon_core.package_identification:_identify(src/fsae_autonomous/control) by extension 'python'
[0.481s] Level 1:colcon.colcon_core.package_identification:_identify(src/fsae_autonomous/control) by extensions ['python_setup_py']
[0.481s] Level 1:colcon.colcon_core.package_identification:_identify(src/fsae_autonomous/control) by extension 'python_setup_py'
[0.481s] Level 1:colcon.colcon_core.package_identification:_identify(src/fsae_autonomous/control/fsae_can_bridge) by extensions ['ignore', 'ignore_ament_install']
[0.481s] Level 1:colcon.colcon_core.package_identification:_identify(src/fsae_autonomous/control/fsae_can_bridge) by extension 'ignore'
[0.482s] Level 1:colcon.colcon_core.package_identification:_identify(src/fsae_autonomous/control/fsae_can_bridge) by extension 'ignore_ament_install'
[0.482s] Level 1:colcon.colcon_core.package_identification:_identify(src/fsae_autonomous/control/fsae_can_bridge) by extensions ['colcon_pkg']
[0.482s] Level 1:colcon.colcon_core.package_identification:_identify(src/fsae_autonomous/control/fsae_can_bridge) by extension 'colcon_pkg'
[0.482s] Level 1:colcon.colcon_core.package_identification:_identify(src/fsae_autonomous/control/fsae_can_bridge) by extensions ['colcon_meta']
[0.482s] Level 1:colcon.colcon_core.package_identification:_identify(src/fsae_autonomous/control/fsae_can_bridge) by extension 'colcon_meta'
[0.482s] Level 1:colcon.colcon_core.package_identification:_identify(src/fsae_autonomous/control/fsae_can_bridge) by extensions ['ros']
[0.482s] Level 1:colcon.colcon_core.package_identification:_identify(src/fsae_autonomous/control/fsae_can_bridge) by extension 'ros'
[0.485s] DEBUG:colcon.colcon_core.package_identification:Package 'src/fsae_autonomous/control/fsae_can_bridge' with type 'ros.ament_python' and name 'fsae_can_bridge'
[0.485s] Level 1:colcon.colcon_core.package_identification:_identify(src/fsae_autonomous/control/fsae_control) by extensions ['ignore', 'ignore_ament_install']
[0.485s] Level 1:colcon.colcon_core.package_identification:_identify(src/fsae_autonomous/control/fsae_control) by extension 'ignore'
[0.485s] Level 1:colcon.colcon_core.package_identification:_identify(src/fsae_autonomous/control/fsae_control) by extension 'ignore_ament_install'
[0.485s] Level 1:colcon.colcon_core.package_identification:_identify(src/fsae_autonomous/control/fsae_control) by extensions ['colcon_pkg']
[0.485s] Level 1:colcon.colcon_core.package_identification:_identify(src/fsae_autonomous/control/fsae_control) by extension 'colcon_pkg'
[0.486s] Level 1:colcon.colcon_core.package_identification:_identify(src/fsae_autonomous/control/fsae_control) by extensions ['colcon_meta']
[0.486s] Level 1:colcon.colcon_core.package_identification:_identify(src/fsae_autonomous/control/fsae_control) by extension 'colcon_meta'
[0.486s] Level 1:colcon.colcon_core.package_identification:_identify(src/fsae_autonomous/control/fsae_control) by extensions ['ros']
[0.486s] Level 1:colcon.colcon_core.package_identification:_identify(src/fsae_autonomous/control/fsae_control) by extension 'ros'
[0.487s] DEBUG:colcon.colcon_core.package_identification:Package 'src/fsae_autonomous/control/fsae_control' with type 'ros.ament_python' and name 'fsae_control'
[0.488s] Level 1:colcon.colcon_core.package_identification:_identify(src/fsae_autonomous/docs) by extensions ['ignore', 'ignore_ament_install']
[0.488s] Level 1:colcon.colcon_core.package_identification:_identify(src/fsae_autonomous/docs) by extension 'ignore'
[0.488s] Level 1:colcon.colcon_core.package_identification:_identify(src/fsae_autonomous/docs) by extension 'ignore_ament_install'
[0.488s] Level 1:colcon.colcon_core.package_identification:_identify(src/fsae_autonomous/docs) by extensions ['colcon_pkg']
[0.488s] Level 1:colcon.colcon_core.package_identification:_identify(src/fsae_autonomous/docs) by extension 'colcon_pkg'
[0.488s] Level 1:colcon.colcon_core.package_identification:_identify(src/fsae_autonomous/docs) by extensions ['colcon_meta']
[0.489s] Level 1:colcon.colcon_core.package_identification:_identify(src/fsae_autonomous/docs) by extension 'colcon_meta'
[0.489s] Level 1:colcon.colcon_core.package_identification:_identify(src/fsae_autonomous/docs) by extensions ['ros']
[0.489s] Level 1:colcon.colcon_core.package_identification:_identify(src/fsae_autonomous/docs) by extension 'ros'
[0.489s] Level 1:colcon.colcon_core.package_identification:_identify(src/fsae_autonomous/docs) by extensions ['cmake', 'python']
[0.489s] Level 1:colcon.colcon_core.package_identification:_identify(src/fsae_autonomous/docs) by extension 'cmake'
[0.489s] Level 1:colcon.colcon_core.package_identification:_identify(src/fsae_autonomous/docs) by extension 'python'
[0.489s] Level 1:colcon.colcon_core.package_identification:_identify(src/fsae_autonomous/docs) by extensions ['python_setup_py']
[0.489s] Level 1:colcon.colcon_core.package_identification:_identify(src/fsae_autonomous/docs) by extension 'python_setup_py'
[0.490s] Level 1:colcon.colcon_core.package_identification:_identify(src/fsae_autonomous/perception) by extensions ['ignore', 'ignore_ament_install']
[0.490s] Level 1:colcon.colcon_core.package_identification:_identify(src/fsae_autonomous/perception) by extension 'ignore'
[0.490s] Level 1:colcon.colcon_core.package_identification:_identify(src/fsae_autonomous/perception) by extension 'ignore_ament_install'
[0.490s] Level 1:colcon.colcon_core.package_identification:_identify(src/fsae_autonomous/perception) by extensions ['colcon_pkg']
[0.491s] Level 1:colcon.colcon_core.package_identification:_identify(src/fsae_autonomous/perception) by extension 'colcon_pkg'
[0.491s] Level 1:colcon.colcon_core.package_identification:_identify(src/fsae_autonomous/perception) by extensions ['colcon_meta']
[0.491s] Level 1:colcon.colcon_core.package_identification:_identify(src/fsae_autonomous/perception) by extension 'colcon_meta'
[0.491s] Level 1:colcon.colcon_core.package_identification:_identify(src/fsae_autonomous/perception) by extensions ['ros']
[0.491s] Level 1:colcon.colcon_core.package_identification:_identify(src/fsae_autonomous/perception) by extension 'ros'
[0.492s] Level 1:colcon.colcon_core.package_identification:_identify(src/fsae_autonomous/perception) by extensions ['cmake', 'python']
[0.492s] Level 1:colcon.colcon_core.package_identification:_identify(src/fsae_autonomous/perception) by extension 'cmake'
[0.492s] Level 1:colcon.colcon_core.package_identification:_identify(src/fsae_autonomous/perception) by extension 'python'
[0.492s] Level 1:colcon.colcon_core.package_identification:_identify(src/fsae_autonomous/perception) by extensions ['python_setup_py']
[0.492s] Level 1:colcon.colcon_core.package_identification:_identify(src/fsae_autonomous/perception) by extension 'python_setup_py'
[0.493s] Level 1:colcon.colcon_core.package_identification:_identify(src/fsae_autonomous/perception/fsae_camera) by extensions ['ignore', 'ignore_ament_install']
[0.493s] Level 1:colcon.colcon_core.package_identification:_identify(src/fsae_autonomous/perception/fsae_camera) by extension 'ignore'
[0.493s] Level 1:colcon.colcon_core.package_identification:_identify(src/fsae_autonomous/perception/fsae_camera) by extension 'ignore_ament_install'
[0.493s] Level 1:colcon.colcon_core.package_identification:_identify(src/fsae_autonomous/perception/fsae_camera) by extensions ['colcon_pkg']
[0.493s] Level 1:colcon.colcon_core.package_identification:_identify(src/fsae_autonomous/perception/fsae_camera) by extension 'colcon_pkg'
[0.493s] Level 1:colcon.colcon_core.package_identification:_identify(src/fsae_autonomous/perception/fsae_camera) by extensions ['colcon_meta']
[0.493s] Level 1:colcon.colcon_core.package_identification:_identify(src/fsae_autonomous/perception/fsae_camera) by extension 'colcon_meta'
[0.494s] Level 1:colcon.colcon_core.package_identification:_identify(src/fsae_autonomous/perception/fsae_camera) by extensions ['ros']
[0.494s] Level 1:colcon.colcon_core.package_identification:_identify(src/fsae_autonomous/perception/fsae_camera) by extension 'ros'
[0.495s] DEBUG:colcon.colcon_core.package_identification:Package 'src/fsae_autonomous/perception/fsae_camera' with type 'ros.ament_cmake' and name 'fsae_camera'
[0.495s] Level 1:colcon.colcon_core.package_identification:_identify(src/fsae_autonomous/perception/fsae_lidar) by extensions ['ignore', 'ignore_ament_install']
[0.496s] Level 1:colcon.colcon_core.package_identification:_identify(src/fsae_autonomous/perception/fsae_lidar) by extension 'ignore'
[0.496s] Level 1:colcon.colcon_core.package_identification:_identify(src/fsae_autonomous/perception/fsae_lidar) by extension 'ignore_ament_install'
[0.496s] Level 1:colcon.colcon_core.package_identification:_identify(src/fsae_autonomous/perception/fsae_lidar) by extensions ['colcon_pkg']
[0.496s] Level 1:colcon.colcon_core.package_identification:_identify(src/fsae_autonomous/perception/fsae_lidar) by extension 'colcon_pkg'
[0.496s] Level 1:colcon.colcon_core.package_identification:_identify(src/fsae_autonomous/perception/fsae_lidar) by extensions ['colcon_meta']
[0.496s] Level 1:colcon.colcon_core.package_identification:_identify(src/fsae_autonomous/perception/fsae_lidar) by extension 'colcon_meta'
[0.496s] Level 1:colcon.colcon_core.package_identification:_identify(src/fsae_autonomous/perception/fsae_lidar) by extensions ['ros']
[0.497s] Level 1:colcon.colcon_core.package_identification:_identify(src/fsae_autonomous/perception/fsae_lidar) by extension 'ros'
[0.498s] DEBUG:colcon.colcon_core.package_identification:Package 'src/fsae_autonomous/perception/fsae_lidar' with type 'ros.ament_python' and name 'fsae_lidar'
[0.499s] Level 1:colcon.colcon_core.package_identification:_identify(src/fsae_autonomous/perception/fsae_slam) by extensions ['ignore', 'ignore_ament_install']
[0.499s] Level 1:colcon.colcon_core.package_identification:_identify(src/fsae_autonomous/perception/fsae_slam) by extension 'ignore'
[0.499s] Level 1:colcon.colcon_core.package_identification:_identify(src/fsae_autonomous/perception/fsae_slam) by extension 'ignore_ament_install'
[0.499s] Level 1:colcon.colcon_core.package_identification:_identify(src/fsae_autonomous/perception/fsae_slam) by extensions ['colcon_pkg']
[0.499s] Level 1:colcon.colcon_core.package_identification:_identify(src/fsae_autonomous/perception/fsae_slam) by extension 'colcon_pkg'
[0.499s] Level 1:colcon.colcon_core.package_identification:_identify(src/fsae_autonomous/perception/fsae_slam) by extensions ['colcon_meta']
[0.500s] Level 1:colcon.colcon_core.package_identification:_identify(src/fsae_autonomous/perception/fsae_slam) by extension 'colcon_meta'
[0.500s] Level 1:colcon.colcon_core.package_identification:_identify(src/fsae_autonomous/perception/fsae_slam) by extensions ['ros']
[0.500s] Level 1:colcon.colcon_core.package_identification:_identify(src/fsae_autonomous/perception/fsae_slam) by extension 'ros'
[0.501s] DEBUG:colcon.colcon_core.package_identification:Package 'src/fsae_autonomous/perception/fsae_slam' with type 'ros.ament_cmake' and name 'fsae_slam'
[0.501s] Level 1:colcon.colcon_core.package_identification:_identify(src/fsae_autonomous/planning) by extensions ['ignore', 'ignore_ament_install']
[0.501s] Level 1:colcon.colcon_core.package_identification:_identify(src/fsae_autonomous/planning) by extension 'ignore'
[0.501s] Level 1:colcon.colcon_core.package_identification:_identify(src/fsae_autonomous/planning) by extension 'ignore_ament_install'
[0.501s] Level 1:colcon.colcon_core.package_identification:_identify(src/fsae_autonomous/planning) by extensions ['colcon_pkg']
[0.502s] Level 1:colcon.colcon_core.package_identification:_identify(src/fsae_autonomous/planning) by extension 'colcon_pkg'
[0.502s] Level 1:colcon.colcon_core.package_identification:_identify(src/fsae_autonomous/planning) by extensions ['colcon_meta']
[0.502s] Level 1:colcon.colcon_core.package_identification:_identify(src/fsae_autonomous/planning) by extension 'colcon_meta'
[0.502s] Level 1:colcon.colcon_core.package_identification:_identify(src/fsae_autonomous/planning) by extensions ['ros']
[0.502s] Level 1:colcon.colcon_core.package_identification:_identify(src/fsae_autonomous/planning) by extension 'ros'
[0.502s] Level 1:colcon.colcon_core.package_identification:_identify(src/fsae_autonomous/planning) by extensions ['cmake', 'python']
[0.502s] Level 1:colcon.colcon_core.package_identification:_identify(src/fsae_autonomous/planning) by extension 'cmake'
[0.502s] Level 1:colcon.colcon_core.package_identification:_identify(src/fsae_autonomous/planning) by extension 'python'
[0.502s] Level 1:colcon.colcon_core.package_identification:_identify(src/fsae_autonomous/planning) by extensions ['python_setup_py']
[0.502s] Level 1:colcon.colcon_core.package_identification:_identify(src/fsae_autonomous/planning) by extension 'python_setup_py'
[0.503s] Level 1:colcon.colcon_core.package_identification:_identify(src/fsae_autonomous/planning/fsae_mission_control) by extensions ['ignore', 'ignore_ament_install']
[0.503s] Level 1:colcon.colcon_core.package_identification:_identify(src/fsae_autonomous/planning/fsae_mission_control) by extension 'ignore'
[0.503s] Level 1:colcon.colcon_core.package_identification:_identify(src/fsae_autonomous/planning/fsae_mission_control) by extension 'ignore_ament_install'
[0.503s] Level 1:colcon.colcon_core.package_identification:_identify(src/fsae_autonomous/planning/fsae_mission_control) by extensions ['colcon_pkg']
[0.503s] Level 1:colcon.colcon_core.package_identification:_identify(src/fsae_autonomous/planning/fsae_mission_control) by extension 'colcon_pkg'
[0.503s] Level 1:colcon.colcon_core.package_identification:_identify(src/fsae_autonomous/planning/fsae_mission_control) by extensions ['colcon_meta']
[0.503s] Level 1:colcon.colcon_core.package_identification:_identify(src/fsae_autonomous/planning/fsae_mission_control) by extension 'colcon_meta'
[0.504s] Level 1:colcon.colcon_core.package_identification:_identify(src/fsae_autonomous/planning/fsae_mission_control) by extensions ['ros']
[0.504s] Level 1:colcon.colcon_core.package_identification:_identify(src/fsae_autonomous/planning/fsae_mission_control) by extension 'ros'
[0.504s] DEBUG:colcon.colcon_core.package_identification:Package 'src/fsae_autonomous/planning/fsae_mission_control' with type 'ros.ament_python' and name 'fsae_mission_control'
[0.504s] Level 1:colcon.colcon_core.package_identification:_identify(src/fsae_autonomous/planning/fsae_planning) by extensions ['ignore', 'ignore_ament_install']
[0.505s] Level 1:colcon.colcon_core.package_identification:_identify(src/fsae_autonomous/planning/fsae_planning) by extension 'ignore'
[0.505s] Level 1:colcon.colcon_core.package_identification:_identify(src/fsae_autonomous/planning/fsae_planning) by extension 'ignore_ament_install'
[0.505s] Level 1:colcon.colcon_core.package_identification:_identify(src/fsae_autonomous/planning/fsae_planning) by extensions ['colcon_pkg']
[0.505s] Level 1:colcon.colcon_core.package_identification:_identify(src/fsae_autonomous/planning/fsae_planning) by extension 'colcon_pkg'
[0.505s] Level 1:colcon.colcon_core.package_identification:_identify(src/fsae_autonomous/planning/fsae_planning) by extensions ['colcon_meta']
[0.505s] Level 1:colcon.colcon_core.package_identification:_identify(src/fsae_autonomous/planning/fsae_planning) by extension 'colcon_meta'
[0.505s] Level 1:colcon.colcon_core.package_identification:_identify(src/fsae_autonomous/planning/fsae_planning) by extensions ['ros']
[0.505s] Level 1:colcon.colcon_core.package_identification:_identify(src/fsae_autonomous/planning/fsae_planning) by extension 'ros'
[0.506s] DEBUG:colcon.colcon_core.package_identification:Package 'src/fsae_autonomous/planning/fsae_planning' with type 'ros.ament_python' and name 'fsae_planning'
[0.506s] Level 1:colcon.colcon_core.package_identification:_identify(src/fsae_autonomous/visualization) by extensions ['ignore', 'ignore_ament_install']
[0.507s] Level 1:colcon.colcon_core.package_identification:_identify(src/fsae_autonomous/visualization) by extension 'ignore'
[0.507s] Level 1:colcon.colcon_core.package_identification:_identify(src/fsae_autonomous/visualization) by extension 'ignore_ament_install'
[0.507s] Level 1:colcon.colcon_core.package_identification:_identify(src/fsae_autonomous/visualization) by extensions ['colcon_pkg']
[0.507s] Level 1:colcon.colcon_core.package_identification:_identify(src/fsae_autonomous/visualization) by extension 'colcon_pkg'
[0.507s] Level 1:colcon.colcon_core.package_identification:_identify(src/fsae_autonomous/visualization) by extensions ['colcon_meta']
[0.507s] Level 1:colcon.colcon_core.package_identification:_identify(src/fsae_autonomous/visualization) by extension 'colcon_meta'
[0.507s] Level 1:colcon.colcon_core.package_identification:_identify(src/fsae_autonomous/visualization) by extensions ['ros']
[0.507s] Level 1:colcon.colcon_core.package_identification:_identify(src/fsae_autonomous/visualization) by extension 'ros'
[0.508s] Level 1:colcon.colcon_core.package_identification:_identify(src/fsae_autonomous/visualization) by extensions ['cmake', 'python']
[0.508s] Level 1:colcon.colcon_core.package_identification:_identify(src/fsae_autonomous/visualization) by extension 'cmake'
[0.508s] Level 1:colcon.colcon_core.package_identification:_identify(src/fsae_autonomous/visualization) by extension 'python'
[0.508s] Level 1:colcon.colcon_core.package_identification:_identify(src/fsae_autonomous/visualization) by extensions ['python_setup_py']
[0.508s] Level 1:colcon.colcon_core.package_identification:_identify(src/fsae_autonomous/visualization) by extension 'python_setup_py'
[0.508s] Level 1:colcon.colcon_core.package_identification:_identify(src/fsae_autonomous/visualization/fsae_visualization) by extensions ['ignore', 'ignore_ament_install']
[0.508s] Level 1:colcon.colcon_core.package_identification:_identify(src/fsae_autonomous/visualization/fsae_visualization) by extension 'ignore'
[0.508s] Level 1:colcon.colcon_core.package_identification:_identify(src/fsae_autonomous/visualization/fsae_visualization) by extension 'ignore_ament_install'
[0.508s] Level 1:colcon.colcon_core.package_identification:_identify(src/fsae_autonomous/visualization/fsae_visualization) by extensions ['colcon_pkg']
[0.509s] Level 1:colcon.colcon_core.package_identification:_identify(src/fsae_autonomous/visualization/fsae_visualization) by extension 'colcon_pkg'
[0.509s] Level 1:colcon.colcon_core.package_identification:_identify(src/fsae_autonomous/visualization/fsae_visualization) by extensions ['colcon_meta']
[0.509s] Level 1:colcon.colcon_core.package_identification:_identify(src/fsae_autonomous/visualization/fsae_visualization) by extension 'colcon_meta'
[0.509s] Level 1:colcon.colcon_core.package_identification:_identify(src/fsae_autonomous/visualization/fsae_visualization) by extensions ['ros']
[0.509s] Level 1:colcon.colcon_core.package_identification:_identify(src/fsae_autonomous/visualization/fsae_visualization) by extension 'ros'
[0.510s] DEBUG:colcon.colcon_core.package_identification:Package 'src/fsae_autonomous/visualization/fsae_visualization' with type 'ros.ament_python' and name 'fsae_visualization'
[0.510s] Level 1:colcon.colcon_core.package_discovery:discover_packages(recursive) using defaults
[0.510s] Level 1:colcon.colcon_core.package_discovery:discover_packages(ignore) discover
[0.510s] Level 1:colcon.colcon_core.package_discovery:discover_packages(ignore) using defaults
[0.510s] Level 1:colcon.colcon_core.package_discovery:discover_packages(path) discover
[0.510s] Level 1:colcon.colcon_core.package_discovery:discover_packages(path) using defaults
[0.538s] Level 1:colcon.colcon_core.package_discovery:discover_packages(prefix_path) check parameters
[0.538s] Level 1:colcon.colcon_core.package_discovery:discover_packages(prefix_path) discover
[0.542s] DEBUG:colcon.colcon_installed_package_information.package_discovery:Found 351 installed packages in /opt/ros/jazzy
[0.544s] Level 1:colcon.colcon_core.package_discovery:discover_packages(prefix_path) using defaults
[0.610s] Level 5:colcon.colcon_core.verb:set package 'fsae_description' build argument 'cmake_args' from command line to 'None'
[0.610s] Level 5:colcon.colcon_core.verb:set package 'fsae_description' build argument 'cmake_target' from command line to 'None'
[0.611s] Level 5:colcon.colcon_core.verb:set package 'fsae_description' build argument 'cmake_target_skip_unavailable' from command line to 'False'
[0.611s] Level 5:colcon.colcon_core.verb:set package 'fsae_description' build argument 'cmake_clean_cache' from command line to 'False'
[0.611s] Level 5:colcon.colcon_core.verb:set package 'fsae_description' build argument 'cmake_clean_first' from command line to 'False'
[0.611s] Level 5:colcon.colcon_core.verb:set package 'fsae_description' build argument 'cmake_force_configure' from command line to 'False'
[0.611s] Level 5:colcon.colcon_core.verb:set package 'fsae_description' build argument 'ament_cmake_args' from command line to 'None'
[0.611s] Level 5:colcon.colcon_core.verb:set package 'fsae_description' build argument 'catkin_cmake_args' from command line to 'None'
[0.611s] Level 5:colcon.colcon_core.verb:set package 'fsae_description' build argument 'catkin_skip_building_tests' from command line to 'False'
[0.611s] DEBUG:colcon.colcon_core.verb:Building package 'fsae_description' with the following arguments: {'ament_cmake_args': None, 'build_base': '/home/martin/autonomous_new/build/fsae_description', 'catkin_cmake_args': None, 'catkin_skip_building_tests': False, 'cmake_args': None, 'cmake_clean_cache': False, 'cmake_clean_first': False, 'cmake_force_configure': False, 'cmake_target': None, 'cmake_target_skip_unavailable': False, 'install_base': '/home/martin/autonomous_new/install/fsae_description', 'merge_install': False, 'path': '/home/martin/autonomous_new/src/fsae_autonomous/common/fsae_description', 'symlink_install': True, 'test_result_base': None}
[0.611s] Level 5:colcon.colcon_core.verb:set package 'fsae_interfaces' build argument 'cmake_args' from command line to 'None'
[0.611s] Level 5:colcon.colcon_core.verb:set package 'fsae_interfaces' build argument 'cmake_target' from command line to 'None'
[0.611s] Level 5:colcon.colcon_core.verb:set package 'fsae_interfaces' build argument 'cmake_target_skip_unavailable' from command line to 'False'
[0.611s] Level 5:colcon.colcon_core.verb:set package 'fsae_interfaces' build argument 'cmake_clean_cache' from command line to 'False'
[0.611s] Level 5:colcon.colcon_core.verb:set package 'fsae_interfaces' build argument 'cmake_clean_first' from command line to 'False'
[0.611s] Level 5:colcon.colcon_core.verb:set package 'fsae_interfaces' build argument 'cmake_force_configure' from command line to 'False'
[0.611s] Level 5:colcon.colcon_core.verb:set package 'fsae_interfaces' build argument 'ament_cmake_args' from command line to 'None'
[0.612s] Level 5:colcon.colcon_core.verb:set package 'fsae_interfaces' build argument 'catkin_cmake_args' from command line to 'None'
[0.612s] Level 5:colcon.colcon_core.verb:set package 'fsae_interfaces' build argument 'catkin_skip_building_tests' from command line to 'False'
[0.612s] DEBUG:colcon.colcon_core.verb:Building package 'fsae_interfaces' with the following arguments: {'ament_cmake_args': None, 'build_base': '/home/martin/autonomous_new/build/fsae_interfaces', 'catkin_cmake_args': None, 'catkin_skip_building_tests': False, 'cmake_args': None, 'cmake_clean_cache': False, 'cmake_clean_first': False, 'cmake_force_configure': False, 'cmake_target': None, 'cmake_target_skip_unavailable': False, 'install_base': '/home/martin/autonomous_new/install/fsae_interfaces', 'merge_install': False, 'path': '/home/martin/autonomous_new/src/fsae_autonomous/common/fsae_interfaces', 'symlink_install': True, 'test_result_base': None}
[0.612s] Level 5:colcon.colcon_core.verb:set package 'fsae_camera' build argument 'cmake_args' from command line to 'None'
[0.612s] Level 5:colcon.colcon_core.verb:set package 'fsae_camera' build argument 'cmake_target' from command line to 'None'
[0.612s] Level 5:colcon.colcon_core.verb:set package 'fsae_camera' build argument 'cmake_target_skip_unavailable' from command line to 'False'
[0.612s] Level 5:colcon.colcon_core.verb:set package 'fsae_camera' build argument 'cmake_clean_cache' from command line to 'False'
[0.612s] Level 5:colcon.colcon_core.verb:set package 'fsae_camera' build argument 'cmake_clean_first' from command line to 'False'
[0.612s] Level 5:colcon.colcon_core.verb:set package 'fsae_camera' build argument 'cmake_force_configure' from command line to 'False'
[0.612s] Level 5:colcon.colcon_core.verb:set package 'fsae_camera' build argument 'ament_cmake_args' from command line to 'None'
[0.612s] Level 5:colcon.colcon_core.verb:set package 'fsae_camera' build argument 'catkin_cmake_args' from command line to 'None'
[0.612s] Level 5:colcon.colcon_core.verb:set package 'fsae_camera' build argument 'catkin_skip_building_tests' from command line to 'False'
[0.612s] DEBUG:colcon.colcon_core.verb:Building package 'fsae_camera' with the following arguments: {'ament_cmake_args': None, 'build_base': '/home/martin/autonomous_new/build/fsae_camera', 'catkin_cmake_args': None, 'catkin_skip_building_tests': False, 'cmake_args': None, 'cmake_clean_cache': False, 'cmake_clean_first': False, 'cmake_force_configure': False, 'cmake_target': None, 'cmake_target_skip_unavailable': False, 'install_base': '/home/martin/autonomous_new/install/fsae_camera', 'merge_install': False, 'path': '/home/martin/autonomous_new/src/fsae_autonomous/perception/fsae_camera', 'symlink_install': True, 'test_result_base': None}
[0.612s] Level 5:colcon.colcon_core.verb:set package 'fsae_can_bridge' build argument 'cmake_args' from command line to 'None'
[0.613s] Level 5:colcon.colcon_core.verb:set package 'fsae_can_bridge' build argument 'cmake_target' from command line to 'None'
[0.613s] Level 5:colcon.colcon_core.verb:set package 'fsae_can_bridge' build argument 'cmake_target_skip_unavailable' from command line to 'False'
[0.613s] Level 5:colcon.colcon_core.verb:set package 'fsae_can_bridge' build argument 'cmake_clean_cache' from command line to 'False'
[0.613s] Level 5:colcon.colcon_core.verb:set package 'fsae_can_bridge' build argument 'cmake_clean_first' from command line to 'False'
[0.613s] Level 5:colcon.colcon_core.verb:set package 'fsae_can_bridge' build argument 'cmake_force_configure' from command line to 'False'
[0.613s] Level 5:colcon.colcon_core.verb:set package 'fsae_can_bridge' build argument 'ament_cmake_args' from command line to 'None'
[0.613s] Level 5:colcon.colcon_core.verb:set package 'fsae_can_bridge' build argument 'catkin_cmake_args' from command line to 'None'
[0.613s] Level 5:colcon.colcon_core.verb:set package 'fsae_can_bridge' build argument 'catkin_skip_building_tests' from command line to 'False'
[0.613s] DEBUG:colcon.colcon_core.verb:Building package 'fsae_can_bridge' with the following arguments: {'ament_cmake_args': None, 'build_base': '/home/martin/autonomous_new/build/fsae_can_bridge', 'catkin_cmake_args': None, 'catkin_skip_building_tests': False, 'cmake_args': None, 'cmake_clean_cache': False, 'cmake_clean_first': False, 'cmake_force_configure': False, 'cmake_target': None, 'cmake_target_skip_unavailable': False, 'install_base': '/home/martin/autonomous_new/install/fsae_can_bridge', 'merge_install': False, 'path': '/home/martin/autonomous_new/src/fsae_autonomous/control/fsae_can_bridge', 'symlink_install': True, 'test_result_base': None}
[0.613s] Level 5:colcon.colcon_core.verb:set package 'fsae_control' build argument 'cmake_args' from command line to 'None'
[0.613s] Level 5:colcon.colcon_core.verb:set package 'fsae_control' build argument 'cmake_target' from command line to 'None'
[0.613s] Level 5:colcon.colcon_core.verb:set package 'fsae_control' build argument 'cmake_target_skip_unavailable' from command line to 'False'
[0.613s] Level 5:colcon.colcon_core.verb:set package 'fsae_control' build argument 'cmake_clean_cache' from command line to 'False'
[0.613s] Level 5:colcon.colcon_core.verb:set package 'fsae_control' build argument 'cmake_clean_first' from command line to 'False'
[0.613s] Level 5:colcon.colcon_core.verb:set package 'fsae_control' build argument 'cmake_force_configure' from command line to 'False'
[0.613s] Level 5:colcon.colcon_core.verb:set package 'fsae_control' build argument 'ament_cmake_args' from command line to 'None'
[0.613s] Level 5:colcon.colcon_core.verb:set package 'fsae_control' build argument 'catkin_cmake_args' from command line to 'None'
[0.613s] Level 5:colcon.colcon_core.verb:set package 'fsae_control' build argument 'catkin_skip_building_tests' from command line to 'False'
[0.613s] DEBUG:colcon.colcon_core.verb:Building package 'fsae_control' with the following arguments: {'ament_cmake_args': None, 'build_base': '/home/martin/autonomous_new/build/fsae_control', 'catkin_cmake_args': None, 'catkin_skip_building_tests': False, 'cmake_args': None, 'cmake_clean_cache': False, 'cmake_clean_first': False, 'cmake_force_configure': False, 'cmake_target': None, 'cmake_target_skip_unavailable': False, 'install_base': '/home/martin/autonomous_new/install/fsae_control', 'merge_install': False, 'path': '/home/martin/autonomous_new/src/fsae_autonomous/control/fsae_control', 'symlink_install': True, 'test_result_base': None}
[0.614s] Level 5:colcon.colcon_core.verb:set package 'fsae_lidar' build argument 'cmake_args' from command line to 'None'
[0.614s] Level 5:colcon.colcon_core.verb:set package 'fsae_lidar' build argument 'cmake_target' from command line to 'None'
[0.614s] Level 5:colcon.colcon_core.verb:set package 'fsae_lidar' build argument 'cmake_target_skip_unavailable' from command line to 'False'
[0.614s] Level 5:colcon.colcon_core.verb:set package 'fsae_lidar' build argument 'cmake_clean_cache' from command line to 'False'
[0.614s] Level 5:colcon.colcon_core.verb:set package 'fsae_lidar' build argument 'cmake_clean_first' from command line to 'False'
[0.614s] Level 5:colcon.colcon_core.verb:set package 'fsae_lidar' build argument 'cmake_force_configure' from command line to 'False'
[0.614s] Level 5:colcon.colcon_core.verb:set package 'fsae_lidar' build argument 'ament_cmake_args' from command line to 'None'
[0.614s] Level 5:colcon.colcon_core.verb:set package 'fsae_lidar' build argument 'catkin_cmake_args' from command line to 'None'
[0.614s] Level 5:colcon.colcon_core.verb:set package 'fsae_lidar' build argument 'catkin_skip_building_tests' from command line to 'False'
[0.614s] DEBUG:colcon.colcon_core.verb:Building package 'fsae_lidar' with the following arguments: {'ament_cmake_args': None, 'build_base': '/home/martin/autonomous_new/build/fsae_lidar', 'catkin_cmake_args': None, 'catkin_skip_building_tests': False, 'cmake_args': None, 'cmake_clean_cache': False, 'cmake_clean_first': False, 'cmake_force_configure': False, 'cmake_target': None, 'cmake_target_skip_unavailable': False, 'install_base': '/home/martin/autonomous_new/install/fsae_lidar', 'merge_install': False, 'path': '/home/martin/autonomous_new/src/fsae_autonomous/perception/fsae_lidar', 'symlink_install': True, 'test_result_base': None}
[0.614s] Level 5:colcon.colcon_core.verb:set package 'fsae_mission_control' build argument 'cmake_args' from command line to 'None'
[0.614s] Level 5:colcon.colcon_core.verb:set package 'fsae_mission_control' build argument 'cmake_target' from command line to 'None'
[0.614s] Level 5:colcon.colcon_core.verb:set package 'fsae_mission_control' build argument 'cmake_target_skip_unavailable' from command line to 'False'
[0.614s] Level 5:colcon.colcon_core.verb:set package 'fsae_mission_control' build argument 'cmake_clean_cache' from command line to 'False'
[0.614s] Level 5:colcon.colcon_core.verb:set package 'fsae_mission_control' build argument 'cmake_clean_first' from command line to 'False'
[0.614s] Level 5:colcon.colcon_core.verb:set package 'fsae_mission_control' build argument 'cmake_force_configure' from command line to 'False'
[0.614s] Level 5:colcon.colcon_core.verb:set package 'fsae_mission_control' build argument 'ament_cmake_args' from command line to 'None'
[0.614s] Level 5:colcon.colcon_core.verb:set package 'fsae_mission_control' build argument 'catkin_cmake_args' from command line to 'None'
[0.614s] Level 5:colcon.colcon_core.verb:set package 'fsae_mission_control' build argument 'catkin_skip_building_tests' from command line to 'False'
[0.615s] DEBUG:colcon.colcon_core.verb:Building package 'fsae_mission_control' with the following arguments: {'ament_cmake_args': None, 'build_base': '/home/martin/autonomous_new/build/fsae_mission_control', 'catkin_cmake_args': None, 'catkin_skip_building_tests': False, 'cmake_args': None, 'cmake_clean_cache': False, 'cmake_clean_first': False, 'cmake_force_configure': False, 'cmake_target': None, 'cmake_target_skip_unavailable': False, 'install_base': '/home/martin/autonomous_new/install/fsae_mission_control', 'merge_install': False, 'path': '/home/martin/autonomous_new/src/fsae_autonomous/planning/fsae_mission_control', 'symlink_install': True, 'test_result_base': None}
[0.615s] Level 5:colcon.colcon_core.verb:set package 'fsae_planning' build argument 'cmake_args' from command line to 'None'
[0.615s] Level 5:colcon.colcon_core.verb:set package 'fsae_planning' build argument 'cmake_target' from command line to 'None'
[0.615s] Level 5:colcon.colcon_core.verb:set package 'fsae_planning' build argument 'cmake_target_skip_unavailable' from command line to 'False'
[0.615s] Level 5:colcon.colcon_core.verb:set package 'fsae_planning' build argument 'cmake_clean_cache' from command line to 'False'
[0.615s] Level 5:colcon.colcon_core.verb:set package 'fsae_planning' build argument 'cmake_clean_first' from command line to 'False'
[0.615s] Level 5:colcon.colcon_core.verb:set package 'fsae_planning' build argument 'cmake_force_configure' from command line to 'False'
[0.615s] Level 5:colcon.colcon_core.verb:set package 'fsae_planning' build argument 'ament_cmake_args' from command line to 'None'
[0.615s] Level 5:colcon.colcon_core.verb:set package 'fsae_planning' build argument 'catkin_cmake_args' from command line to 'None'
[0.615s] Level 5:colcon.colcon_core.verb:set package 'fsae_planning' build argument 'catkin_skip_building_tests' from command line to 'False'
[0.615s] DEBUG:colcon.colcon_core.verb:Building package 'fsae_planning' with the following arguments: {'ament_cmake_args': None, 'build_base': '/home/martin/autonomous_new/build/fsae_planning', 'catkin_cmake_args': None, 'catkin_skip_building_tests': False, 'cmake_args': None, 'cmake_clean_cache': False, 'cmake_clean_first': False, 'cmake_force_configure': False, 'cmake_target': None, 'cmake_target_skip_unavailable': False, 'install_base': '/home/martin/autonomous_new/install/fsae_planning', 'merge_install': False, 'path': '/home/martin/autonomous_new/src/fsae_autonomous/planning/fsae_planning', 'symlink_install': True, 'test_result_base': None}
[0.615s] Level 5:colcon.colcon_core.verb:set package 'fsae_slam' build argument 'cmake_args' from command line to 'None'
[0.615s] Level 5:colcon.colcon_core.verb:set package 'fsae_slam' build argument 'cmake_target' from command line to 'None'
[0.616s] Level 5:colcon.colcon_core.verb:set package 'fsae_slam' build argument 'cmake_target_skip_unavailable' from command line to 'False'
[0.616s] Level 5:colcon.colcon_core.verb:set package 'fsae_slam' build argument 'cmake_clean_cache' from command line to 'False'
[0.616s] Level 5:colcon.colcon_core.verb:set package 'fsae_slam' build argument 'cmake_clean_first' from command line to 'False'
[0.616s] Level 5:colcon.colcon_core.verb:set package 'fsae_slam' build argument 'cmake_force_configure' from command line to 'False'
[0.616s] Level 5:colcon.colcon_core.verb:set package 'fsae_slam' build argument 'ament_cmake_args' from command line to 'None'
[0.616s] Level 5:colcon.colcon_core.verb:set package 'fsae_slam' build argument 'catkin_cmake_args' from command line to 'None'
[0.616s] Level 5:colcon.colcon_core.verb:set package 'fsae_slam' build argument 'catkin_skip_building_tests' from command line to 'False'
[0.616s] DEBUG:colcon.colcon_core.verb:Building package 'fsae_slam' with the following arguments: {'ament_cmake_args': None, 'build_base': '/home/martin/autonomous_new/build/fsae_slam', 'catkin_cmake_args': None, 'catkin_skip_building_tests': False, 'cmake_args': None, 'cmake_clean_cache': False, 'cmake_clean_first': False, 'cmake_force_configure': False, 'cmake_target': None, 'cmake_target_skip_unavailable': False, 'install_base': '/home/martin/autonomous_new/install/fsae_slam', 'merge_install': False, 'path': '/home/martin/autonomous_new/src/fsae_autonomous/perception/fsae_slam', 'symlink_install': True, 'test_result_base': None}
[0.616s] Level 5:colcon.colcon_core.verb:set package 'fsae_visualization' build argument 'cmake_args' from command line to 'None'
[0.616s] Level 5:colcon.colcon_core.verb:set package 'fsae_visualization' build argument 'cmake_target' from command line to 'None'
[0.616s] Level 5:colcon.colcon_core.verb:set package 'fsae_visualization' build argument 'cmake_target_skip_unavailable' from command line to 'False'
[0.616s] Level 5:colcon.colcon_core.verb:set package 'fsae_visualization' build argument 'cmake_clean_cache' from command line to 'False'
[0.616s] Level 5:colcon.colcon_core.verb:set package 'fsae_visualization' build argument 'cmake_clean_first' from command line to 'False'
[0.616s] Level 5:colcon.colcon_core.verb:set package 'fsae_visualization' build argument 'cmake_force_configure' from command line to 'False'
[0.616s] Level 5:colcon.colcon_core.verb:set package 'fsae_visualization' build argument 'ament_cmake_args' from command line to 'None'
[0.616s] Level 5:colcon.colcon_core.verb:set package 'fsae_visualization' build argument 'catkin_cmake_args' from command line to 'None'
[0.616s] Level 5:colcon.colcon_core.verb:set package 'fsae_visualization' build argument 'catkin_skip_building_tests' from command line to 'False'
[0.616s] DEBUG:colcon.colcon_core.verb:Building package 'fsae_visualization' with the following arguments: {'ament_cmake_args': None, 'build_base': '/home/martin/autonomous_new/build/fsae_visualization', 'catkin_cmake_args': None, 'catkin_skip_building_tests': False, 'cmake_args': None, 'cmake_clean_cache': False, 'cmake_clean_first': False, 'cmake_force_configure': False, 'cmake_target': None, 'cmake_target_skip_unavailable': False, 'install_base': '/home/martin/autonomous_new/install/fsae_visualization', 'merge_install': False, 'path': '/home/martin/autonomous_new/src/fsae_autonomous/visualization/fsae_visualization', 'symlink_install': True, 'test_result_base': None}
[0.617s] Level 5:colcon.colcon_core.verb:set package 'fsae_bringup' build argument 'cmake_args' from command line to 'None'
[0.617s] Level 5:colcon.colcon_core.verb:set package 'fsae_bringup' build argument 'cmake_target' from command line to 'None'
[0.617s] Level 5:colcon.colcon_core.verb:set package 'fsae_bringup' build argument 'cmake_target_skip_unavailable' from command line to 'False'
[0.617s] Level 5:colcon.colcon_core.verb:set package 'fsae_bringup' build argument 'cmake_clean_cache' from command line to 'False'
[0.617s] Level 5:colcon.colcon_core.verb:set package 'fsae_bringup' build argument 'cmake_clean_first' from command line to 'False'
[0.617s] Level 5:colcon.colcon_core.verb:set package 'fsae_bringup' build argument 'cmake_force_configure' from command line to 'False'
[0.617s] Level 5:colcon.colcon_core.verb:set package 'fsae_bringup' build argument 'ament_cmake_args' from command line to 'None'
[0.617s] Level 5:colcon.colcon_core.verb:set package 'fsae_bringup' build argument 'catkin_cmake_args' from command line to 'None'
[0.617s] Level 5:colcon.colcon_core.verb:set package 'fsae_bringup' build argument 'catkin_skip_building_tests' from command line to 'False'
[0.617s] DEBUG:colcon.colcon_core.verb:Building package 'fsae_bringup' with the following arguments: {'ament_cmake_args': None, 'build_base': '/home/martin/autonomous_new/build/fsae_bringup', 'catkin_cmake_args': None, 'catkin_skip_building_tests': False, 'cmake_args': None, 'cmake_clean_cache': False, 'cmake_clean_first': False, 'cmake_force_configure': False, 'cmake_target': None, 'cmake_target_skip_unavailable': False, 'install_base': '/home/martin/autonomous_new/install/fsae_bringup', 'merge_install': False, 'path': '/home/martin/autonomous_new/src/fsae_autonomous/common/fsae_bringup', 'symlink_install': True, 'test_result_base': None}
[0.617s] INFO:colcon.colcon_core.executor:Executing jobs using 'parallel' executor
[0.618s] DEBUG:colcon.colcon_parallel_executor.executor.parallel:run_until_complete
[0.618s] INFO:colcon.colcon_ros.task.ament_cmake.build:Building ROS package in '/home/martin/autonomous_new/src/fsae_autonomous/common/fsae_interfaces' with build type 'ament_cmake'
[0.619s] INFO:colcon.colcon_cmake.task.cmake.build:Building CMake package in '/home/martin/autonomous_new/src/fsae_autonomous/common/fsae_interfaces'
[0.623s] INFO:colcon.colcon_core.plugin_system:Skipping extension 'colcon_core.shell.bat': Not used on non-Windows systems
[0.623s] INFO:colcon.colcon_core.shell:Skip shell extension 'powershell' for command environment: Not usable outside of PowerShell
[0.624s] DEBUG:colcon.colcon_core.shell:Skip shell extension 'dsv' for command environment
[0.628s] INFO:colcon.colcon_ros.task.ament_python.build:Building ROS package in '/home/martin/autonomous_new/src/fsae_autonomous/common/fsae_description' with build type 'ament_python'
[0.629s] Level 1:colcon.colcon_core.shell:create_environment_hook('fsae_description', 'ament_prefix_path')
[0.629s] INFO:colcon.colcon_core.shell:Creating environment hook '/home/martin/autonomous_new/install/fsae_description/share/fsae_description/hook/ament_prefix_path.ps1'
[0.630s] INFO:colcon.colcon_core.shell:Creating environment descriptor '/home/martin/autonomous_new/install/fsae_description/share/fsae_description/hook/ament_prefix_path.dsv'
[0.631s] INFO:colcon.colcon_core.shell:Creating environment hook '/home/martin/autonomous_new/install/fsae_description/share/fsae_description/hook/ament_prefix_path.sh'
[0.633s] INFO:colcon.colcon_core.shell:Skip shell extension 'powershell' for command environment: Not usable outside of PowerShell
[0.633s] DEBUG:colcon.colcon_core.shell:Skip shell extension 'dsv' for command environment
[0.644s] DEBUG:colcon.colcon_core.event_handler.log_command:Invoking command in '/home/martin/autonomous_new/build/fsae_interfaces': CMAKE_PREFIX_PATH=${CMAKE_PREFIX_PATH}:/opt/ros/jazzy /usr/bin/cmake /home/martin/autonomous_new/src/fsae_autonomous/common/fsae_interfaces -DAMENT_CMAKE_SYMLINK_INSTALL=1 -DCMAKE_INSTALL_PREFIX=/home/martin/autonomous_new/install/fsae_interfaces
[1.024s] INFO:colcon.colcon_core.task.python.build:Building Python package in '/home/martin/autonomous_new/src/fsae_autonomous/common/fsae_description'
[1.024s] INFO:colcon.colcon_core.shell:Skip shell extension 'powershell' for command environment: Not usable outside of PowerShell
[1.024s] DEBUG:colcon.colcon_core.shell:Skip shell extension 'dsv' for command environment
[1.999s] DEBUG:colcon.colcon_core.task.python.build:While undoing a previous installation files outside the Python library path are being ignored: /home/martin/autonomous_new/install/fsae_description/share/ament_index/resource_index/packages/fsae_description
[1.999s] DEBUG:colcon.colcon_core.task.python.build:While undoing a previous installation files outside the Python library path are being ignored: /home/martin/autonomous_new/install/fsae_description/share/fsae_description/package.xml
[1.999s] DEBUG:colcon.colcon_core.task.python.build:While undoing a previous installation files outside the Python library path are being ignored: /home/martin/autonomous_new/install/fsae_description/share/fsae_description/launch/urdf_model.launch.py
[1.999s] DEBUG:colcon.colcon_core.task.python.build:While undoing a previous installation files outside the Python library path are being ignored: /home/martin/autonomous_new/install/fsae_description/share/fsae_description/urdf/urdf.rviz
[1.999s] DEBUG:colcon.colcon_core.task.python.build:While undoing a previous installation files outside the Python library path are being ignored: /home/martin/autonomous_new/install/fsae_description/share/fsae_description/urdf/trolly.urdf.xml
[1.999s] DEBUG:colcon.colcon_core.task.python.build:While undoing a previous installation files outside the Python library path are being ignored: /home/martin/autonomous_new/install/fsae_description/share/fsae_description/urdf/gocartv1.urdf.xml
[1.999s] DEBUG:colcon.colcon_core.task.python.build:While undoing a previous installation files outside the Python library path are being ignored: /home/martin/autonomous_new/install/fsae_description/share/fsae_description/meshes/go_cart_camera.stl
[1.999s] DEBUG:colcon.colcon_core.task.python.build:While undoing a previous installation files outside the Python library path are being ignored: /home/martin/autonomous_new/install/fsae_description/share/fsae_description/meshes/go_cart_base.stl
[1.999s] DEBUG:colcon.colcon_core.task.python.build:While undoing a previous installation files outside the Python library path are being ignored: /home/martin/autonomous_new/install/fsae_description/share/fsae_description/meshes/trolly_base.stl
[1.999s] DEBUG:colcon.colcon_core.task.python.build:While undoing a previous installation files outside the Python library path are being ignored: /home/martin/autonomous_new/install/fsae_description/share/fsae_description/meshes/trolly_camera.stl
[1.999s] DEBUG:colcon.colcon_core.task.python.build:While undoing a previous installation files outside the Python library path are being ignored: /home/martin/autonomous_new/install/fsae_description/share/fsae_description/meshes/go_cart_lidar.stl
[2.000s] DEBUG:colcon.colcon_core.task.python.build:While undoing a previous installation files outside the Python library path are being ignored: /home/martin/autonomous_new/install/fsae_description/lib/fsae_description/state_publisher
[2.013s] DEBUG:colcon.colcon_core.event_handler.log_command:Invoking command in '/home/martin/autonomous_new/build/fsae_description': PYTHONPATH=/home/martin/autonomous_new/build/fsae_description/prefix_override:/usr/lib/python3/dist-packages/colcon_core/task/python/colcon_distutils_commands:/home/martin/autonomous_new/install/fsae_description/lib/python3.12/site-packages:${PYTHONPATH} /usr/bin/python3 -W ignore:setup.py install is deprecated -W ignore:easy_install command is deprecated setup.py develop --editable --build-directory /home/martin/autonomous_new/build/fsae_description/build --no-deps symlink_data --force
[2.898s] Level 1:colcon.colcon_core.shell:create_environment_hook('fsae_description', 'pythonpath_develop')
[2.898s] INFO:colcon.colcon_core.shell:Creating environment hook '/home/martin/autonomous_new/build/fsae_description/share/fsae_description/hook/pythonpath_develop.ps1'
[2.899s] DEBUG:colcon.colcon_core.event_handler.log_command:Invoked command in '/home/martin/autonomous_new/build/fsae_description' returned '0': PYTHONPATH=/home/martin/autonomous_new/build/fsae_description/prefix_override:/usr/lib/python3/dist-packages/colcon_core/task/python/colcon_distutils_commands:/home/martin/autonomous_new/install/fsae_description/lib/python3.12/site-packages:${PYTHONPATH} /usr/bin/python3 -W ignore:setup.py install is deprecated -W ignore:easy_install command is deprecated setup.py develop --editable --build-directory /home/martin/autonomous_new/build/fsae_description/build --no-deps symlink_data --force
[2.901s] INFO:colcon.colcon_core.shell:Creating environment descriptor '/home/martin/autonomous_new/build/fsae_description/share/fsae_description/hook/pythonpath_develop.dsv'
[2.901s] INFO:colcon.colcon_core.shell:Creating environment hook '/home/martin/autonomous_new/build/fsae_description/share/fsae_description/hook/pythonpath_develop.sh'
[2.905s] Level 1:colcon.colcon_core.environment:checking '/home/martin/autonomous_new/install/fsae_description' for CMake module files
[2.905s] Level 1:colcon.colcon_core.environment:checking '/home/martin/autonomous_new/install/fsae_description' for CMake config files
[2.906s] Level 1:colcon.colcon_core.environment:checking '/home/martin/autonomous_new/install/fsae_description/lib'
[2.906s] Level 1:colcon.colcon_core.environment:checking '/home/martin/autonomous_new/install/fsae_description/bin'
[2.906s] Level 1:colcon.colcon_core.environment:checking '/home/martin/autonomous_new/install/fsae_description/lib/pkgconfig/fsae_description.pc'
[2.907s] Level 1:colcon.colcon_core.environment:checking '/home/martin/autonomous_new/install/fsae_description/lib/python3.12/site-packages'
[2.907s] Level 1:colcon.colcon_core.shell:create_environment_hook('fsae_description', 'pythonpath')
[2.907s] INFO:colcon.colcon_core.shell:Creating environment hook '/home/martin/autonomous_new/install/fsae_description/share/fsae_description/hook/pythonpath.ps1'
[2.908s] INFO:colcon.colcon_core.shell:Creating environment descriptor '/home/martin/autonomous_new/install/fsae_description/share/fsae_description/hook/pythonpath.dsv'
[2.908s] INFO:colcon.colcon_core.shell:Creating environment hook '/home/martin/autonomous_new/install/fsae_description/share/fsae_description/hook/pythonpath.sh'
[2.909s] Level 1:colcon.colcon_core.environment:checking '/home/martin/autonomous_new/install/fsae_description/bin'
[2.909s] Level 1:colcon.colcon_core.environment:create_environment_scripts_only(fsae_description)
[2.909s] INFO:colcon.colcon_core.shell:Creating package script '/home/martin/autonomous_new/install/fsae_description/share/fsae_description/package.ps1'
[2.910s] INFO:colcon.colcon_core.shell:Creating package descriptor '/home/martin/autonomous_new/install/fsae_description/share/fsae_description/package.dsv'
[2.911s] INFO:colcon.colcon_core.shell:Creating package script '/home/martin/autonomous_new/install/fsae_description/share/fsae_description/package.sh'
[2.912s] INFO:colcon.colcon_core.shell:Creating package script '/home/martin/autonomous_new/install/fsae_description/share/fsae_description/package.bash'
[2.913s] INFO:colcon.colcon_core.shell:Creating package script '/home/martin/autonomous_new/install/fsae_description/share/fsae_description/package.zsh'
[2.914s] Level 1:colcon.colcon_core.environment:create_file_with_runtime_dependencies(/home/martin/autonomous_new/install/fsae_description/share/colcon-core/packages/fsae_description)
[3.042s] DEBUG:colcon.colcon_core.event_handler.log_command:Invoked command in '/home/martin/autonomous_new/build/fsae_interfaces' returned '0': CMAKE_PREFIX_PATH=${CMAKE_PREFIX_PATH}:/opt/ros/jazzy /usr/bin/cmake /home/martin/autonomous_new/src/fsae_autonomous/common/fsae_interfaces -DAMENT_CMAKE_SYMLINK_INSTALL=1 -DCMAKE_INSTALL_PREFIX=/home/martin/autonomous_new/install/fsae_interfaces
[3.044s] DEBUG:colcon.colcon_core.event_handler.log_command:Invoking command in '/home/martin/autonomous_new/build/fsae_interfaces': CMAKE_PREFIX_PATH=${CMAKE_PREFIX_PATH}:/opt/ros/jazzy /usr/bin/cmake --build /home/martin/autonomous_new/build/fsae_interfaces -- -j12 -l12
[3.134s] DEBUG:colcon.colcon_core.event_handler.log_command:Invoked command in '/home/martin/autonomous_new/build/fsae_interfaces' returned '2': CMAKE_PREFIX_PATH=${CMAKE_PREFIX_PATH}:/opt/ros/jazzy /usr/bin/cmake --build /home/martin/autonomous_new/build/fsae_interfaces -- -j12 -l12
[3.135s] Level 1:colcon.colcon_core.environment:create_environment_scripts_only(fsae_interfaces)
[3.135s] Level 1:colcon.colcon_core.environment:checking '/home/martin/autonomous_new/install/fsae_interfaces' for CMake module files
[3.136s] Level 1:colcon.colcon_core.environment:checking '/home/martin/autonomous_new/install/fsae_interfaces' for CMake config files
[3.137s] Level 1:colcon.colcon_core.shell:create_environment_hook('fsae_interfaces', 'cmake_prefix_path')
[3.137s] INFO:colcon.colcon_core.shell:Creating environment hook '/home/martin/autonomous_new/install/fsae_interfaces/share/fsae_interfaces/hook/cmake_prefix_path.ps1'
[3.138s] INFO:colcon.colcon_core.shell:Creating environment descriptor '/home/martin/autonomous_new/install/fsae_interfaces/share/fsae_interfaces/hook/cmake_prefix_path.dsv'
[3.138s] INFO:colcon.colcon_core.shell:Creating environment hook '/home/martin/autonomous_new/install/fsae_interfaces/share/fsae_interfaces/hook/cmake_prefix_path.sh'
[3.139s] Level 1:colcon.colcon_core.environment:checking '/home/martin/autonomous_new/install/fsae_interfaces/lib'
[3.140s] Level 1:colcon.colcon_core.shell:create_environment_hook('fsae_interfaces', 'ld_library_path_lib')
[3.140s] INFO:colcon.colcon_core.shell:Creating environment hook '/home/martin/autonomous_new/install/fsae_interfaces/share/fsae_interfaces/hook/ld_library_path_lib.ps1'
[3.141s] INFO:colcon.colcon_core.shell:Creating environment descriptor '/home/martin/autonomous_new/install/fsae_interfaces/share/fsae_interfaces/hook/ld_library_path_lib.dsv'
[3.141s] INFO:colcon.colcon_core.shell:Creating environment hook '/home/martin/autonomous_new/install/fsae_interfaces/share/fsae_interfaces/hook/ld_library_path_lib.sh'
[3.142s] Level 1:colcon.colcon_core.environment:checking '/home/martin/autonomous_new/install/fsae_interfaces/bin'
[3.142s] Level 1:colcon.colcon_core.environment:checking '/home/martin/autonomous_new/install/fsae_interfaces/lib/pkgconfig/fsae_interfaces.pc'
[3.142s] Level 1:colcon.colcon_core.environment:checking '/home/martin/autonomous_new/install/fsae_interfaces/lib/python3.12/site-packages'
[3.142s] Level 1:colcon.colcon_core.shell:create_environment_hook('fsae_interfaces', 'pythonpath')
[3.143s] INFO:colcon.colcon_core.shell:Creating environment hook '/home/martin/autonomous_new/install/fsae_interfaces/share/fsae_interfaces/hook/pythonpath.ps1'
[3.143s] INFO:colcon.colcon_core.shell:Creating environment descriptor '/home/martin/autonomous_new/install/fsae_interfaces/share/fsae_interfaces/hook/pythonpath.dsv'
[3.144s] INFO:colcon.colcon_core.shell:Creating environment hook '/home/martin/autonomous_new/install/fsae_interfaces/share/fsae_interfaces/hook/pythonpath.sh'
[3.144s] Level 1:colcon.colcon_core.environment:checking '/home/martin/autonomous_new/install/fsae_interfaces/bin'
[3.145s] INFO:colcon.colcon_core.shell:Creating package script '/home/martin/autonomous_new/install/fsae_interfaces/share/fsae_interfaces/package.ps1'
[3.146s] INFO:colcon.colcon_core.shell:Creating package descriptor '/home/martin/autonomous_new/install/fsae_interfaces/share/fsae_interfaces/package.dsv'
[3.146s] INFO:colcon.colcon_core.shell:Creating package script '/home/martin/autonomous_new/install/fsae_interfaces/share/fsae_interfaces/package.sh'
[3.147s] INFO:colcon.colcon_core.shell:Creating package script '/home/martin/autonomous_new/install/fsae_interfaces/share/fsae_interfaces/package.bash'
[3.148s] INFO:colcon.colcon_core.shell:Creating package script '/home/martin/autonomous_new/install/fsae_interfaces/share/fsae_interfaces/package.zsh'
[3.148s] Level 1:colcon.colcon_core.environment:create_file_with_runtime_dependencies(/home/martin/autonomous_new/install/fsae_interfaces/share/colcon-core/packages/fsae_interfaces)
[3.149s] DEBUG:colcon.colcon_parallel_executor.executor.parallel:closing loop
[3.149s] DEBUG:colcon.colcon_parallel_executor.executor.parallel:loop closed
[3.150s] DEBUG:colcon.colcon_parallel_executor.executor.parallel:run_until_complete finished with '2'
[3.150s] DEBUG:colcon.colcon_core.event_reactor:joining thread
[3.222s] INFO:colcon.colcon_core.plugin_system:Skipping extension 'colcon_notification.desktop_notification.notify_send': Could not find 'notify-send'
[3.222s] INFO:colcon.colcon_core.plugin_system:Skipping extension 'colcon_notification.desktop_notification.terminal_notifier': Not used on non-Darwin systems
[3.222s] INFO:colcon.colcon_core.plugin_system:Skipping extension 'colcon_notification.desktop_notification.win32': Not used on non-Windows systems
[3.222s] INFO:colcon.colcon_notification.desktop_notification:Sending desktop notification using 'notify2'
[3.223s] DEBUG:colcon.colcon_notification.desktop_notification.notify2:Failed to initialize notify2: org.freedesktop.DBus.Error.ServiceUnknown: The name org.freedesktop.Notifications was not provided by any .service files
[3.224s] DEBUG:colcon.colcon_core.event_reactor:joined thread
[3.224s] INFO:colcon.colcon_core.shell:Creating prefix script '/home/martin/autonomous_new/install/local_setup.ps1'
[3.225s] INFO:colcon.colcon_core.shell:Creating prefix util module '/home/martin/autonomous_new/install/_local_setup_util_ps1.py'
[3.226s] INFO:colcon.colcon_core.shell:Creating prefix chain script '/home/martin/autonomous_new/install/setup.ps1'
[3.228s] INFO:colcon.colcon_core.shell:Creating prefix script '/home/martin/autonomous_new/install/local_setup.sh'
[3.228s] INFO:colcon.colcon_core.shell:Creating prefix util module '/home/martin/autonomous_new/install/_local_setup_util_sh.py'
[3.229s] INFO:colcon.colcon_core.shell:Creating prefix chain script '/home/martin/autonomous_new/install/setup.sh'
[3.230s] INFO:colcon.colcon_core.shell:Creating prefix script '/home/martin/autonomous_new/install/local_setup.bash'
[3.231s] INFO:colcon.colcon_core.shell:Creating prefix chain script '/home/martin/autonomous_new/install/setup.bash'
[3.232s] INFO:colcon.colcon_core.shell:Creating prefix script '/home/martin/autonomous_new/install/local_setup.zsh'
[3.233s] INFO:colcon.colcon_core.shell:Creating prefix chain script '/home/martin/autonomous_new/install/setup.zsh'
