[3.605s] Invoking command in '/home/martin/autonomous_new/src/fsae_autonomous/visualization/fsae_visualization': AMENT_PREFIX_PATH=/home/martin/autonomous_new/install/fsae_interfaces:${AMENT_PREFIX_PATH} CMAKE_PREFIX_PATH=/home/martin/autonomous_new/install/fsae_interfaces:${CMAKE_PREFIX_PATH} LD_LIBRARY_PATH=/home/martin/autonomous_new/install/fsae_interfaces/lib:${LD_LIBRARY_PATH} PYTHONPATH=/home/martin/autonomous_new/build/fsae_visualization/prefix_override:/usr/lib/python3/dist-packages/colcon_core/task/python/colcon_distutils_commands:/home/martin/autonomous_new/install/fsae_visualization/lib/python3.12/site-packages:/home/martin/autonomous_new/install/fsae_interfaces/lib/python3.12/site-packages:${PYTHONPATH} /usr/bin/python3 -W ignore:setup.py install is deprecated -W ignore:easy_install command is deprecated setup.py egg_info --egg-base ../../../../build/fsae_visualization build --build-base /home/martin/autonomous_new/build/fsae_visualization/build install --record /home/martin/autonomous_new/build/fsae_visualization/install.log --single-version-externally-managed install_data
[4.257s] running egg_info
[4.258s] creating ../../../../build/fsae_visualization/fsae_visualization.egg-info
[4.320s] writing ../../../../build/fsae_visualization/fsae_visualization.egg-info/PKG-INFO
[4.320s] writing dependency_links to ../../../../build/fsae_visualization/fsae_visualization.egg-info/dependency_links.txt
[4.321s] writing entry points to ../../../../build/fsae_visualization/fsae_visualization.egg-info/entry_points.txt
[4.321s] writing requirements to ../../../../build/fsae_visualization/fsae_visualization.egg-info/requires.txt
[4.321s] writing top-level names to ../../../../build/fsae_visualization/fsae_visualization.egg-info/top_level.txt
[4.322s] writing manifest file '../../../../build/fsae_visualization/fsae_visualization.egg-info/SOURCES.txt'
[4.422s] reading manifest file '../../../../build/fsae_visualization/fsae_visualization.egg-info/SOURCES.txt'
[4.424s] writing manifest file '../../../../build/fsae_visualization/fsae_visualization.egg-info/SOURCES.txt'
[4.424s] running build
[4.424s] running build_py
[4.424s] creating /home/martin/autonomous_new/build/fsae_visualization/build
[4.425s] creating /home/martin/autonomous_new/build/fsae_visualization/build/lib
[4.426s] creating /home/martin/autonomous_new/build/fsae_visualization/build/lib/fsae_visualization
[4.427s] copying fsae_visualization/base_tf.py -> /home/martin/autonomous_new/build/fsae_visualization/build/lib/fsae_visualization
[4.428s] copying fsae_visualization/visualise_cone_map.py -> /home/martin/autonomous_new/build/fsae_visualization/build/lib/fsae_visualization
[4.429s] copying fsae_visualization/__init__.py -> /home/martin/autonomous_new/build/fsae_visualization/build/lib/fsae_visualization
[4.429s] copying fsae_visualization/visualise_trajectories.py -> /home/martin/autonomous_new/build/fsae_visualization/build/lib/fsae_visualization
[4.430s] copying fsae_visualization/visualise_pure_pursuit.py -> /home/martin/autonomous_new/build/fsae_visualization/build/lib/fsae_visualization
[4.431s] running install
[4.441s] running install_lib
[4.497s] creating /home/martin/autonomous_new/install/fsae_visualization/lib/python3.12/site-packages/fsae_visualization
[4.499s] copying /home/martin/autonomous_new/build/fsae_visualization/build/lib/fsae_visualization/base_tf.py -> /home/martin/autonomous_new/install/fsae_visualization/lib/python3.12/site-packages/fsae_visualization
[4.500s] copying /home/martin/autonomous_new/build/fsae_visualization/build/lib/fsae_visualization/visualise_cone_map.py -> /home/martin/autonomous_new/install/fsae_visualization/lib/python3.12/site-packages/fsae_visualization
[4.500s] copying /home/martin/autonomous_new/build/fsae_visualization/build/lib/fsae_visualization/__init__.py -> /home/martin/autonomous_new/install/fsae_visualization/lib/python3.12/site-packages/fsae_visualization
[4.501s] copying /home/martin/autonomous_new/build/fsae_visualization/build/lib/fsae_visualization/visualise_trajectories.py -> /home/martin/autonomous_new/install/fsae_visualization/lib/python3.12/site-packages/fsae_visualization
[4.501s] copying /home/martin/autonomous_new/build/fsae_visualization/build/lib/fsae_visualization/visualise_pure_pursuit.py -> /home/martin/autonomous_new/install/fsae_visualization/lib/python3.12/site-packages/fsae_visualization
[4.503s] byte-compiling /home/martin/autonomous_new/install/fsae_visualization/lib/python3.12/site-packages/fsae_visualization/base_tf.py to base_tf.cpython-312.pyc
[4.508s] byte-compiling /home/martin/autonomous_new/install/fsae_visualization/lib/python3.12/site-packages/fsae_visualization/visualise_cone_map.py to visualise_cone_map.cpython-312.pyc
[4.511s] byte-compiling /home/martin/autonomous_new/install/fsae_visualization/lib/python3.12/site-packages/fsae_visualization/__init__.py to __init__.cpython-312.pyc
[4.512s] byte-compiling /home/martin/autonomous_new/install/fsae_visualization/lib/python3.12/site-packages/fsae_visualization/visualise_trajectories.py to visualise_trajectories.cpython-312.pyc
[4.514s] byte-compiling /home/martin/autonomous_new/install/fsae_visualization/lib/python3.12/site-packages/fsae_visualization/visualise_pure_pursuit.py to visualise_pure_pursuit.cpython-312.pyc
[4.517s] running install_data
[4.517s] creating /home/martin/autonomous_new/install/fsae_visualization/share/ament_index
[4.519s] creating /home/martin/autonomous_new/install/fsae_visualization/share/ament_index/resource_index
[4.519s] creating /home/martin/autonomous_new/install/fsae_visualization/share/ament_index/resource_index/packages
[4.520s] copying resource/fsae_visualization -> /home/martin/autonomous_new/install/fsae_visualization/share/ament_index/resource_index/packages
[4.521s] copying package.xml -> /home/martin/autonomous_new/install/fsae_visualization/share/fsae_visualization
[4.521s] creating /home/martin/autonomous_new/install/fsae_visualization/share/fsae_visualization/launch
[4.522s] running install_egg_info
[4.570s] Copying ../../../../build/fsae_visualization/fsae_visualization.egg-info to /home/martin/autonomous_new/install/fsae_visualization/lib/python3.12/site-packages/fsae_visualization-0.1.0-py3.12.egg-info
[4.573s] running install_scripts
[4.860s] Installing base_tf script to /home/martin/autonomous_new/install/fsae_visualization/lib/fsae_visualization
[4.861s] Installing cone_map_viz script to /home/martin/autonomous_new/install/fsae_visualization/lib/fsae_visualization
[4.862s] Installing path_viz script to /home/martin/autonomous_new/install/fsae_visualization/lib/fsae_visualization
[4.862s] Installing pursuit_viz script to /home/martin/autonomous_new/install/fsae_visualization/lib/fsae_visualization
[4.863s] writing list of installed files to '/home/martin/autonomous_new/build/fsae_visualization/install.log'
[4.930s] Invoked command in '/home/martin/autonomous_new/src/fsae_autonomous/visualization/fsae_visualization' returned '0': AMENT_PREFIX_PATH=/home/martin/autonomous_new/install/fsae_interfaces:${AMENT_PREFIX_PATH} CMAKE_PREFIX_PATH=/home/martin/autonomous_new/install/fsae_interfaces:${CMAKE_PREFIX_PATH} LD_LIBRARY_PATH=/home/martin/autonomous_new/install/fsae_interfaces/lib:${LD_LIBRARY_PATH} PYTHONPATH=/home/martin/autonomous_new/build/fsae_visualization/prefix_override:/usr/lib/python3/dist-packages/colcon_core/task/python/colcon_distutils_commands:/home/martin/autonomous_new/install/fsae_visualization/lib/python3.12/site-packages:/home/martin/autonomous_new/install/fsae_interfaces/lib/python3.12/site-packages:${PYTHONPATH} /usr/bin/python3 -W ignore:setup.py install is deprecated -W ignore:easy_install command is deprecated setup.py egg_info --egg-base ../../../../build/fsae_visualization build --build-base /home/martin/autonomous_new/build/fsae_visualization/build install --record /home/martin/autonomous_new/build/fsae_visualization/install.log --single-version-externally-managed install_data
