running egg_info
creating ../../../../build/fsae_control/fsae_control.egg-info
writing ../../../../build/fsae_control/fsae_control.egg-info/PKG-INFO
writing dependency_links to ../../../../build/fsae_control/fsae_control.egg-info/dependency_links.txt
writing entry points to ../../../../build/fsae_control/fsae_control.egg-info/entry_points.txt
writing requirements to ../../../../build/fsae_control/fsae_control.egg-info/requires.txt
writing top-level names to ../../../../build/fsae_control/fsae_control.egg-info/top_level.txt
writing manifest file '../../../../build/fsae_control/fsae_control.egg-info/SOURCES.txt'
reading manifest file '../../../../build/fsae_control/fsae_control.egg-info/SOURCES.txt'
writing manifest file '../../../../build/fsae_control/fsae_control.egg-info/SOURCES.txt'
running build
running build_py
creating /home/martin/autonomous_new/build/fsae_control/build
creating /home/martin/autonomous_new/build/fsae_control/build/lib
creating /home/martin/autonomous_new/build/fsae_control/build/lib/fsae_control
copying fsae_control/__init__.py -> /home/martin/autonomous_new/build/fsae_control/build/lib/fsae_control
copying fsae_control/stanley_controller.py -> /home/martin/autonomous_new/build/fsae_control/build/lib/fsae_control
running install
running install_lib
creating /home/martin/autonomous_new/install/fsae_control/lib/python3.12/site-packages/fsae_control
copying /home/martin/autonomous_new/build/fsae_control/build/lib/fsae_control/__init__.py -> /home/martin/autonomous_new/install/fsae_control/lib/python3.12/site-packages/fsae_control
copying /home/martin/autonomous_new/build/fsae_control/build/lib/fsae_control/stanley_controller.py -> /home/martin/autonomous_new/install/fsae_control/lib/python3.12/site-packages/fsae_control
byte-compiling /home/martin/autonomous_new/install/fsae_control/lib/python3.12/site-packages/fsae_control/__init__.py to __init__.cpython-312.pyc
byte-compiling /home/martin/autonomous_new/install/fsae_control/lib/python3.12/site-packages/fsae_control/stanley_controller.py to stanley_controller.cpython-312.pyc
running install_data
creating /home/martin/autonomous_new/install/fsae_control/share/ament_index
creating /home/martin/autonomous_new/install/fsae_control/share/ament_index/resource_index
creating /home/martin/autonomous_new/install/fsae_control/share/ament_index/resource_index/packages
copying resource/fsae_control -> /home/martin/autonomous_new/install/fsae_control/share/ament_index/resource_index/packages
copying package.xml -> /home/martin/autonomous_new/install/fsae_control/share/fsae_control
creating /home/martin/autonomous_new/install/fsae_control/share/fsae_control/launch
running install_egg_info
Copying ../../../../build/fsae_control/fsae_control.egg-info to /home/martin/autonomous_new/install/fsae_control/lib/python3.12/site-packages/fsae_control-0.1.0-py3.12.egg-info
running install_scripts
Installing controller script to /home/martin/autonomous_new/install/fsae_control/lib/fsae_control
writing list of installed files to '/home/martin/autonomous_new/build/fsae_control/install.log'
