[3.484s] Invoking command in '/home/martin/autonomous_new/src/fsae_autonomous/control/fsae_control': AMENT_PREFIX_PATH=/home/martin/autonomous_new/install/fsae_interfaces:${AMENT_PREFIX_PATH} CMAKE_PREFIX_PATH=/home/martin/autonomous_new/install/fsae_interfaces:${CMAKE_PREFIX_PATH} LD_LIBRARY_PATH=/home/martin/autonomous_new/install/fsae_interfaces/lib:${LD_LIBRARY_PATH} PYTHONPATH=/home/martin/autonomous_new/build/fsae_control/prefix_override:/usr/lib/python3/dist-packages/colcon_core/task/python/colcon_distutils_commands:/home/martin/autonomous_new/install/fsae_control/lib/python3.12/site-packages:/home/martin/autonomous_new/install/fsae_interfaces/lib/python3.12/site-packages:${PYTHONPATH} /usr/bin/python3 -W ignore:setup.py install is deprecated -W ignore:easy_install command is deprecated setup.py egg_info --egg-base ../../../../build/fsae_control build --build-base /home/martin/autonomous_new/build/fsae_control/build install --record /home/martin/autonomous_new/build/fsae_control/install.log --single-version-externally-managed install_data
[4.058s] running egg_info
[4.059s] creating ../../../../build/fsae_control/fsae_control.egg-info
[4.096s] writing ../../../../build/fsae_control/fsae_control.egg-info/PKG-INFO
[4.097s] writing dependency_links to ../../../../build/fsae_control/fsae_control.egg-info/dependency_links.txt
[4.097s] writing entry points to ../../../../build/fsae_control/fsae_control.egg-info/entry_points.txt
[4.097s] writing requirements to ../../../../build/fsae_control/fsae_control.egg-info/requires.txt
[4.098s] writing top-level names to ../../../../build/fsae_control/fsae_control.egg-info/top_level.txt
[4.098s] writing manifest file '../../../../build/fsae_control/fsae_control.egg-info/SOURCES.txt'
[4.208s] reading manifest file '../../../../build/fsae_control/fsae_control.egg-info/SOURCES.txt'
[4.211s] writing manifest file '../../../../build/fsae_control/fsae_control.egg-info/SOURCES.txt'
[4.212s] running build
[4.212s] running build_py
[4.212s] creating /home/martin/autonomous_new/build/fsae_control/build
[4.213s] creating /home/martin/autonomous_new/build/fsae_control/build/lib
[4.214s] creating /home/martin/autonomous_new/build/fsae_control/build/lib/fsae_control
[4.215s] copying fsae_control/__init__.py -> /home/martin/autonomous_new/build/fsae_control/build/lib/fsae_control
[4.215s] copying fsae_control/stanley_controller.py -> /home/martin/autonomous_new/build/fsae_control/build/lib/fsae_control
[4.217s] running install
[4.235s] running install_lib
[4.289s] creating /home/martin/autonomous_new/install/fsae_control/lib/python3.12/site-packages/fsae_control
[4.290s] copying /home/martin/autonomous_new/build/fsae_control/build/lib/fsae_control/__init__.py -> /home/martin/autonomous_new/install/fsae_control/lib/python3.12/site-packages/fsae_control
[4.291s] copying /home/martin/autonomous_new/build/fsae_control/build/lib/fsae_control/stanley_controller.py -> /home/martin/autonomous_new/install/fsae_control/lib/python3.12/site-packages/fsae_control
[4.292s] byte-compiling /home/martin/autonomous_new/install/fsae_control/lib/python3.12/site-packages/fsae_control/__init__.py to __init__.cpython-312.pyc
[4.294s] byte-compiling /home/martin/autonomous_new/install/fsae_control/lib/python3.12/site-packages/fsae_control/stanley_controller.py to stanley_controller.cpython-312.pyc
[4.300s] running install_data
[4.300s] creating /home/martin/autonomous_new/install/fsae_control/share/ament_index
[4.301s] creating /home/martin/autonomous_new/install/fsae_control/share/ament_index/resource_index
[4.302s] creating /home/martin/autonomous_new/install/fsae_control/share/ament_index/resource_index/packages
[4.303s] copying resource/fsae_control -> /home/martin/autonomous_new/install/fsae_control/share/ament_index/resource_index/packages
[4.304s] copying package.xml -> /home/martin/autonomous_new/install/fsae_control/share/fsae_control
[4.305s] creating /home/martin/autonomous_new/install/fsae_control/share/fsae_control/launch
[4.305s] running install_egg_info
[4.359s] Copying ../../../../build/fsae_control/fsae_control.egg-info to /home/martin/autonomous_new/install/fsae_control/lib/python3.12/site-packages/fsae_control-0.1.0-py3.12.egg-info
[4.363s] running install_scripts
[4.677s] Installing controller script to /home/martin/autonomous_new/install/fsae_control/lib/fsae_control
[4.679s] writing list of installed files to '/home/martin/autonomous_new/build/fsae_control/install.log'
[4.751s] Invoked command in '/home/martin/autonomous_new/src/fsae_autonomous/control/fsae_control' returned '0': AMENT_PREFIX_PATH=/home/martin/autonomous_new/install/fsae_interfaces:${AMENT_PREFIX_PATH} CMAKE_PREFIX_PATH=/home/martin/autonomous_new/install/fsae_interfaces:${CMAKE_PREFIX_PATH} LD_LIBRARY_PATH=/home/martin/autonomous_new/install/fsae_interfaces/lib:${LD_LIBRARY_PATH} PYTHONPATH=/home/martin/autonomous_new/build/fsae_control/prefix_override:/usr/lib/python3/dist-packages/colcon_core/task/python/colcon_distutils_commands:/home/martin/autonomous_new/install/fsae_control/lib/python3.12/site-packages:/home/martin/autonomous_new/install/fsae_interfaces/lib/python3.12/site-packages:${PYTHONPATH} /usr/bin/python3 -W ignore:setup.py install is deprecated -W ignore:easy_install command is deprecated setup.py egg_info --egg-base ../../../../build/fsae_control build --build-base /home/martin/autonomous_new/build/fsae_control/build install --record /home/martin/autonomous_new/build/fsae_control/install.log --single-version-externally-managed install_data
