[0.022s] Invoking command in '/home/martin/autonomous_new/build/fsae_interfaces': CMAKE_PREFIX_PATH=${CMAKE_PREFIX_PATH}:/opt/ros/jazzy /usr/bin/cmake /home/martin/autonomous_new/src/fsae_autonomous/common/fsae_interfaces -DAMENT_CMAKE_SYMLINK_INSTALL=1 -DCMAKE_INSTALL_PREFIX=/home/martin/autonomous_new/install/fsae_interfaces
[0.048s] -- Found ament_cmake: 2.5.6 (/opt/ros/jazzy/share/ament_cmake/cmake)
[0.219s] -- Override CMake install command with custom implementation using symlinks instead of copying resources
[0.242s] -- Found std_msgs: 5.3.7 (/opt/ros/jazzy/share/std_msgs/cmake)
[0.554s] -- Found rosidl_generator_c: 4.6.7 (/opt/ros/jazzy/share/rosidl_generator_c/cmake)
[0.574s] -- Found rosidl_generator_cpp: 4.6.7 (/opt/ros/jazzy/share/rosidl_generator_cpp/cmake)
[0.593s] -- Using all available rosidl_typesupport_c: rosidl_typesupport_fastrtps_c;rosidl_typesupport_introspection_c
[0.621s] -- Using all available rosidl_typesupport_cpp: rosidl_typesupport_fastrtps_cpp;rosidl_typesupport_introspection_cpp
[0.659s] -- Found geometry_msgs: 5.3.7 (/opt/ros/jazzy/share/geometry_msgs/cmake)
[0.680s] -- Found rosidl_default_generators: 1.6.0 (/opt/ros/jazzy/share/rosidl_default_generators/cmake)
[0.695s] -- Found rosidl_adapter: 4.6.7 (/opt/ros/jazzy/share/rosidl_adapter/cmake)
[1.215s] -- Found ament_cmake_ros: 0.12.0 (/opt/ros/jazzy/share/ament_cmake_ros/cmake)
[1.600s] -- Using all available rosidl_typesupport_c: rosidl_typesupport_fastrtps_c;rosidl_typesupport_introspection_c
[1.775s] -- Using all available rosidl_typesupport_cpp: rosidl_typesupport_fastrtps_cpp;rosidl_typesupport_introspection_cpp
[1.776s] -- Found python_cmake_module: 0.11.1 (/opt/ros/jazzy/share/python_cmake_module/cmake)
[2.150s] -- Found Python3: /usr/bin/python3 (found version "3.12.3") found components: Interpreter Development NumPy Development.Module Development.Embed 
[2.262s] -- Found Python3: /usr/bin/python3 (found version "3.12.3") found components: Interpreter 
[2.282s] -- Configuring done (2.2s)
[2.381s] -- Generating done (0.1s)
[2.406s] -- Build files have been written to: /home/martin/autonomous_new/build/fsae_interfaces
[2.420s] Invoked command in '/home/martin/autonomous_new/build/fsae_interfaces' returned '0': CMAKE_PREFIX_PATH=${CMAKE_PREFIX_PATH}:/opt/ros/jazzy /usr/bin/cmake /home/martin/autonomous_new/src/fsae_autonomous/common/fsae_interfaces -DAMENT_CMAKE_SYMLINK_INSTALL=1 -DCMAKE_INSTALL_PREFIX=/home/martin/autonomous_new/install/fsae_interfaces
[2.422s] Invoking command in '/home/martin/autonomous_new/build/fsae_interfaces': CMAKE_PREFIX_PATH=${CMAKE_PREFIX_PATH}:/opt/ros/jazzy /usr/bin/cmake --build /home/martin/autonomous_new/build/fsae_interfaces -- -j12 -l12
[2.507s] failed to create symbolic link '/home/martin/autonomous_new/build/fsae_interfaces/ament_cmake_python/fsae_interfaces/fsae_interfaces' because existing path cannot be removed: Is a directory
[2.508s] [  2%] Built target fsae_interfaces__rs
[2.508s] [  2%] Built target fsae_interfaces__rosidl_generator_type_description
[2.508s] gmake[2]: *** [CMakeFiles/ament_cmake_python_symlink_fsae_interfaces.dir/build.make:70: CMakeFiles/ament_cmake_python_symlink_fsae_interfaces] Error 1
[2.509s] gmake[1]: *** [CMakeFiles/Makefile2:471: CMakeFiles/ament_cmake_python_symlink_fsae_interfaces.dir/all] Error 2
[2.509s] gmake[1]: *** Waiting for unfinished jobs....
[2.509s] gmake: *** [Makefile:146: all] Error 2
[2.512s] Invoked command in '/home/martin/autonomous_new/build/fsae_interfaces' returned '2': CMAKE_PREFIX_PATH=${CMAKE_PREFIX_PATH}:/opt/ros/jazzy /usr/bin/cmake --build /home/martin/autonomous_new/build/fsae_interfaces -- -j12 -l12
