running egg_info
creating ../../../../build/fsae_mission_control/fsae_mission_control.egg-info
writing ../../../../build/fsae_mission_control/fsae_mission_control.egg-info/PKG-INFO
writing dependency_links to ../../../../build/fsae_mission_control/fsae_mission_control.egg-info/dependency_links.txt
writing entry points to ../../../../build/fsae_mission_control/fsae_mission_control.egg-info/entry_points.txt
writing requirements to ../../../../build/fsae_mission_control/fsae_mission_control.egg-info/requires.txt
writing top-level names to ../../../../build/fsae_mission_control/fsae_mission_control.egg-info/top_level.txt
writing manifest file '../../../../build/fsae_mission_control/fsae_mission_control.egg-info/SOURCES.txt'
reading manifest file '../../../../build/fsae_mission_control/fsae_mission_control.egg-info/SOURCES.txt'
writing manifest file '../../../../build/fsae_mission_control/fsae_mission_control.egg-info/SOURCES.txt'
running build
running build_py
creating /home/martin/autonomous_new/build/fsae_mission_control/build
creating /home/martin/autonomous_new/build/fsae_mission_control/build/lib
creating /home/martin/autonomous_new/build/fsae_mission_control/build/lib/fsae_mission_control
copying fsae_mission_control/inspection_mission.py -> /home/martin/autonomous_new/build/fsae_mission_control/build/lib/fsae_mission_control
copying fsae_mission_control/__init__.py -> /home/martin/autonomous_new/build/fsae_mission_control/build/lib/fsae_mission_control
running install
running install_lib
creating /home/martin/autonomous_new/install/fsae_mission_control/lib/python3.12/site-packages/fsae_mission_control
copying /home/martin/autonomous_new/build/fsae_mission_control/build/lib/fsae_mission_control/inspection_mission.py -> /home/martin/autonomous_new/install/fsae_mission_control/lib/python3.12/site-packages/fsae_mission_control
copying /home/martin/autonomous_new/build/fsae_mission_control/build/lib/fsae_mission_control/__init__.py -> /home/martin/autonomous_new/install/fsae_mission_control/lib/python3.12/site-packages/fsae_mission_control
byte-compiling /home/martin/autonomous_new/install/fsae_mission_control/lib/python3.12/site-packages/fsae_mission_control/inspection_mission.py to inspection_mission.cpython-312.pyc
byte-compiling /home/martin/autonomous_new/install/fsae_mission_control/lib/python3.12/site-packages/fsae_mission_control/__init__.py to __init__.cpython-312.pyc
running install_data
creating /home/martin/autonomous_new/install/fsae_mission_control/share/ament_index
creating /home/martin/autonomous_new/install/fsae_mission_control/share/ament_index/resource_index
creating /home/martin/autonomous_new/install/fsae_mission_control/share/ament_index/resource_index/packages
copying resource/fsae_mission_control -> /home/martin/autonomous_new/install/fsae_mission_control/share/ament_index/resource_index/packages
copying package.xml -> /home/martin/autonomous_new/install/fsae_mission_control/share/fsae_mission_control
creating /home/martin/autonomous_new/install/fsae_mission_control/share/fsae_mission_control/launch
copying launch/inspection.launch.py -> /home/martin/autonomous_new/install/fsae_mission_control/share/fsae_mission_control/launch
running install_egg_info
Copying ../../../../build/fsae_mission_control/fsae_mission_control.egg-info to /home/martin/autonomous_new/install/fsae_mission_control/lib/python3.12/site-packages/fsae_mission_control-0.1.0-py3.12.egg-info
running install_scripts
Installing inspection_mission_node script to /home/martin/autonomous_new/install/fsae_mission_control/lib/fsae_mission_control
writing list of installed files to '/home/martin/autonomous_new/build/fsae_mission_control/install.log'
