/home/martin/autonomous_new/install/fsae_visualization/lib/python3.12/site-packages/fsae_visualization/base_tf.py
/home/martin/autonomous_new/install/fsae_visualization/lib/python3.12/site-packages/fsae_visualization/visualise_cone_map.py
/home/martin/autonomous_new/install/fsae_visualization/lib/python3.12/site-packages/fsae_visualization/__init__.py
/home/martin/autonomous_new/install/fsae_visualization/lib/python3.12/site-packages/fsae_visualization/visualise_trajectories.py
/home/martin/autonomous_new/install/fsae_visualization/lib/python3.12/site-packages/fsae_visualization/visualise_pure_pursuit.py
/home/martin/autonomous_new/install/fsae_visualization/lib/python3.12/site-packages/fsae_visualization/__pycache__/base_tf.cpython-312.pyc
/home/martin/autonomous_new/install/fsae_visualization/lib/python3.12/site-packages/fsae_visualization/__pycache__/visualise_cone_map.cpython-312.pyc
/home/martin/autonomous_new/install/fsae_visualization/lib/python3.12/site-packages/fsae_visualization/__pycache__/__init__.cpython-312.pyc
/home/martin/autonomous_new/install/fsae_visualization/lib/python3.12/site-packages/fsae_visualization/__pycache__/visualise_trajectories.cpython-312.pyc
/home/martin/autonomous_new/install/fsae_visualization/lib/python3.12/site-packages/fsae_visualization/__pycache__/visualise_pure_pursuit.cpython-312.pyc
/home/martin/autonomous_new/install/fsae_visualization/share/ament_index/resource_index/packages/fsae_visualization
/home/martin/autonomous_new/install/fsae_visualization/share/fsae_visualization/package.xml
/home/martin/autonomous_new/install/fsae_visualization/share/fsae_visualization/launch
/home/martin/autonomous_new/install/fsae_visualization/lib/python3.12/site-packages/fsae_visualization-0.1.0-py3.12.egg-info/requires.txt
/home/martin/autonomous_new/install/fsae_visualization/lib/python3.12/site-packages/fsae_visualization-0.1.0-py3.12.egg-info/entry_points.txt
/home/martin/autonomous_new/install/fsae_visualization/lib/python3.12/site-packages/fsae_visualization-0.1.0-py3.12.egg-info/zip-safe
/home/martin/autonomous_new/install/fsae_visualization/lib/python3.12/site-packages/fsae_visualization-0.1.0-py3.12.egg-info/PKG-INFO
/home/martin/autonomous_new/install/fsae_visualization/lib/python3.12/site-packages/fsae_visualization-0.1.0-py3.12.egg-info/SOURCES.txt
/home/martin/autonomous_new/install/fsae_visualization/lib/python3.12/site-packages/fsae_visualization-0.1.0-py3.12.egg-info/top_level.txt
/home/martin/autonomous_new/install/fsae_visualization/lib/python3.12/site-packages/fsae_visualization-0.1.0-py3.12.egg-info/dependency_links.txt
/home/martin/autonomous_new/install/fsae_visualization/lib/fsae_visualization/base_tf
/home/martin/autonomous_new/install/fsae_visualization/lib/fsae_visualization/cone_map_viz
/home/martin/autonomous_new/install/fsae_visualization/lib/fsae_visualization/path_viz
/home/martin/autonomous_new/install/fsae_visualization/lib/fsae_visualization/pursuit_viz
