running egg_info
creating ../../../../build/fsae_can_bridge/fsae_can_bridge.egg-info
writing ../../../../build/fsae_can_bridge/fsae_can_bridge.egg-info/PKG-INFO
writing dependency_links to ../../../../build/fsae_can_bridge/fsae_can_bridge.egg-info/dependency_links.txt
writing entry points to ../../../../build/fsae_can_bridge/fsae_can_bridge.egg-info/entry_points.txt
writing requirements to ../../../../build/fsae_can_bridge/fsae_can_bridge.egg-info/requires.txt
writing top-level names to ../../../../build/fsae_can_bridge/fsae_can_bridge.egg-info/top_level.txt
writing manifest file '../../../../build/fsae_can_bridge/fsae_can_bridge.egg-info/SOURCES.txt'
reading manifest file '../../../../build/fsae_can_bridge/fsae_can_bridge.egg-info/SOURCES.txt'
writing manifest file '../../../../build/fsae_can_bridge/fsae_can_bridge.egg-info/SOURCES.txt'
running build
running build_py
creating /home/martin/autonomous_new/build/fsae_can_bridge/build
creating /home/martin/autonomous_new/build/fsae_can_bridge/build/lib
creating /home/martin/autonomous_new/build/fsae_can_bridge/build/lib/fsae_can_bridge
copying fsae_can_bridge/ack_to_can.py -> /home/martin/autonomous_new/build/fsae_can_bridge/build/lib/fsae_can_bridge
copying fsae_can_bridge/candapter.py -> /home/martin/autonomous_new/build/fsae_can_bridge/build/lib/fsae_can_bridge
copying fsae_can_bridge/mock_stimulus.py -> /home/martin/autonomous_new/build/fsae_can_bridge/build/lib/fsae_can_bridge
copying fsae_can_bridge/joystick_teleop.py -> /home/martin/autonomous_new/build/fsae_can_bridge/build/lib/fsae_can_bridge
copying fsae_can_bridge/__init__.py -> /home/martin/autonomous_new/build/fsae_can_bridge/build/lib/fsae_can_bridge
copying fsae_can_bridge/sys_status.py -> /home/martin/autonomous_new/build/fsae_can_bridge/build/lib/fsae_can_bridge
copying fsae_can_bridge/can_decoder_jnano.py -> /home/martin/autonomous_new/build/fsae_can_bridge/build/lib/fsae_can_bridge
creating /home/martin/autonomous_new/build/fsae_can_bridge/build/lib/fsae_can_bridge/drivers
copying fsae_can_bridge/drivers/MCP2515.py -> /home/martin/autonomous_new/build/fsae_can_bridge/build/lib/fsae_can_bridge/drivers
copying fsae_can_bridge/drivers/__init__.py -> /home/martin/autonomous_new/build/fsae_can_bridge/build/lib/fsae_can_bridge/drivers
running install
running install_lib
creating /home/martin/autonomous_new/install/fsae_can_bridge/lib/python3.12/site-packages/fsae_can_bridge
copying /home/martin/autonomous_new/build/fsae_can_bridge/build/lib/fsae_can_bridge/ack_to_can.py -> /home/martin/autonomous_new/install/fsae_can_bridge/lib/python3.12/site-packages/fsae_can_bridge
copying /home/martin/autonomous_new/build/fsae_can_bridge/build/lib/fsae_can_bridge/candapter.py -> /home/martin/autonomous_new/install/fsae_can_bridge/lib/python3.12/site-packages/fsae_can_bridge
copying /home/martin/autonomous_new/build/fsae_can_bridge/build/lib/fsae_can_bridge/mock_stimulus.py -> /home/martin/autonomous_new/install/fsae_can_bridge/lib/python3.12/site-packages/fsae_can_bridge
copying /home/martin/autonomous_new/build/fsae_can_bridge/build/lib/fsae_can_bridge/joystick_teleop.py -> /home/martin/autonomous_new/install/fsae_can_bridge/lib/python3.12/site-packages/fsae_can_bridge
creating /home/martin/autonomous_new/install/fsae_can_bridge/lib/python3.12/site-packages/fsae_can_bridge/drivers
copying /home/martin/autonomous_new/build/fsae_can_bridge/build/lib/fsae_can_bridge/drivers/MCP2515.py -> /home/martin/autonomous_new/install/fsae_can_bridge/lib/python3.12/site-packages/fsae_can_bridge/drivers
copying /home/martin/autonomous_new/build/fsae_can_bridge/build/lib/fsae_can_bridge/drivers/__init__.py -> /home/martin/autonomous_new/install/fsae_can_bridge/lib/python3.12/site-packages/fsae_can_bridge/drivers
copying /home/martin/autonomous_new/build/fsae_can_bridge/build/lib/fsae_can_bridge/__init__.py -> /home/martin/autonomous_new/install/fsae_can_bridge/lib/python3.12/site-packages/fsae_can_bridge
copying /home/martin/autonomous_new/build/fsae_can_bridge/build/lib/fsae_can_bridge/sys_status.py -> /home/martin/autonomous_new/install/fsae_can_bridge/lib/python3.12/site-packages/fsae_can_bridge
copying /home/martin/autonomous_new/build/fsae_can_bridge/build/lib/fsae_can_bridge/can_decoder_jnano.py -> /home/martin/autonomous_new/install/fsae_can_bridge/lib/python3.12/site-packages/fsae_can_bridge
byte-compiling /home/martin/autonomous_new/install/fsae_can_bridge/lib/python3.12/site-packages/fsae_can_bridge/ack_to_can.py to ack_to_can.cpython-312.pyc
byte-compiling /home/martin/autonomous_new/install/fsae_can_bridge/lib/python3.12/site-packages/fsae_can_bridge/candapter.py to candapter.cpython-312.pyc
byte-compiling /home/martin/autonomous_new/install/fsae_can_bridge/lib/python3.12/site-packages/fsae_can_bridge/mock_stimulus.py to mock_stimulus.cpython-312.pyc
byte-compiling /home/martin/autonomous_new/install/fsae_can_bridge/lib/python3.12/site-packages/fsae_can_bridge/joystick_teleop.py to joystick_teleop.cpython-312.pyc
byte-compiling /home/martin/autonomous_new/install/fsae_can_bridge/lib/python3.12/site-packages/fsae_can_bridge/drivers/MCP2515.py to MCP2515.cpython-312.pyc
byte-compiling /home/martin/autonomous_new/install/fsae_can_bridge/lib/python3.12/site-packages/fsae_can_bridge/drivers/__init__.py to __init__.cpython-312.pyc
byte-compiling /home/martin/autonomous_new/install/fsae_can_bridge/lib/python3.12/site-packages/fsae_can_bridge/__init__.py to __init__.cpython-312.pyc
byte-compiling /home/martin/autonomous_new/install/fsae_can_bridge/lib/python3.12/site-packages/fsae_can_bridge/sys_status.py to sys_status.cpython-312.pyc
byte-compiling /home/martin/autonomous_new/install/fsae_can_bridge/lib/python3.12/site-packages/fsae_can_bridge/can_decoder_jnano.py to can_decoder_jnano.cpython-312.pyc
running install_data
creating /home/martin/autonomous_new/install/fsae_can_bridge/share/ament_index
creating /home/martin/autonomous_new/install/fsae_can_bridge/share/ament_index/resource_index
creating /home/martin/autonomous_new/install/fsae_can_bridge/share/ament_index/resource_index/packages
copying resource/fsae_can_bridge -> /home/martin/autonomous_new/install/fsae_can_bridge/share/ament_index/resource_index/packages
copying package.xml -> /home/martin/autonomous_new/install/fsae_can_bridge/share/fsae_can_bridge
creating /home/martin/autonomous_new/install/fsae_can_bridge/share/fsae_can_bridge/launch
running install_egg_info
Copying ../../../../build/fsae_can_bridge/fsae_can_bridge.egg-info to /home/martin/autonomous_new/install/fsae_can_bridge/lib/python3.12/site-packages/fsae_can_bridge-0.1.0-py3.12.egg-info
running install_scripts
Installing ack_to_can_node script to /home/martin/autonomous_new/install/fsae_can_bridge/lib/fsae_can_bridge
Installing as_status_node script to /home/martin/autonomous_new/install/fsae_can_bridge/lib/fsae_can_bridge
Installing can_decoder script to /home/martin/autonomous_new/install/fsae_can_bridge/lib/fsae_can_bridge
Installing candapter_node script to /home/martin/autonomous_new/install/fsae_can_bridge/lib/fsae_can_bridge
Installing joystick_teleop script to /home/martin/autonomous_new/install/fsae_can_bridge/lib/fsae_can_bridge
Installing mock_stimulus script to /home/martin/autonomous_new/install/fsae_can_bridge/lib/fsae_can_bridge
writing list of installed files to '/home/martin/autonomous_new/build/fsae_can_bridge/install.log'
