[3.437s] Invoking command in '/home/martin/autonomous_new/src/fsae_autonomous/control/fsae_can_bridge': AMENT_PREFIX_PATH=/home/martin/autonomous_new/install/fsae_interfaces:${AMENT_PREFIX_PATH} CMAKE_PREFIX_PATH=/home/martin/autonomous_new/install/fsae_interfaces:${CMAKE_PREFIX_PATH} LD_LIBRARY_PATH=/home/martin/autonomous_new/install/fsae_interfaces/lib:${LD_LIBRARY_PATH} PYTHONPATH=/home/martin/autonomous_new/build/fsae_can_bridge/prefix_override:/usr/lib/python3/dist-packages/colcon_core/task/python/colcon_distutils_commands:/home/martin/autonomous_new/install/fsae_can_bridge/lib/python3.12/site-packages:/home/martin/autonomous_new/install/fsae_interfaces/lib/python3.12/site-packages:${PYTHONPATH} /usr/bin/python3 -W ignore:setup.py install is deprecated -W ignore:easy_install command is deprecated setup.py egg_info --egg-base ../../../../build/fsae_can_bridge build --build-base /home/martin/autonomous_new/build/fsae_can_bridge/build install --record /home/martin/autonomous_new/build/fsae_can_bridge/install.log --single-version-externally-managed install_data
[4.010s] running egg_info
[4.010s] creating ../../../../build/fsae_can_bridge/fsae_can_bridge.egg-info
[4.052s] writing ../../../../build/fsae_can_bridge/fsae_can_bridge.egg-info/PKG-INFO
[4.053s] writing dependency_links to ../../../../build/fsae_can_bridge/fsae_can_bridge.egg-info/dependency_links.txt
[4.054s] writing entry points to ../../../../build/fsae_can_bridge/fsae_can_bridge.egg-info/entry_points.txt
[4.054s] writing requirements to ../../../../build/fsae_can_bridge/fsae_can_bridge.egg-info/requires.txt
[4.054s] writing top-level names to ../../../../build/fsae_can_bridge/fsae_can_bridge.egg-info/top_level.txt
[4.054s] writing manifest file '../../../../build/fsae_can_bridge/fsae_can_bridge.egg-info/SOURCES.txt'
[4.134s] reading manifest file '../../../../build/fsae_can_bridge/fsae_can_bridge.egg-info/SOURCES.txt'
[4.135s] writing manifest file '../../../../build/fsae_can_bridge/fsae_can_bridge.egg-info/SOURCES.txt'
[4.136s] running build
[4.136s] running build_py
[4.136s] creating /home/martin/autonomous_new/build/fsae_can_bridge/build
[4.137s] creating /home/martin/autonomous_new/build/fsae_can_bridge/build/lib
[4.138s] creating /home/martin/autonomous_new/build/fsae_can_bridge/build/lib/fsae_can_bridge
[4.138s] copying fsae_can_bridge/ack_to_can.py -> /home/martin/autonomous_new/build/fsae_can_bridge/build/lib/fsae_can_bridge
[4.140s] copying fsae_can_bridge/candapter.py -> /home/martin/autonomous_new/build/fsae_can_bridge/build/lib/fsae_can_bridge
[4.141s] copying fsae_can_bridge/mock_stimulus.py -> /home/martin/autonomous_new/build/fsae_can_bridge/build/lib/fsae_can_bridge
[4.142s] copying fsae_can_bridge/joystick_teleop.py -> /home/martin/autonomous_new/build/fsae_can_bridge/build/lib/fsae_can_bridge
[4.143s] copying fsae_can_bridge/__init__.py -> /home/martin/autonomous_new/build/fsae_can_bridge/build/lib/fsae_can_bridge
[4.144s] copying fsae_can_bridge/sys_status.py -> /home/martin/autonomous_new/build/fsae_can_bridge/build/lib/fsae_can_bridge
[4.145s] copying fsae_can_bridge/can_decoder_jnano.py -> /home/martin/autonomous_new/build/fsae_can_bridge/build/lib/fsae_can_bridge
[4.146s] creating /home/martin/autonomous_new/build/fsae_can_bridge/build/lib/fsae_can_bridge/drivers
[4.148s] copying fsae_can_bridge/drivers/MCP2515.py -> /home/martin/autonomous_new/build/fsae_can_bridge/build/lib/fsae_can_bridge/drivers
[4.149s] copying fsae_can_bridge/drivers/__init__.py -> /home/martin/autonomous_new/build/fsae_can_bridge/build/lib/fsae_can_bridge/drivers
[4.150s] running install
[4.163s] running install_lib
[4.234s] creating /home/martin/autonomous_new/install/fsae_can_bridge/lib/python3.12/site-packages/fsae_can_bridge
[4.235s] copying /home/martin/autonomous_new/build/fsae_can_bridge/build/lib/fsae_can_bridge/ack_to_can.py -> /home/martin/autonomous_new/install/fsae_can_bridge/lib/python3.12/site-packages/fsae_can_bridge
[4.236s] copying /home/martin/autonomous_new/build/fsae_can_bridge/build/lib/fsae_can_bridge/candapter.py -> /home/martin/autonomous_new/install/fsae_can_bridge/lib/python3.12/site-packages/fsae_can_bridge
[4.237s] copying /home/martin/autonomous_new/build/fsae_can_bridge/build/lib/fsae_can_bridge/mock_stimulus.py -> /home/martin/autonomous_new/install/fsae_can_bridge/lib/python3.12/site-packages/fsae_can_bridge
[4.238s] copying /home/martin/autonomous_new/build/fsae_can_bridge/build/lib/fsae_can_bridge/joystick_teleop.py -> /home/martin/autonomous_new/install/fsae_can_bridge/lib/python3.12/site-packages/fsae_can_bridge
[4.238s] creating /home/martin/autonomous_new/install/fsae_can_bridge/lib/python3.12/site-packages/fsae_can_bridge/drivers
[4.239s] copying /home/martin/autonomous_new/build/fsae_can_bridge/build/lib/fsae_can_bridge/drivers/MCP2515.py -> /home/martin/autonomous_new/install/fsae_can_bridge/lib/python3.12/site-packages/fsae_can_bridge/drivers
[4.239s] copying /home/martin/autonomous_new/build/fsae_can_bridge/build/lib/fsae_can_bridge/drivers/__init__.py -> /home/martin/autonomous_new/install/fsae_can_bridge/lib/python3.12/site-packages/fsae_can_bridge/drivers
[4.239s] copying /home/martin/autonomous_new/build/fsae_can_bridge/build/lib/fsae_can_bridge/__init__.py -> /home/martin/autonomous_new/install/fsae_can_bridge/lib/python3.12/site-packages/fsae_can_bridge
[4.240s] copying /home/martin/autonomous_new/build/fsae_can_bridge/build/lib/fsae_can_bridge/sys_status.py -> /home/martin/autonomous_new/install/fsae_can_bridge/lib/python3.12/site-packages/fsae_can_bridge
[4.240s] copying /home/martin/autonomous_new/build/fsae_can_bridge/build/lib/fsae_can_bridge/can_decoder_jnano.py -> /home/martin/autonomous_new/install/fsae_can_bridge/lib/python3.12/site-packages/fsae_can_bridge
[4.240s] byte-compiling /home/martin/autonomous_new/install/fsae_can_bridge/lib/python3.12/site-packages/fsae_can_bridge/ack_to_can.py to ack_to_can.cpython-312.pyc
[4.252s] byte-compiling /home/martin/autonomous_new/install/fsae_can_bridge/lib/python3.12/site-packages/fsae_can_bridge/candapter.py to candapter.cpython-312.pyc
[4.255s] byte-compiling /home/martin/autonomous_new/install/fsae_can_bridge/lib/python3.12/site-packages/fsae_can_bridge/mock_stimulus.py to mock_stimulus.cpython-312.pyc
[4.257s] byte-compiling /home/martin/autonomous_new/install/fsae_can_bridge/lib/python3.12/site-packages/fsae_can_bridge/joystick_teleop.py to joystick_teleop.cpython-312.pyc
[4.262s] byte-compiling /home/martin/autonomous_new/install/fsae_can_bridge/lib/python3.12/site-packages/fsae_can_bridge/drivers/MCP2515.py to MCP2515.cpython-312.pyc
[4.268s] byte-compiling /home/martin/autonomous_new/install/fsae_can_bridge/lib/python3.12/site-packages/fsae_can_bridge/drivers/__init__.py to __init__.cpython-312.pyc
[4.270s] byte-compiling /home/martin/autonomous_new/install/fsae_can_bridge/lib/python3.12/site-packages/fsae_can_bridge/__init__.py to __init__.cpython-312.pyc
[4.271s] byte-compiling /home/martin/autonomous_new/install/fsae_can_bridge/lib/python3.12/site-packages/fsae_can_bridge/sys_status.py to sys_status.cpython-312.pyc
[4.272s] byte-compiling /home/martin/autonomous_new/install/fsae_can_bridge/lib/python3.12/site-packages/fsae_can_bridge/can_decoder_jnano.py to can_decoder_jnano.cpython-312.pyc
[4.278s] running install_data
[4.278s] creating /home/martin/autonomous_new/install/fsae_can_bridge/share/ament_index
[4.278s] creating /home/martin/autonomous_new/install/fsae_can_bridge/share/ament_index/resource_index
[4.279s] creating /home/martin/autonomous_new/install/fsae_can_bridge/share/ament_index/resource_index/packages
[4.279s] copying resource/fsae_can_bridge -> /home/martin/autonomous_new/install/fsae_can_bridge/share/ament_index/resource_index/packages
[4.279s] copying package.xml -> /home/martin/autonomous_new/install/fsae_can_bridge/share/fsae_can_bridge
[4.280s] creating /home/martin/autonomous_new/install/fsae_can_bridge/share/fsae_can_bridge/launch
[4.280s] running install_egg_info
[4.332s] Copying ../../../../build/fsae_can_bridge/fsae_can_bridge.egg-info to /home/martin/autonomous_new/install/fsae_can_bridge/lib/python3.12/site-packages/fsae_can_bridge-0.1.0-py3.12.egg-info
[4.337s] running install_scripts
[4.665s] Installing ack_to_can_node script to /home/martin/autonomous_new/install/fsae_can_bridge/lib/fsae_can_bridge
[4.666s] Installing as_status_node script to /home/martin/autonomous_new/install/fsae_can_bridge/lib/fsae_can_bridge
[4.667s] Installing can_decoder script to /home/martin/autonomous_new/install/fsae_can_bridge/lib/fsae_can_bridge
[4.667s] Installing candapter_node script to /home/martin/autonomous_new/install/fsae_can_bridge/lib/fsae_can_bridge
[4.667s] Installing joystick_teleop script to /home/martin/autonomous_new/install/fsae_can_bridge/lib/fsae_can_bridge
[4.667s] Installing mock_stimulus script to /home/martin/autonomous_new/install/fsae_can_bridge/lib/fsae_can_bridge
[4.668s] writing list of installed files to '/home/martin/autonomous_new/build/fsae_can_bridge/install.log'
[4.726s] Invoked command in '/home/martin/autonomous_new/src/fsae_autonomous/control/fsae_can_bridge' returned '0': AMENT_PREFIX_PATH=/home/martin/autonomous_new/install/fsae_interfaces:${AMENT_PREFIX_PATH} CMAKE_PREFIX_PATH=/home/martin/autonomous_new/install/fsae_interfaces:${CMAKE_PREFIX_PATH} LD_LIBRARY_PATH=/home/martin/autonomous_new/install/fsae_interfaces/lib:${LD_LIBRARY_PATH} PYTHONPATH=/home/martin/autonomous_new/build/fsae_can_bridge/prefix_override:/usr/lib/python3/dist-packages/colcon_core/task/python/colcon_distutils_commands:/home/martin/autonomous_new/install/fsae_can_bridge/lib/python3.12/site-packages:/home/martin/autonomous_new/install/fsae_interfaces/lib/python3.12/site-packages:${PYTHONPATH} /usr/bin/python3 -W ignore:setup.py install is deprecated -W ignore:easy_install command is deprecated setup.py egg_info --egg-base ../../../../build/fsae_can_bridge build --build-base /home/martin/autonomous_new/build/fsae_can_bridge/build install --record /home/martin/autonomous_new/build/fsae_can_bridge/install.log --single-version-externally-managed install_data
