-- The C compiler identification is GNU 13.3.0
-- The CXX compiler identification is GNU 13.3.0
-- Detecting C compiler ABI info
-- Detecting C compiler ABI info - done
-- Check for working C compiler: /usr/bin/cc - skipped
-- Detecting C compile features
-- Detecting C compile features - done
-- Detecting CXX compiler ABI info
-- Detecting CXX compiler ABI info - done
-- Check for working CXX compiler: /usr/bin/c++ - skipped
-- Detecting CXX compile features
-- Detecting CXX compile features - done
-- Found OpenCV: /usr (found suitable version "4.6.0", minimum required is "4") 
[33mCMake Warning (dev) at CMakeLists.txt:15 (find_package):
  Policy CMP0146 is not set: The FindCUDA module is removed.  Run "cmake
  --help-policy CMP0146" for policy details.  Use the cmake_policy command to
  set the policy and suppress this warning.

This warning is for project developers.  Use -Wno-dev to suppress it.
[0m
[31mCMake Error at /usr/share/cmake-3.28/Modules/FindCUDA.cmake:883 (message):
  Specify CUDA_TOOLKIT_ROOT_DIR
Call Stack (most recent call first):
  CMakeLists.txt:15 (find_package)

[0m
-- Configuring incomplete, errors occurred!
