[0.348s] Invoking command in '/home/martin/autonomous_new/build/fsae_camera': AMENT_PREFIX_PATH=/home/martin/autonomous_new/install/fsae_interfaces:${AMENT_PREFIX_PATH} CMAKE_PREFIX_PATH=/home/martin/autonomous_new/install/fsae_interfaces:/opt/ros/jazzy/opt/sdformat_vendor:/opt/ros/jazzy/opt/gz_math_vendor:/opt/ros/jazzy/opt/gz_utils_vendor:/opt/ros/jazzy/opt/gz_tools_vendor:/opt/ros/jazzy/opt/gz_cmake_vendor:/opt/ros/jazzy LD_LIBRARY_PATH=/home/martin/autonomous_new/install/fsae_interfaces/lib:${LD_LIBRARY_PATH} PYTHONPATH=/home/martin/autonomous_new/install/fsae_interfaces/lib/python3.12/site-packages:${PYTHONPATH} /usr/bin/cmake /home/martin/autonomous_new/src/fsae_autonomous/perception/fsae_camera -DCMAKE_INSTALL_PREFIX=/home/martin/autonomous_new/install/fsae_camera
[0.603s] -- The C compiler identification is GNU 13.3.0
[1.710s] -- The CXX compiler identification is GNU 13.3.0
[2.864s] -- Detecting C compiler ABI info
[3.376s] -- Detecting C compiler ABI info - done
[3.395s] -- Check for working C compiler: /usr/bin/cc - skipped
[3.395s] -- Detecting C compile features
[3.396s] -- Detecting C compile features - done
[3.605s] -- Detecting CXX compiler ABI info
[4.294s] -- Detecting CXX compiler ABI info - done
[4.316s] -- Check for working CXX compiler: /usr/bin/c++ - skipped
[4.316s] -- Detecting CXX compile features
[4.317s] -- Detecting CXX compile features - done
[4.347s] -- Found OpenCV: /usr (found suitable version "4.6.0", minimum required is "4") 
[4.350s] [33mCMake Warning (dev) at CMakeLists.txt:15 (find_package):
[4.350s]   Policy CMP0146 is not set: The FindCUDA module is removed.  Run "cmake
[4.350s]   --help-policy CMP0146" for policy details.  Use the cmake_policy command to
[4.350s]   set the policy and suppress this warning.
[4.350s] 
[4.351s] This warning is for project developers.  Use -Wno-dev to suppress it.
[4.351s] [0m
[5.348s] [31mCMake Error at /usr/share/cmake-3.28/Modules/FindCUDA.cmake:883 (message):
[5.348s]   Specify CUDA_TOOLKIT_ROOT_DIR
[5.348s] Call Stack (most recent call first):
[5.348s]   CMakeLists.txt:15 (find_package)
[5.348s] 
[5.349s] [0m
[5.349s] -- Configuring incomplete, errors occurred!
[5.354s] Invoked command in '/home/martin/autonomous_new/build/fsae_camera' returned '1': AMENT_PREFIX_PATH=/home/martin/autonomous_new/install/fsae_interfaces:${AMENT_PREFIX_PATH} CMAKE_PREFIX_PATH=/home/martin/autonomous_new/install/fsae_interfaces:/opt/ros/jazzy/opt/sdformat_vendor:/opt/ros/jazzy/opt/gz_math_vendor:/opt/ros/jazzy/opt/gz_utils_vendor:/opt/ros/jazzy/opt/gz_tools_vendor:/opt/ros/jazzy/opt/gz_cmake_vendor:/opt/ros/jazzy LD_LIBRARY_PATH=/home/martin/autonomous_new/install/fsae_interfaces/lib:${LD_LIBRARY_PATH} PYTHONPATH=/home/martin/autonomous_new/install/fsae_interfaces/lib/python3.12/site-packages:${PYTHONPATH} /usr/bin/cmake /home/martin/autonomous_new/src/fsae_autonomous/perception/fsae_camera -DCMAKE_INSTALL_PREFIX=/home/martin/autonomous_new/install/fsae_camera
