running egg_info
creating ../../../../build/fsae_planning/fsae_planning.egg-info
writing ../../../../build/fsae_planning/fsae_planning.egg-info/PKG-INFO
writing dependency_links to ../../../../build/fsae_planning/fsae_planning.egg-info/dependency_links.txt
writing entry points to ../../../../build/fsae_planning/fsae_planning.egg-info/entry_points.txt
writing requirements to ../../../../build/fsae_planning/fsae_planning.egg-info/requires.txt
writing top-level names to ../../../../build/fsae_planning/fsae_planning.egg-info/top_level.txt
writing manifest file '../../../../build/fsae_planning/fsae_planning.egg-info/SOURCES.txt'
reading manifest file '../../../../build/fsae_planning/fsae_planning.egg-info/SOURCES.txt'
writing manifest file '../../../../build/fsae_planning/fsae_planning.egg-info/SOURCES.txt'
running build
running build_py
creating /home/martin/autonomous_new/build/fsae_planning/build
creating /home/martin/autonomous_new/build/fsae_planning/build/lib
creating /home/martin/autonomous_new/build/fsae_planning/build/lib/fsae_planning
copying fsae_planning/fasttube_planner.py -> /home/martin/autonomous_new/build/fsae_planning/build/lib/fsae_planning
copying fsae_planning/fasttube_without_kalman.py -> /home/martin/autonomous_new/build/fsae_planning/build/lib/fsae_planning
copying fsae_planning/__init__.py -> /home/martin/autonomous_new/build/fsae_planning/build/lib/fsae_planning
copying fsae_planning/centerline_planner.py -> /home/martin/autonomous_new/build/fsae_planning/build/lib/fsae_planning
running install
running install_lib
creating /home/martin/autonomous_new/install/fsae_planning/lib/python3.12/site-packages/fsae_planning
copying /home/martin/autonomous_new/build/fsae_planning/build/lib/fsae_planning/fasttube_planner.py -> /home/martin/autonomous_new/install/fsae_planning/lib/python3.12/site-packages/fsae_planning
copying /home/martin/autonomous_new/build/fsae_planning/build/lib/fsae_planning/fasttube_without_kalman.py -> /home/martin/autonomous_new/install/fsae_planning/lib/python3.12/site-packages/fsae_planning
copying /home/martin/autonomous_new/build/fsae_planning/build/lib/fsae_planning/__init__.py -> /home/martin/autonomous_new/install/fsae_planning/lib/python3.12/site-packages/fsae_planning
copying /home/martin/autonomous_new/build/fsae_planning/build/lib/fsae_planning/centerline_planner.py -> /home/martin/autonomous_new/install/fsae_planning/lib/python3.12/site-packages/fsae_planning
byte-compiling /home/martin/autonomous_new/install/fsae_planning/lib/python3.12/site-packages/fsae_planning/fasttube_planner.py to fasttube_planner.cpython-312.pyc
byte-compiling /home/martin/autonomous_new/install/fsae_planning/lib/python3.12/site-packages/fsae_planning/fasttube_without_kalman.py to fasttube_without_kalman.cpython-312.pyc
byte-compiling /home/martin/autonomous_new/install/fsae_planning/lib/python3.12/site-packages/fsae_planning/__init__.py to __init__.cpython-312.pyc
byte-compiling /home/martin/autonomous_new/install/fsae_planning/lib/python3.12/site-packages/fsae_planning/centerline_planner.py to centerline_planner.cpython-312.pyc
running install_data
creating /home/martin/autonomous_new/install/fsae_planning/share/ament_index
creating /home/martin/autonomous_new/install/fsae_planning/share/ament_index/resource_index
creating /home/martin/autonomous_new/install/fsae_planning/share/ament_index/resource_index/packages
copying resource/fsae_planning -> /home/martin/autonomous_new/install/fsae_planning/share/ament_index/resource_index/packages
copying package.xml -> /home/martin/autonomous_new/install/fsae_planning/share/fsae_planning
creating /home/martin/autonomous_new/install/fsae_planning/share/fsae_planning/launch
copying launch/path_planning.launch.py -> /home/martin/autonomous_new/install/fsae_planning/share/fsae_planning/launch
running install_egg_info
Copying ../../../../build/fsae_planning/fsae_planning.egg-info to /home/martin/autonomous_new/install/fsae_planning/lib/python3.12/site-packages/fsae_planning-0.1.0-py3.12.egg-info
running install_scripts
Installing centerline_planner script to /home/martin/autonomous_new/install/fsae_planning/lib/fsae_planning
Installing fasttube script to /home/martin/autonomous_new/install/fsae_planning/lib/fsae_planning
Installing fasttube_without_kalman script to /home/martin/autonomous_new/install/fsae_planning/lib/fsae_planning
writing list of installed files to '/home/martin/autonomous_new/build/fsae_planning/install.log'
