[3.445s] Invoking command in '/home/martin/autonomous_new/src/fsae_autonomous/planning/fsae_planning': AMENT_PREFIX_PATH=/home/martin/autonomous_new/install/fsae_interfaces:${AMENT_PREFIX_PATH} CMAKE_PREFIX_PATH=/home/martin/autonomous_new/install/fsae_interfaces:${CMAKE_PREFIX_PATH} LD_LIBRARY_PATH=/home/martin/autonomous_new/install/fsae_interfaces/lib:${LD_LIBRARY_PATH} PYTHONPATH=/home/martin/autonomous_new/build/fsae_planning/prefix_override:/usr/lib/python3/dist-packages/colcon_core/task/python/colcon_distutils_commands:/home/martin/autonomous_new/install/fsae_planning/lib/python3.12/site-packages:/home/martin/autonomous_new/install/fsae_interfaces/lib/python3.12/site-packages:${PYTHONPATH} /usr/bin/python3 -W ignore:setup.py install is deprecated -W ignore:easy_install command is deprecated setup.py egg_info --egg-base ../../../../build/fsae_planning build --build-base /home/martin/autonomous_new/build/fsae_planning/build install --record /home/martin/autonomous_new/build/fsae_planning/install.log --single-version-externally-managed install_data
[4.027s] running egg_info
[4.027s] creating ../../../../build/fsae_planning/fsae_planning.egg-info
[4.063s] writing ../../../../build/fsae_planning/fsae_planning.egg-info/PKG-INFO
[4.064s] writing dependency_links to ../../../../build/fsae_planning/fsae_planning.egg-info/dependency_links.txt
[4.065s] writing entry points to ../../../../build/fsae_planning/fsae_planning.egg-info/entry_points.txt
[4.066s] writing requirements to ../../../../build/fsae_planning/fsae_planning.egg-info/requires.txt
[4.066s] writing top-level names to ../../../../build/fsae_planning/fsae_planning.egg-info/top_level.txt
[4.067s] writing manifest file '../../../../build/fsae_planning/fsae_planning.egg-info/SOURCES.txt'
[4.187s] reading manifest file '../../../../build/fsae_planning/fsae_planning.egg-info/SOURCES.txt'
[4.191s] writing manifest file '../../../../build/fsae_planning/fsae_planning.egg-info/SOURCES.txt'
[4.192s] running build
[4.192s] running build_py
[4.193s] creating /home/martin/autonomous_new/build/fsae_planning/build
[4.195s] creating /home/martin/autonomous_new/build/fsae_planning/build/lib
[4.196s] creating /home/martin/autonomous_new/build/fsae_planning/build/lib/fsae_planning
[4.197s] copying fsae_planning/fasttube_planner.py -> /home/martin/autonomous_new/build/fsae_planning/build/lib/fsae_planning
[4.199s] copying fsae_planning/fasttube_without_kalman.py -> /home/martin/autonomous_new/build/fsae_planning/build/lib/fsae_planning
[4.200s] copying fsae_planning/__init__.py -> /home/martin/autonomous_new/build/fsae_planning/build/lib/fsae_planning
[4.200s] copying fsae_planning/centerline_planner.py -> /home/martin/autonomous_new/build/fsae_planning/build/lib/fsae_planning
[4.201s] running install
[4.218s] running install_lib
[4.268s] creating /home/martin/autonomous_new/install/fsae_planning/lib/python3.12/site-packages/fsae_planning
[4.269s] copying /home/martin/autonomous_new/build/fsae_planning/build/lib/fsae_planning/fasttube_planner.py -> /home/martin/autonomous_new/install/fsae_planning/lib/python3.12/site-packages/fsae_planning
[4.270s] copying /home/martin/autonomous_new/build/fsae_planning/build/lib/fsae_planning/fasttube_without_kalman.py -> /home/martin/autonomous_new/install/fsae_planning/lib/python3.12/site-packages/fsae_planning
[4.270s] copying /home/martin/autonomous_new/build/fsae_planning/build/lib/fsae_planning/__init__.py -> /home/martin/autonomous_new/install/fsae_planning/lib/python3.12/site-packages/fsae_planning
[4.271s] copying /home/martin/autonomous_new/build/fsae_planning/build/lib/fsae_planning/centerline_planner.py -> /home/martin/autonomous_new/install/fsae_planning/lib/python3.12/site-packages/fsae_planning
[4.271s] byte-compiling /home/martin/autonomous_new/install/fsae_planning/lib/python3.12/site-packages/fsae_planning/fasttube_planner.py to fasttube_planner.cpython-312.pyc
[4.276s] byte-compiling /home/martin/autonomous_new/install/fsae_planning/lib/python3.12/site-packages/fsae_planning/fasttube_without_kalman.py to fasttube_without_kalman.cpython-312.pyc
[4.278s] byte-compiling /home/martin/autonomous_new/install/fsae_planning/lib/python3.12/site-packages/fsae_planning/__init__.py to __init__.cpython-312.pyc
[4.279s] byte-compiling /home/martin/autonomous_new/install/fsae_planning/lib/python3.12/site-packages/fsae_planning/centerline_planner.py to centerline_planner.cpython-312.pyc
[4.282s] running install_data
[4.282s] creating /home/martin/autonomous_new/install/fsae_planning/share/ament_index
[4.284s] creating /home/martin/autonomous_new/install/fsae_planning/share/ament_index/resource_index
[4.285s] creating /home/martin/autonomous_new/install/fsae_planning/share/ament_index/resource_index/packages
[4.286s] copying resource/fsae_planning -> /home/martin/autonomous_new/install/fsae_planning/share/ament_index/resource_index/packages
[4.286s] copying package.xml -> /home/martin/autonomous_new/install/fsae_planning/share/fsae_planning
[4.287s] creating /home/martin/autonomous_new/install/fsae_planning/share/fsae_planning/launch
[4.289s] copying launch/path_planning.launch.py -> /home/martin/autonomous_new/install/fsae_planning/share/fsae_planning/launch
[4.289s] running install_egg_info
[4.361s] Copying ../../../../build/fsae_planning/fsae_planning.egg-info to /home/martin/autonomous_new/install/fsae_planning/lib/python3.12/site-packages/fsae_planning-0.1.0-py3.12.egg-info
[4.365s] running install_scripts
[4.657s] Installing centerline_planner script to /home/martin/autonomous_new/install/fsae_planning/lib/fsae_planning
[4.658s] Installing fasttube script to /home/martin/autonomous_new/install/fsae_planning/lib/fsae_planning
[4.659s] Installing fasttube_without_kalman script to /home/martin/autonomous_new/install/fsae_planning/lib/fsae_planning
[4.659s] writing list of installed files to '/home/martin/autonomous_new/build/fsae_planning/install.log'
[4.763s] Invoked command in '/home/martin/autonomous_new/src/fsae_autonomous/planning/fsae_planning' returned '0': AMENT_PREFIX_PATH=/home/martin/autonomous_new/install/fsae_interfaces:${AMENT_PREFIX_PATH} CMAKE_PREFIX_PATH=/home/martin/autonomous_new/install/fsae_interfaces:${CMAKE_PREFIX_PATH} LD_LIBRARY_PATH=/home/martin/autonomous_new/install/fsae_interfaces/lib:${LD_LIBRARY_PATH} PYTHONPATH=/home/martin/autonomous_new/build/fsae_planning/prefix_override:/usr/lib/python3/dist-packages/colcon_core/task/python/colcon_distutils_commands:/home/martin/autonomous_new/install/fsae_planning/lib/python3.12/site-packages:/home/martin/autonomous_new/install/fsae_interfaces/lib/python3.12/site-packages:${PYTHONPATH} /usr/bin/python3 -W ignore:setup.py install is deprecated -W ignore:easy_install command is deprecated setup.py egg_info --egg-base ../../../../build/fsae_planning build --build-base /home/martin/autonomous_new/build/fsae_planning/build install --record /home/martin/autonomous_new/build/fsae_planning/install.log --single-version-externally-managed install_data
