-- The C compiler identification is GNU 13.3.0
-- The CXX compiler identification is GNU 13.3.0
-- Detecting C compiler ABI info
-- Detecting C compiler ABI info - done
-- Check for working C compiler: /usr/bin/cc - skipped
-- Detecting C compile features
-- Detecting C compile features - done
-- Detecting CXX compiler ABI info
-- Detecting CXX compiler ABI info - done
-- Check for working CXX compiler: /usr/bin/c++ - skipped
-- Detecting CXX compile features
-- Detecting CXX compile features - done
-- Found ament_cmake: 2.5.6 (/opt/ros/jazzy/share/ament_cmake/cmake)
-- Found Python3: /usr/bin/python3 (found version "3.12.3") found components: Interpreter 
-- Found std_msgs: 5.3.7 (/opt/ros/jazzy/share/std_msgs/cmake)
-- Found rosidl_generator_c: 4.6.7 (/opt/ros/jazzy/share/rosidl_generator_c/cmake)
-- Found rosidl_generator_cpp: 4.6.7 (/opt/ros/jazzy/share/rosidl_generator_cpp/cmake)
-- Using all available rosidl_typesupport_c: rosidl_typesupport_fastrtps_c;rosidl_typesupport_introspection_c
-- Using all available rosidl_typesupport_cpp: rosidl_typesupport_fastrtps_cpp;rosidl_typesupport_introspection_cpp
-- Found geometry_msgs: 5.3.7 (/opt/ros/jazzy/share/geometry_msgs/cmake)
-- Found rosidl_default_generators: 1.6.0 (/opt/ros/jazzy/share/rosidl_default_generators/cmake)
-- Found rosidl_adapter: 4.6.7 (/opt/ros/jazzy/share/rosidl_adapter/cmake)
-- Found ament_cmake_ros: 0.12.0 (/opt/ros/jazzy/share/ament_cmake_ros/cmake)
-- Using all available rosidl_typesupport_c: rosidl_typesupport_fastrtps_c;rosidl_typesupport_introspection_c
-- Using all available rosidl_typesupport_cpp: rosidl_typesupport_fastrtps_cpp;rosidl_typesupport_introspection_cpp
-- Found python_cmake_module: 0.11.1 (/opt/ros/jazzy/share/python_cmake_module/cmake)
-- Found PythonExtra: /usr/bin/python3  
-- Found Python3: /usr/bin/python3 (found version "3.12.3") found components: Interpreter Development NumPy Development.Module Development.Embed 
-- Found Python3: /usr/bin/python3 (found version "3.12.3") found components: Interpreter 
-- Configuring done (9.4s)
-- Generating done (0.1s)
-- Build files have been written to: /home/martin/autonomous_new/build/fsae_interfaces
[  1%] [34m[1mGenerating Rust code for ROS interfaces[0m
[  2%] [34m[1mGenerating type hashes for ROS interfaces[0m
[  2%] Built target ament_cmake_python_copy_fsae_interfaces
running egg_info
creating fsae_interfaces.egg-info
writing fsae_interfaces.egg-info/PKG-INFO
writing dependency_links to fsae_interfaces.egg-info/dependency_links.txt
writing top-level names to fsae_interfaces.egg-info/top_level.txt
writing manifest file 'fsae_interfaces.egg-info/SOURCES.txt'
[  2%] Built target fsae_interfaces__rosidl_generator_type_description
[  3%] [34m[1mGenerating C code for ROS interfaces[0m
[  3%] [34m[1mGenerating C++ code for ROS interfaces[0m
[  3%] Built target fsae_interfaces__rs
reading manifest file 'fsae_interfaces.egg-info/SOURCES.txt'
writing manifest file 'fsae_interfaces.egg-info/SOURCES.txt'
[  3%] Built target ament_cmake_python_build_fsae_interfaces_egg
[  3%] Built target fsae_interfaces__cpp
[  5%] [32mBuilding C object CMakeFiles/fsae_interfaces__rosidl_generator_c.dir/rosidl_generator_c/fsae_interfaces/msg/detail/all_trajectories__description.c.o[0m
[  5%] [32mBuilding C object CMakeFiles/fsae_interfaces__rosidl_generator_c.dir/rosidl_generator_c/fsae_interfaces/msg/detail/all_trajectories__functions.c.o[0m
[  5%] [32mBuilding C object CMakeFiles/fsae_interfaces__rosidl_generator_c.dir/rosidl_generator_c/fsae_interfaces/msg/detail/can__functions.c.o[0m
[  8%] [32mBuilding C object CMakeFiles/fsae_interfaces__rosidl_generator_c.dir/rosidl_generator_c/fsae_interfaces/msg/detail/can_stamped__description.c.o[0m
[  8%] [32mBuilding C object CMakeFiles/fsae_interfaces__rosidl_generator_c.dir/rosidl_generator_c/fsae_interfaces/msg/detail/all_trajectories__type_support.c.o[0m
[  8%] [32mBuilding C object CMakeFiles/fsae_interfaces__rosidl_generator_c.dir/rosidl_generator_c/fsae_interfaces/msg/detail/can__type_support.c.o[0m
[  9%] [32mBuilding C object CMakeFiles/fsae_interfaces__rosidl_generator_c.dir/rosidl_generator_c/fsae_interfaces/msg/detail/can_stamped__functions.c.o[0m
[ 10%] [32mBuilding C object CMakeFiles/fsae_interfaces__rosidl_generator_c.dir/rosidl_generator_c/fsae_interfaces/msg/detail/can_stamped__type_support.c.o[0m
[ 11%] [32mBuilding C object CMakeFiles/fsae_interfaces__rosidl_generator_c.dir/rosidl_generator_c/fsae_interfaces/msg/detail/cone_detection__description.c.o[0m
[ 12%] [32mBuilding C object CMakeFiles/fsae_interfaces__rosidl_generator_c.dir/rosidl_generator_c/fsae_interfaces/msg/detail/can__description.c.o[0m
[ 14%] [32mBuilding C object CMakeFiles/fsae_interfaces__rosidl_generator_c.dir/rosidl_generator_c/fsae_interfaces/msg/detail/cone_detection__type_support.c.o[0m
[ 14%] [32mBuilding C object CMakeFiles/fsae_interfaces__rosidl_generator_c.dir/rosidl_generator_c/fsae_interfaces/msg/detail/cone_detection__functions.c.o[0m
[ 14%] [32mBuilding C object CMakeFiles/fsae_interfaces__rosidl_generator_c.dir/rosidl_generator_c/fsae_interfaces/msg/detail/hardware_states__description.c.o[0m
[ 15%] [32mBuilding C object CMakeFiles/fsae_interfaces__rosidl_generator_c.dir/rosidl_generator_c/fsae_interfaces/msg/detail/hardware_states__functions.c.o[0m
[ 16%] [32mBuilding C object CMakeFiles/fsae_interfaces__rosidl_generator_c.dir/rosidl_generator_c/fsae_interfaces/msg/detail/hardware_states_stamped__description.c.o[0m
[ 17%] [32mBuilding C object CMakeFiles/fsae_interfaces__rosidl_generator_c.dir/rosidl_generator_c/fsae_interfaces/msg/detail/hardware_states__type_support.c.o[0m
[ 19%] [32mBuilding C object CMakeFiles/fsae_interfaces__rosidl_generator_c.dir/rosidl_generator_c/fsae_interfaces/msg/detail/hardware_states_stamped__functions.c.o[0m
[ 19%] [32mBuilding C object CMakeFiles/fsae_interfaces__rosidl_generator_c.dir/rosidl_generator_c/fsae_interfaces/msg/detail/hardware_states_stamped__type_support.c.o[0m
[ 20%] [32mBuilding C object CMakeFiles/fsae_interfaces__rosidl_generator_c.dir/rosidl_generator_c/fsae_interfaces/msg/detail/mission_states__functions.c.o[0m
[ 21%] [32mBuilding C object CMakeFiles/fsae_interfaces__rosidl_generator_c.dir/rosidl_generator_c/fsae_interfaces/msg/detail/mission_states__description.c.o[0m
[ 21%] [32mBuilding C object CMakeFiles/fsae_interfaces__rosidl_generator_c.dir/rosidl_generator_c/fsae_interfaces/msg/detail/mission_states__type_support.c.o[0m
[ 22%] [32mBuilding C object CMakeFiles/fsae_interfaces__rosidl_generator_c.dir/rosidl_generator_c/fsae_interfaces/msg/detail/mission_states_stamped__description.c.o[0m
[ 23%] [32mBuilding C object CMakeFiles/fsae_interfaces__rosidl_generator_c.dir/rosidl_generator_c/fsae_interfaces/msg/detail/mission_states_stamped__functions.c.o[0m
[ 24%] [32mBuilding C object CMakeFiles/fsae_interfaces__rosidl_generator_c.dir/rosidl_generator_c/fsae_interfaces/msg/detail/mission_states_stamped__type_support.c.o[0m
[ 25%] [32mBuilding C object CMakeFiles/fsae_interfaces__rosidl_generator_c.dir/rosidl_generator_c/fsae_interfaces/msg/detail/track__description.c.o[0m
[ 26%] [32mBuilding C object CMakeFiles/fsae_interfaces__rosidl_generator_c.dir/rosidl_generator_c/fsae_interfaces/msg/detail/track__functions.c.o[0m
[ 27%] [32mBuilding C object CMakeFiles/fsae_interfaces__rosidl_generator_c.dir/rosidl_generator_c/fsae_interfaces/msg/detail/track__type_support.c.o[0m
[ 27%] [32m[1mLinking C shared library libfsae_interfaces__rosidl_generator_c.so[0m
[ 27%] Built target fsae_interfaces__rosidl_generator_c
[ 30%] [34m[1mGenerating C type support for eProsima Fast-RTPS[0m
[ 30%] [34m[1mGenerating C type support dispatch for ROS interfaces[0m
[ 30%] [34m[1mGenerating C introspection for ROS interfaces[0m
[ 31%] [34m[1mGenerating C++ introspection for ROS interfaces[0m
[ 31%] [34m[1mGenerating C++ type support dispatch for ROS interfaces[0m
[ 32%] [34m[1mGenerating C++ type support for eProsima Fast-RTPS[0m
[ 33%] [32mBuilding CXX object CMakeFiles/fsae_interfaces__rosidl_typesupport_cpp.dir/rosidl_typesupport_cpp/fsae_interfaces/msg/can__type_support.cpp.o[0m
[ 34%] [32mBuilding CXX object CMakeFiles/fsae_interfaces__rosidl_typesupport_cpp.dir/rosidl_typesupport_cpp/fsae_interfaces/msg/all_trajectories__type_support.cpp.o[0m
[ 35%] [32mBuilding CXX object CMakeFiles/fsae_interfaces__rosidl_typesupport_cpp.dir/rosidl_typesupport_cpp/fsae_interfaces/msg/hardware_states__type_support.cpp.o[0m
[ 36%] [32mBuilding CXX object CMakeFiles/fsae_interfaces__rosidl_typesupport_cpp.dir/rosidl_typesupport_cpp/fsae_interfaces/msg/can_stamped__type_support.cpp.o[0m
[ 37%] [32mBuilding CXX object CMakeFiles/fsae_interfaces__rosidl_typesupport_cpp.dir/rosidl_typesupport_cpp/fsae_interfaces/msg/hardware_states_stamped__type_support.cpp.o[0m
[ 38%] [32mBuilding CXX object CMakeFiles/fsae_interfaces__rosidl_typesupport_cpp.dir/rosidl_typesupport_cpp/fsae_interfaces/msg/cone_detection__type_support.cpp.o[0m
[ 39%] [32mBuilding CXX object CMakeFiles/fsae_interfaces__rosidl_typesupport_cpp.dir/rosidl_typesupport_cpp/fsae_interfaces/msg/mission_states__type_support.cpp.o[0m
[ 40%] [32mBuilding CXX object CMakeFiles/fsae_interfaces__rosidl_typesupport_c.dir/rosidl_typesupport_c/fsae_interfaces/msg/all_trajectories__type_support.cpp.o[0m
[ 41%] [32mBuilding CXX object CMakeFiles/fsae_interfaces__rosidl_typesupport_c.dir/rosidl_typesupport_c/fsae_interfaces/msg/can__type_support.cpp.o[0m
[ 42%] [32mBuilding CXX object CMakeFiles/fsae_interfaces__rosidl_typesupport_c.dir/rosidl_typesupport_c/fsae_interfaces/msg/can_stamped__type_support.cpp.o[0m
[ 42%] [32mBuilding CXX object CMakeFiles/fsae_interfaces__rosidl_typesupport_c.dir/rosidl_typesupport_c/fsae_interfaces/msg/cone_detection__type_support.cpp.o[0m
[ 43%] [32mBuilding C object CMakeFiles/fsae_interfaces__rosidl_typesupport_introspection_c.dir/rosidl_typesupport_introspection_c/fsae_interfaces/msg/detail/all_trajectories__type_support.c.o[0m
[ 44%] [32mBuilding CXX object CMakeFiles/fsae_interfaces__rosidl_typesupport_c.dir/rosidl_typesupport_c/fsae_interfaces/msg/hardware_states__type_support.cpp.o[0m
[ 45%] [32mBuilding CXX object CMakeFiles/fsae_interfaces__rosidl_typesupport_introspection_cpp.dir/rosidl_typesupport_introspection_cpp/fsae_interfaces/msg/detail/all_trajectories__type_support.cpp.o[0m
[ 47%] [32mBuilding CXX object CMakeFiles/fsae_interfaces__rosidl_typesupport_c.dir/rosidl_typesupport_c/fsae_interfaces/msg/hardware_states_stamped__type_support.cpp.o[0m
[ 47%] [32mBuilding C object CMakeFiles/fsae_interfaces__rosidl_typesupport_introspection_c.dir/rosidl_typesupport_introspection_c/fsae_interfaces/msg/detail/can__type_support.c.o[0m
[ 48%] [32mBuilding CXX object CMakeFiles/fsae_interfaces__rosidl_typesupport_c.dir/rosidl_typesupport_c/fsae_interfaces/msg/mission_states__type_support.cpp.o[0m
[ 49%] [32mBuilding C object CMakeFiles/fsae_interfaces__rosidl_typesupport_introspection_c.dir/rosidl_typesupport_introspection_c/fsae_interfaces/msg/detail/can_stamped__type_support.c.o[0m
[ 50%] [32mBuilding C object CMakeFiles/fsae_interfaces__rosidl_typesupport_introspection_c.dir/rosidl_typesupport_introspection_c/fsae_interfaces/msg/detail/cone_detection__type_support.c.o[0m
[ 51%] [32mBuilding CXX object CMakeFiles/fsae_interfaces__rosidl_typesupport_cpp.dir/rosidl_typesupport_cpp/fsae_interfaces/msg/mission_states_stamped__type_support.cpp.o[0m
[ 51%] [32mBuilding CXX object CMakeFiles/fsae_interfaces__rosidl_typesupport_fastrtps_c.dir/rosidl_typesupport_fastrtps_c/fsae_interfaces/msg/detail/all_trajectories__type_support_c.cpp.o[0m
[ 51%] [32mBuilding CXX object CMakeFiles/fsae_interfaces__rosidl_typesupport_introspection_cpp.dir/rosidl_typesupport_introspection_cpp/fsae_interfaces/msg/detail/can__type_support.cpp.o[0m
[ 52%] [32mBuilding CXX object CMakeFiles/fsae_interfaces__rosidl_typesupport_fastrtps_c.dir/rosidl_typesupport_fastrtps_c/fsae_interfaces/msg/detail/can__type_support_c.cpp.o[0m
[ 53%] [32mBuilding CXX object CMakeFiles/fsae_interfaces__rosidl_typesupport_cpp.dir/rosidl_typesupport_cpp/fsae_interfaces/msg/track__type_support.cpp.o[0m
[ 54%] [32mBuilding CXX object CMakeFiles/fsae_interfaces__rosidl_typesupport_c.dir/rosidl_typesupport_c/fsae_interfaces/msg/mission_states_stamped__type_support.cpp.o[0m
[ 55%] [32mBuilding CXX object CMakeFiles/fsae_interfaces__rosidl_typesupport_fastrtps_cpp.dir/rosidl_typesupport_fastrtps_cpp/fsae_interfaces/msg/detail/dds_fastrtps/all_trajectories__type_support.cpp.o[0m
[ 55%] [32mBuilding CXX object CMakeFiles/fsae_interfaces__rosidl_typesupport_fastrtps_c.dir/rosidl_typesupport_fastrtps_c/fsae_interfaces/msg/detail/can_stamped__type_support_c.cpp.o[0m
[ 56%] [32mBuilding CXX object CMakeFiles/fsae_interfaces__rosidl_typesupport_fastrtps_c.dir/rosidl_typesupport_fastrtps_c/fsae_interfaces/msg/detail/cone_detection__type_support_c.cpp.o[0m
[ 57%] [32mBuilding CXX object CMakeFiles/fsae_interfaces__rosidl_typesupport_c.dir/rosidl_typesupport_c/fsae_interfaces/msg/track__type_support.cpp.o[0m
[ 58%] [32mBuilding C object CMakeFiles/fsae_interfaces__rosidl_typesupport_introspection_c.dir/rosidl_typesupport_introspection_c/fsae_interfaces/msg/detail/hardware_states__type_support.c.o[0m
[ 58%] [32mBuilding CXX object CMakeFiles/fsae_interfaces__rosidl_typesupport_fastrtps_c.dir/rosidl_typesupport_fastrtps_c/fsae_interfaces/msg/detail/hardware_states__type_support_c.cpp.o[0m
[ 59%] [32m[1mLinking CXX shared library libfsae_interfaces__rosidl_typesupport_c.so[0m
[ 59%] [32mBuilding C object CMakeFiles/fsae_interfaces__rosidl_typesupport_introspection_c.dir/rosidl_typesupport_introspection_c/fsae_interfaces/msg/detail/hardware_states_stamped__type_support.c.o[0m
[ 60%] [32mBuilding C object CMakeFiles/fsae_interfaces__rosidl_typesupport_introspection_c.dir/rosidl_typesupport_introspection_c/fsae_interfaces/msg/detail/mission_states__type_support.c.o[0m
[ 61%] [32mBuilding C object CMakeFiles/fsae_interfaces__rosidl_typesupport_introspection_c.dir/rosidl_typesupport_introspection_c/fsae_interfaces/msg/detail/mission_states_stamped__type_support.c.o[0m
[ 62%] [32mBuilding C object CMakeFiles/fsae_interfaces__rosidl_typesupport_introspection_c.dir/rosidl_typesupport_introspection_c/fsae_interfaces/msg/detail/track__type_support.c.o[0m
[ 63%] [32m[1mLinking C shared library libfsae_interfaces__rosidl_typesupport_introspection_c.so[0m
[ 63%] Built target fsae_interfaces__rosidl_typesupport_c
[ 64%] [32mBuilding CXX object CMakeFiles/fsae_interfaces__rosidl_typesupport_introspection_cpp.dir/rosidl_typesupport_introspection_cpp/fsae_interfaces/msg/detail/can_stamped__type_support.cpp.o[0m
[ 65%] [32mBuilding CXX object CMakeFiles/fsae_interfaces__rosidl_typesupport_introspection_cpp.dir/rosidl_typesupport_introspection_cpp/fsae_interfaces/msg/detail/cone_detection__type_support.cpp.o[0m
[ 66%] [32mBuilding CXX object CMakeFiles/fsae_interfaces__rosidl_typesupport_fastrtps_cpp.dir/rosidl_typesupport_fastrtps_cpp/fsae_interfaces/msg/detail/dds_fastrtps/can__type_support.cpp.o[0m
[ 67%] [32mBuilding CXX object CMakeFiles/fsae_interfaces__rosidl_typesupport_fastrtps_c.dir/rosidl_typesupport_fastrtps_c/fsae_interfaces/msg/detail/hardware_states_stamped__type_support_c.cpp.o[0m
[ 68%] [32m[1mLinking CXX shared library libfsae_interfaces__rosidl_typesupport_cpp.so[0m
[ 68%] Built target fsae_interfaces__rosidl_typesupport_introspection_c
[ 69%] [32mBuilding CXX object CMakeFiles/fsae_interfaces__rosidl_typesupport_fastrtps_cpp.dir/rosidl_typesupport_fastrtps_cpp/fsae_interfaces/msg/detail/dds_fastrtps/can_stamped__type_support.cpp.o[0m
[ 70%] [32mBuilding CXX object CMakeFiles/fsae_interfaces__rosidl_typesupport_introspection_cpp.dir/rosidl_typesupport_introspection_cpp/fsae_interfaces/msg/detail/hardware_states__type_support.cpp.o[0m
[ 71%] [32mBuilding CXX object CMakeFiles/fsae_interfaces__rosidl_typesupport_fastrtps_c.dir/rosidl_typesupport_fastrtps_c/fsae_interfaces/msg/detail/mission_states__type_support_c.cpp.o[0m
[ 72%] [32mBuilding CXX object CMakeFiles/fsae_interfaces__rosidl_typesupport_introspection_cpp.dir/rosidl_typesupport_introspection_cpp/fsae_interfaces/msg/detail/hardware_states_stamped__type_support.cpp.o[0m
[ 73%] [32mBuilding CXX object CMakeFiles/fsae_interfaces__rosidl_typesupport_fastrtps_cpp.dir/rosidl_typesupport_fastrtps_cpp/fsae_interfaces/msg/detail/dds_fastrtps/cone_detection__type_support.cpp.o[0m
[ 74%] [32mBuilding CXX object CMakeFiles/fsae_interfaces__rosidl_typesupport_fastrtps_cpp.dir/rosidl_typesupport_fastrtps_cpp/fsae_interfaces/msg/detail/dds_fastrtps/hardware_states__type_support.cpp.o[0m
[ 74%] Built target fsae_interfaces__rosidl_typesupport_cpp
[ 75%] [32mBuilding CXX object CMakeFiles/fsae_interfaces__rosidl_typesupport_fastrtps_c.dir/rosidl_typesupport_fastrtps_c/fsae_interfaces/msg/detail/mission_states_stamped__type_support_c.cpp.o[0m
[ 76%] [32mBuilding CXX object CMakeFiles/fsae_interfaces__rosidl_typesupport_introspection_cpp.dir/rosidl_typesupport_introspection_cpp/fsae_interfaces/msg/detail/mission_states__type_support.cpp.o[0m
[ 77%] [32mBuilding CXX object CMakeFiles/fsae_interfaces__rosidl_typesupport_fastrtps_c.dir/rosidl_typesupport_fastrtps_c/fsae_interfaces/msg/detail/track__type_support_c.cpp.o[0m
[ 78%] [32mBuilding CXX object CMakeFiles/fsae_interfaces__rosidl_typesupport_fastrtps_cpp.dir/rosidl_typesupport_fastrtps_cpp/fsae_interfaces/msg/detail/dds_fastrtps/hardware_states_stamped__type_support.cpp.o[0m
[ 79%] [32mBuilding CXX object CMakeFiles/fsae_interfaces__rosidl_typesupport_introspection_cpp.dir/rosidl_typesupport_introspection_cpp/fsae_interfaces/msg/detail/mission_states_stamped__type_support.cpp.o[0m
[ 80%] [32mBuilding CXX object CMakeFiles/fsae_interfaces__rosidl_typesupport_fastrtps_cpp.dir/rosidl_typesupport_fastrtps_cpp/fsae_interfaces/msg/detail/dds_fastrtps/mission_states__type_support.cpp.o[0m
[ 81%] [32mBuilding CXX object CMakeFiles/fsae_interfaces__rosidl_typesupport_fastrtps_cpp.dir/rosidl_typesupport_fastrtps_cpp/fsae_interfaces/msg/detail/dds_fastrtps/mission_states_stamped__type_support.cpp.o[0m
[ 81%] [32mBuilding CXX object CMakeFiles/fsae_interfaces__rosidl_typesupport_fastrtps_cpp.dir/rosidl_typesupport_fastrtps_cpp/fsae_interfaces/msg/detail/dds_fastrtps/track__type_support.cpp.o[0m
[ 82%] [32mBuilding CXX object CMakeFiles/fsae_interfaces__rosidl_typesupport_introspection_cpp.dir/rosidl_typesupport_introspection_cpp/fsae_interfaces/msg/detail/track__type_support.cpp.o[0m
[ 83%] [32m[1mLinking CXX shared library libfsae_interfaces__rosidl_typesupport_fastrtps_c.so[0m
[ 83%] [32m[1mLinking CXX shared library libfsae_interfaces__rosidl_typesupport_introspection_cpp.so[0m
[ 83%] Built target fsae_interfaces__rosidl_typesupport_fastrtps_c
[ 84%] [32m[1mLinking CXX shared library libfsae_interfaces__rosidl_typesupport_fastrtps_cpp.so[0m
[ 84%] Built target fsae_interfaces__rosidl_typesupport_introspection_cpp
[ 84%] Built target fsae_interfaces__rosidl_typesupport_fastrtps_cpp
[ 84%] Built target fsae_interfaces
[ 85%] [34m[1mGenerating Python code for ROS interfaces[0m
[ 85%] Built target fsae_interfaces__py
[ 90%] [32mBuilding C object CMakeFiles/fsae_interfaces__rosidl_generator_py.dir/rosidl_generator_py/fsae_interfaces/msg/_can_stamped_s.c.o[0m
[ 90%] [32mBuilding C object CMakeFiles/fsae_interfaces__rosidl_generator_py.dir/rosidl_generator_py/fsae_interfaces/msg/_cone_detection_s.c.o[0m
[ 90%] [32mBuilding C object CMakeFiles/fsae_interfaces__rosidl_generator_py.dir/rosidl_generator_py/fsae_interfaces/msg/_can_s.c.o[0m
[ 90%] [32mBuilding C object CMakeFiles/fsae_interfaces__rosidl_generator_py.dir/rosidl_generator_py/fsae_interfaces/msg/_mission_states_s.c.o[0m
[ 90%] [32mBuilding C object CMakeFiles/fsae_interfaces__rosidl_generator_py.dir/rosidl_generator_py/fsae_interfaces/msg/_all_trajectories_s.c.o[0m
[ 91%] [32mBuilding C object CMakeFiles/fsae_interfaces__rosidl_generator_py.dir/rosidl_generator_py/fsae_interfaces/msg/_hardware_states_s.c.o[0m
[ 91%] [32mBuilding C object CMakeFiles/fsae_interfaces__rosidl_generator_py.dir/rosidl_generator_py/fsae_interfaces/msg/_mission_states_stamped_s.c.o[0m
[ 92%] [32mBuilding C object CMakeFiles/fsae_interfaces__rosidl_generator_py.dir/rosidl_generator_py/fsae_interfaces/msg/_hardware_states_stamped_s.c.o[0m
[ 93%] [32mBuilding C object CMakeFiles/fsae_interfaces__rosidl_generator_py.dir/rosidl_generator_py/fsae_interfaces/msg/_track_s.c.o[0m
[ 94%] [32m[1mLinking C shared library libfsae_interfaces__rosidl_generator_py.so[0m
[ 94%] Built target fsae_interfaces__rosidl_generator_py
[ 96%] [32mBuilding C object CMakeFiles/fsae_interfaces_s__rosidl_typesupport_introspection_c.dir/rosidl_generator_py/fsae_interfaces/_fsae_interfaces_s.ep.rosidl_typesupport_introspection_c.c.o[0m
[ 96%] [32mBuilding C object CMakeFiles/fsae_interfaces_s__rosidl_typesupport_c.dir/rosidl_generator_py/fsae_interfaces/_fsae_interfaces_s.ep.rosidl_typesupport_c.c.o[0m
[ 97%] [32mBuilding C object CMakeFiles/fsae_interfaces_s__rosidl_typesupport_fastrtps_c.dir/rosidl_generator_py/fsae_interfaces/_fsae_interfaces_s.ep.rosidl_typesupport_fastrtps_c.c.o[0m
[ 99%] [32m[1mLinking C shared module rosidl_generator_py/fsae_interfaces/fsae_interfaces_s__rosidl_typesupport_c.so[0m
[ 99%] [32m[1mLinking C shared module rosidl_generator_py/fsae_interfaces/fsae_interfaces_s__rosidl_typesupport_introspection_c.so[0m
[100%] [32m[1mLinking C shared module rosidl_generator_py/fsae_interfaces/fsae_interfaces_s__rosidl_typesupport_fastrtps_c.so[0m
[100%] Built target fsae_interfaces_s__rosidl_typesupport_c
[100%] Built target fsae_interfaces_s__rosidl_typesupport_introspection_c
[100%] Built target fsae_interfaces_s__rosidl_typesupport_fastrtps_c
-- Install configuration: ""
-- Installing: /home/martin/autonomous_new/install/fsae_interfaces/share/ament_index/resource_index/rosidl_interfaces/fsae_interfaces
-- Installing: /home/martin/autonomous_new/install/fsae_interfaces/share/fsae_interfaces/msg/AllTrajectories.json
-- Installing: /home/martin/autonomous_new/install/fsae_interfaces/share/fsae_interfaces/msg/CAN.json
-- Installing: /home/martin/autonomous_new/install/fsae_interfaces/share/fsae_interfaces/msg/CANStamped.json
-- Installing: /home/martin/autonomous_new/install/fsae_interfaces/share/fsae_interfaces/msg/ConeDetection.json
-- Installing: /home/martin/autonomous_new/install/fsae_interfaces/share/fsae_interfaces/msg/HardwareStates.json
-- Installing: /home/martin/autonomous_new/install/fsae_interfaces/share/fsae_interfaces/msg/HardwareStatesStamped.json
-- Installing: /home/martin/autonomous_new/install/fsae_interfaces/share/fsae_interfaces/msg/MissionStates.json
-- Installing: /home/martin/autonomous_new/install/fsae_interfaces/share/fsae_interfaces/msg/MissionStatesStamped.json
-- Installing: /home/martin/autonomous_new/install/fsae_interfaces/share/fsae_interfaces/msg/Track.json
-- Installing: /home/martin/autonomous_new/install/fsae_interfaces/include/fsae_interfaces/fsae_interfaces
-- Installing: /home/martin/autonomous_new/install/fsae_interfaces/include/fsae_interfaces/fsae_interfaces/msg
-- Installing: /home/martin/autonomous_new/install/fsae_interfaces/include/fsae_interfaces/fsae_interfaces/msg/rosidl_generator_c__visibility_control.h
-- Installing: /home/martin/autonomous_new/install/fsae_interfaces/include/fsae_interfaces/fsae_interfaces/msg/hardware_states_stamped.h
-- Installing: /home/martin/autonomous_new/install/fsae_interfaces/include/fsae_interfaces/fsae_interfaces/msg/all_trajectories.h
-- Installing: /home/martin/autonomous_new/install/fsae_interfaces/include/fsae_interfaces/fsae_interfaces/msg/hardware_states.h
-- Installing: /home/martin/autonomous_new/install/fsae_interfaces/include/fsae_interfaces/fsae_interfaces/msg/mission_states_stamped.h
-- Installing: /home/martin/autonomous_new/install/fsae_interfaces/include/fsae_interfaces/fsae_interfaces/msg/can_stamped.h
-- Installing: /home/martin/autonomous_new/install/fsae_interfaces/include/fsae_interfaces/fsae_interfaces/msg/cone_detection.h
-- Installing: /home/martin/autonomous_new/install/fsae_interfaces/include/fsae_interfaces/fsae_interfaces/msg/detail
-- Installing: /home/martin/autonomous_new/install/fsae_interfaces/include/fsae_interfaces/fsae_interfaces/msg/detail/can__functions.c
-- Installing: /home/martin/autonomous_new/install/fsae_interfaces/include/fsae_interfaces/fsae_interfaces/msg/detail/mission_states_stamped__functions.c
-- Installing: /home/martin/autonomous_new/install/fsae_interfaces/include/fsae_interfaces/fsae_interfaces/msg/detail/mission_states_stamped__type_support.c
-- Installing: /home/martin/autonomous_new/install/fsae_interfaces/include/fsae_interfaces/fsae_interfaces/msg/detail/can_stamped__struct.h
-- Installing: /home/martin/autonomous_new/install/fsae_interfaces/include/fsae_interfaces/fsae_interfaces/msg/detail/all_trajectories__struct.h
-- Installing: /home/martin/autonomous_new/install/fsae_interfaces/include/fsae_interfaces/fsae_interfaces/msg/detail/can_stamped__functions.c
-- Installing: /home/martin/autonomous_new/install/fsae_interfaces/include/fsae_interfaces/fsae_interfaces/msg/detail/track__struct.h
-- Installing: /home/martin/autonomous_new/install/fsae_interfaces/include/fsae_interfaces/fsae_interfaces/msg/detail/track__description.c
-- Installing: /home/martin/autonomous_new/install/fsae_interfaces/include/fsae_interfaces/fsae_interfaces/msg/detail/mission_states__struct.h
-- Installing: /home/martin/autonomous_new/install/fsae_interfaces/include/fsae_interfaces/fsae_interfaces/msg/detail/hardware_states_stamped__functions.c
-- Installing: /home/martin/autonomous_new/install/fsae_interfaces/include/fsae_interfaces/fsae_interfaces/msg/detail/hardware_states_stamped__description.c
-- Installing: /home/martin/autonomous_new/install/fsae_interfaces/include/fsae_interfaces/fsae_interfaces/msg/detail/cone_detection__description.c
-- Installing: /home/martin/autonomous_new/install/fsae_interfaces/include/fsae_interfaces/fsae_interfaces/msg/detail/mission_states__functions.h
-- Installing: /home/martin/autonomous_new/install/fsae_interfaces/include/fsae_interfaces/fsae_interfaces/msg/detail/can__functions.h
-- Installing: /home/martin/autonomous_new/install/fsae_interfaces/include/fsae_interfaces/fsae_interfaces/msg/detail/cone_detection__type_support.h
-- Installing: /home/martin/autonomous_new/install/fsae_interfaces/include/fsae_interfaces/fsae_interfaces/msg/detail/cone_detection__functions.c
-- Installing: /home/martin/autonomous_new/install/fsae_interfaces/include/fsae_interfaces/fsae_interfaces/msg/detail/hardware_states__type_support.c
-- Installing: /home/martin/autonomous_new/install/fsae_interfaces/include/fsae_interfaces/fsae_interfaces/msg/detail/mission_states__description.c
-- Installing: /home/martin/autonomous_new/install/fsae_interfaces/include/fsae_interfaces/fsae_interfaces/msg/detail/cone_detection__type_support.c
-- Installing: /home/martin/autonomous_new/install/fsae_interfaces/include/fsae_interfaces/fsae_interfaces/msg/detail/track__functions.h
-- Installing: /home/martin/autonomous_new/install/fsae_interfaces/include/fsae_interfaces/fsae_interfaces/msg/detail/hardware_states__description.c
-- Installing: /home/martin/autonomous_new/install/fsae_interfaces/include/fsae_interfaces/fsae_interfaces/msg/detail/track__functions.c
-- Installing: /home/martin/autonomous_new/install/fsae_interfaces/include/fsae_interfaces/fsae_interfaces/msg/detail/hardware_states_stamped__type_support.h
-- Installing: /home/martin/autonomous_new/install/fsae_interfaces/include/fsae_interfaces/fsae_interfaces/msg/detail/mission_states_stamped__type_support.h
-- Installing: /home/martin/autonomous_new/install/fsae_interfaces/include/fsae_interfaces/fsae_interfaces/msg/detail/hardware_states__functions.h
-- Installing: /home/martin/autonomous_new/install/fsae_interfaces/include/fsae_interfaces/fsae_interfaces/msg/detail/mission_states__functions.c
-- Installing: /home/martin/autonomous_new/install/fsae_interfaces/include/fsae_interfaces/fsae_interfaces/msg/detail/all_trajectories__functions.c
-- Installing: /home/martin/autonomous_new/install/fsae_interfaces/include/fsae_interfaces/fsae_interfaces/msg/detail/hardware_states_stamped__type_support.c
-- Installing: /home/martin/autonomous_new/install/fsae_interfaces/include/fsae_interfaces/fsae_interfaces/msg/detail/hardware_states__functions.c
-- Installing: /home/martin/autonomous_new/install/fsae_interfaces/include/fsae_interfaces/fsae_interfaces/msg/detail/track__type_support.c
-- Installing: /home/martin/autonomous_new/install/fsae_interfaces/include/fsae_interfaces/fsae_interfaces/msg/detail/can_stamped__type_support.h
-- Installing: /home/martin/autonomous_new/install/fsae_interfaces/include/fsae_interfaces/fsae_interfaces/msg/detail/track__type_support.h
-- Installing: /home/martin/autonomous_new/install/fsae_interfaces/include/fsae_interfaces/fsae_interfaces/msg/detail/all_trajectories__description.c
-- Installing: /home/martin/autonomous_new/install/fsae_interfaces/include/fsae_interfaces/fsae_interfaces/msg/detail/hardware_states__type_support.h
-- Installing: /home/martin/autonomous_new/install/fsae_interfaces/include/fsae_interfaces/fsae_interfaces/msg/detail/mission_states_stamped__struct.h
-- Installing: /home/martin/autonomous_new/install/fsae_interfaces/include/fsae_interfaces/fsae_interfaces/msg/detail/mission_states__type_support.h
-- Installing: /home/martin/autonomous_new/install/fsae_interfaces/include/fsae_interfaces/fsae_interfaces/msg/detail/all_trajectories__type_support.h
-- Installing: /home/martin/autonomous_new/install/fsae_interfaces/include/fsae_interfaces/fsae_interfaces/msg/detail/can__type_support.h
-- Installing: /home/martin/autonomous_new/install/fsae_interfaces/include/fsae_interfaces/fsae_interfaces/msg/detail/can_stamped__type_support.c
-- Installing: /home/martin/autonomous_new/install/fsae_interfaces/include/fsae_interfaces/fsae_interfaces/msg/detail/all_trajectories__functions.h
-- Installing: /home/martin/autonomous_new/install/fsae_interfaces/include/fsae_interfaces/fsae_interfaces/msg/detail/hardware_states_stamped__functions.h
-- Installing: /home/martin/autonomous_new/install/fsae_interfaces/include/fsae_interfaces/fsae_interfaces/msg/detail/cone_detection__struct.h
-- Installing: /home/martin/autonomous_new/install/fsae_interfaces/include/fsae_interfaces/fsae_interfaces/msg/detail/hardware_states__struct.h
-- Installing: /home/martin/autonomous_new/install/fsae_interfaces/include/fsae_interfaces/fsae_interfaces/msg/detail/can__struct.h
-- Installing: /home/martin/autonomous_new/install/fsae_interfaces/include/fsae_interfaces/fsae_interfaces/msg/detail/can__description.c
-- Installing: /home/martin/autonomous_new/install/fsae_interfaces/include/fsae_interfaces/fsae_interfaces/msg/detail/can_stamped__description.c
-- Installing: /home/martin/autonomous_new/install/fsae_interfaces/include/fsae_interfaces/fsae_interfaces/msg/detail/hardware_states_stamped__struct.h
-- Installing: /home/martin/autonomous_new/install/fsae_interfaces/include/fsae_interfaces/fsae_interfaces/msg/detail/can__type_support.c
-- Installing: /home/martin/autonomous_new/install/fsae_interfaces/include/fsae_interfaces/fsae_interfaces/msg/detail/all_trajectories__type_support.c
-- Installing: /home/martin/autonomous_new/install/fsae_interfaces/include/fsae_interfaces/fsae_interfaces/msg/detail/mission_states__type_support.c
-- Installing: /home/martin/autonomous_new/install/fsae_interfaces/include/fsae_interfaces/fsae_interfaces/msg/detail/cone_detection__functions.h
-- Installing: /home/martin/autonomous_new/install/fsae_interfaces/include/fsae_interfaces/fsae_interfaces/msg/detail/mission_states_stamped__functions.h
-- Installing: /home/martin/autonomous_new/install/fsae_interfaces/include/fsae_interfaces/fsae_interfaces/msg/detail/can_stamped__functions.h
-- Installing: /home/martin/autonomous_new/install/fsae_interfaces/include/fsae_interfaces/fsae_interfaces/msg/detail/mission_states_stamped__description.c
-- Installing: /home/martin/autonomous_new/install/fsae_interfaces/include/fsae_interfaces/fsae_interfaces/msg/mission_states.h
-- Installing: /home/martin/autonomous_new/install/fsae_interfaces/include/fsae_interfaces/fsae_interfaces/msg/can.h
-- Installing: /home/martin/autonomous_new/install/fsae_interfaces/include/fsae_interfaces/fsae_interfaces/msg/track.h
-- Installing: /home/martin/autonomous_new/install/fsae_interfaces/share/fsae_interfaces/environment/library_path.sh
-- Installing: /home/martin/autonomous_new/install/fsae_interfaces/share/fsae_interfaces/environment/library_path.dsv
-- Installing: /home/martin/autonomous_new/install/fsae_interfaces/lib/libfsae_interfaces__rosidl_generator_c.so
-- Set non-toolchain portion of runtime path of "/home/martin/autonomous_new/install/fsae_interfaces/lib/libfsae_interfaces__rosidl_generator_c.so" to ""
-- Up-to-date: /home/martin/autonomous_new/install/fsae_interfaces/include/fsae_interfaces/fsae_interfaces
-- Up-to-date: /home/martin/autonomous_new/install/fsae_interfaces/include/fsae_interfaces/fsae_interfaces/msg
-- Installing: /home/martin/autonomous_new/install/fsae_interfaces/include/fsae_interfaces/fsae_interfaces/msg/rosidl_typesupport_fastrtps_c__visibility_control.h
-- Up-to-date: /home/martin/autonomous_new/install/fsae_interfaces/include/fsae_interfaces/fsae_interfaces/msg/detail
-- Installing: /home/martin/autonomous_new/install/fsae_interfaces/include/fsae_interfaces/fsae_interfaces/msg/detail/mission_states_stamped__rosidl_typesupport_fastrtps_c.h
-- Installing: /home/martin/autonomous_new/install/fsae_interfaces/include/fsae_interfaces/fsae_interfaces/msg/detail/hardware_states__rosidl_typesupport_fastrtps_c.h
-- Installing: /home/martin/autonomous_new/install/fsae_interfaces/include/fsae_interfaces/fsae_interfaces/msg/detail/can__rosidl_typesupport_fastrtps_c.h
-- Installing: /home/martin/autonomous_new/install/fsae_interfaces/include/fsae_interfaces/fsae_interfaces/msg/detail/track__rosidl_typesupport_fastrtps_c.h
-- Installing: /home/martin/autonomous_new/install/fsae_interfaces/include/fsae_interfaces/fsae_interfaces/msg/detail/can_stamped__rosidl_typesupport_fastrtps_c.h
-- Installing: /home/martin/autonomous_new/install/fsae_interfaces/include/fsae_interfaces/fsae_interfaces/msg/detail/mission_states__rosidl_typesupport_fastrtps_c.h
-- Installing: /home/martin/autonomous_new/install/fsae_interfaces/include/fsae_interfaces/fsae_interfaces/msg/detail/hardware_states_stamped__rosidl_typesupport_fastrtps_c.h
-- Installing: /home/martin/autonomous_new/install/fsae_interfaces/include/fsae_interfaces/fsae_interfaces/msg/detail/cone_detection__rosidl_typesupport_fastrtps_c.h
-- Installing: /home/martin/autonomous_new/install/fsae_interfaces/include/fsae_interfaces/fsae_interfaces/msg/detail/all_trajectories__rosidl_typesupport_fastrtps_c.h
-- Installing: /home/martin/autonomous_new/install/fsae_interfaces/lib/libfsae_interfaces__rosidl_typesupport_fastrtps_c.so
-- Set non-toolchain portion of runtime path of "/home/martin/autonomous_new/install/fsae_interfaces/lib/libfsae_interfaces__rosidl_typesupport_fastrtps_c.so" to ""
-- Up-to-date: /home/martin/autonomous_new/install/fsae_interfaces/include/fsae_interfaces/fsae_interfaces
-- Up-to-date: /home/martin/autonomous_new/install/fsae_interfaces/include/fsae_interfaces/fsae_interfaces/msg
-- Installing: /home/martin/autonomous_new/install/fsae_interfaces/include/fsae_interfaces/fsae_interfaces/msg/cone_detection.hpp
-- Installing: /home/martin/autonomous_new/install/fsae_interfaces/include/fsae_interfaces/fsae_interfaces/msg/all_trajectories.hpp
-- Up-to-date: /home/martin/autonomous_new/install/fsae_interfaces/include/fsae_interfaces/fsae_interfaces/msg/detail
-- Installing: /home/martin/autonomous_new/install/fsae_interfaces/include/fsae_interfaces/fsae_interfaces/msg/detail/all_trajectories__builder.hpp
-- Installing: /home/martin/autonomous_new/install/fsae_interfaces/include/fsae_interfaces/fsae_interfaces/msg/detail/track__type_support.hpp
-- Installing: /home/martin/autonomous_new/install/fsae_interfaces/include/fsae_interfaces/fsae_interfaces/msg/detail/mission_states__builder.hpp
-- Installing: /home/martin/autonomous_new/install/fsae_interfaces/include/fsae_interfaces/fsae_interfaces/msg/detail/can__struct.hpp
-- Installing: /home/martin/autonomous_new/install/fsae_interfaces/include/fsae_interfaces/fsae_interfaces/msg/detail/can_stamped__traits.hpp
-- Installing: /home/martin/autonomous_new/install/fsae_interfaces/include/fsae_interfaces/fsae_interfaces/msg/detail/cone_detection__struct.hpp
-- Installing: /home/martin/autonomous_new/install/fsae_interfaces/include/fsae_interfaces/fsae_interfaces/msg/detail/cone_detection__type_support.hpp
-- Installing: /home/martin/autonomous_new/install/fsae_interfaces/include/fsae_interfaces/fsae_interfaces/msg/detail/can_stamped__builder.hpp
-- Installing: /home/martin/autonomous_new/install/fsae_interfaces/include/fsae_interfaces/fsae_interfaces/msg/detail/mission_states_stamped__struct.hpp
-- Installing: /home/martin/autonomous_new/install/fsae_interfaces/include/fsae_interfaces/fsae_interfaces/msg/detail/hardware_states_stamped__struct.hpp
-- Installing: /home/martin/autonomous_new/install/fsae_interfaces/include/fsae_interfaces/fsae_interfaces/msg/detail/track__struct.hpp
-- Installing: /home/martin/autonomous_new/install/fsae_interfaces/include/fsae_interfaces/fsae_interfaces/msg/detail/hardware_states_stamped__type_support.hpp
-- Installing: /home/martin/autonomous_new/install/fsae_interfaces/include/fsae_interfaces/fsae_interfaces/msg/detail/track__traits.hpp
-- Installing: /home/martin/autonomous_new/install/fsae_interfaces/include/fsae_interfaces/fsae_interfaces/msg/detail/can__traits.hpp
-- Installing: /home/martin/autonomous_new/install/fsae_interfaces/include/fsae_interfaces/fsae_interfaces/msg/detail/can__type_support.hpp
-- Installing: /home/martin/autonomous_new/install/fsae_interfaces/include/fsae_interfaces/fsae_interfaces/msg/detail/cone_detection__builder.hpp
-- Installing: /home/martin/autonomous_new/install/fsae_interfaces/include/fsae_interfaces/fsae_interfaces/msg/detail/hardware_states__builder.hpp
-- Installing: /home/martin/autonomous_new/install/fsae_interfaces/include/fsae_interfaces/fsae_interfaces/msg/detail/track__builder.hpp
-- Installing: /home/martin/autonomous_new/install/fsae_interfaces/include/fsae_interfaces/fsae_interfaces/msg/detail/mission_states_stamped__builder.hpp
-- Installing: /home/martin/autonomous_new/install/fsae_interfaces/include/fsae_interfaces/fsae_interfaces/msg/detail/hardware_states_stamped__builder.hpp
-- Installing: /home/martin/autonomous_new/install/fsae_interfaces/include/fsae_interfaces/fsae_interfaces/msg/detail/can_stamped__type_support.hpp
-- Installing: /home/martin/autonomous_new/install/fsae_interfaces/include/fsae_interfaces/fsae_interfaces/msg/detail/all_trajectories__struct.hpp
-- Installing: /home/martin/autonomous_new/install/fsae_interfaces/include/fsae_interfaces/fsae_interfaces/msg/detail/mission_states__struct.hpp
-- Installing: /home/martin/autonomous_new/install/fsae_interfaces/include/fsae_interfaces/fsae_interfaces/msg/detail/mission_states__traits.hpp
-- Installing: /home/martin/autonomous_new/install/fsae_interfaces/include/fsae_interfaces/fsae_interfaces/msg/detail/hardware_states__struct.hpp
-- Installing: /home/martin/autonomous_new/install/fsae_interfaces/include/fsae_interfaces/fsae_interfaces/msg/detail/can__builder.hpp
-- Installing: /home/martin/autonomous_new/install/fsae_interfaces/include/fsae_interfaces/fsae_interfaces/msg/detail/can_stamped__struct.hpp
-- Installing: /home/martin/autonomous_new/install/fsae_interfaces/include/fsae_interfaces/fsae_interfaces/msg/detail/mission_states__type_support.hpp
-- Installing: /home/martin/autonomous_new/install/fsae_interfaces/include/fsae_interfaces/fsae_interfaces/msg/detail/mission_states_stamped__type_support.hpp
-- Installing: /home/martin/autonomous_new/install/fsae_interfaces/include/fsae_interfaces/fsae_interfaces/msg/detail/mission_states_stamped__traits.hpp
-- Installing: /home/martin/autonomous_new/install/fsae_interfaces/include/fsae_interfaces/fsae_interfaces/msg/detail/all_trajectories__traits.hpp
-- Installing: /home/martin/autonomous_new/install/fsae_interfaces/include/fsae_interfaces/fsae_interfaces/msg/detail/hardware_states__traits.hpp
-- Installing: /home/martin/autonomous_new/install/fsae_interfaces/include/fsae_interfaces/fsae_interfaces/msg/detail/hardware_states_stamped__traits.hpp
-- Installing: /home/martin/autonomous_new/install/fsae_interfaces/include/fsae_interfaces/fsae_interfaces/msg/detail/hardware_states__type_support.hpp
-- Installing: /home/martin/autonomous_new/install/fsae_interfaces/include/fsae_interfaces/fsae_interfaces/msg/detail/all_trajectories__type_support.hpp
-- Installing: /home/martin/autonomous_new/install/fsae_interfaces/include/fsae_interfaces/fsae_interfaces/msg/detail/cone_detection__traits.hpp
-- Installing: /home/martin/autonomous_new/install/fsae_interfaces/include/fsae_interfaces/fsae_interfaces/msg/rosidl_generator_cpp__visibility_control.hpp
-- Installing: /home/martin/autonomous_new/install/fsae_interfaces/include/fsae_interfaces/fsae_interfaces/msg/mission_states_stamped.hpp
-- Installing: /home/martin/autonomous_new/install/fsae_interfaces/include/fsae_interfaces/fsae_interfaces/msg/track.hpp
-- Installing: /home/martin/autonomous_new/install/fsae_interfaces/include/fsae_interfaces/fsae_interfaces/msg/can_stamped.hpp
-- Installing: /home/martin/autonomous_new/install/fsae_interfaces/include/fsae_interfaces/fsae_interfaces/msg/hardware_states.hpp
-- Installing: /home/martin/autonomous_new/install/fsae_interfaces/include/fsae_interfaces/fsae_interfaces/msg/mission_states.hpp
-- Installing: /home/martin/autonomous_new/install/fsae_interfaces/include/fsae_interfaces/fsae_interfaces/msg/can.hpp
-- Installing: /home/martin/autonomous_new/install/fsae_interfaces/include/fsae_interfaces/fsae_interfaces/msg/hardware_states_stamped.hpp
-- Up-to-date: /home/martin/autonomous_new/install/fsae_interfaces/include/fsae_interfaces/fsae_interfaces
-- Up-to-date: /home/martin/autonomous_new/install/fsae_interfaces/include/fsae_interfaces/fsae_interfaces/msg
-- Installing: /home/martin/autonomous_new/install/fsae_interfaces/include/fsae_interfaces/fsae_interfaces/msg/rosidl_typesupport_fastrtps_cpp__visibility_control.h
-- Up-to-date: /home/martin/autonomous_new/install/fsae_interfaces/include/fsae_interfaces/fsae_interfaces/msg/detail
-- Installing: /home/martin/autonomous_new/install/fsae_interfaces/include/fsae_interfaces/fsae_interfaces/msg/detail/track__rosidl_typesupport_fastrtps_cpp.hpp
-- Installing: /home/martin/autonomous_new/install/fsae_interfaces/include/fsae_interfaces/fsae_interfaces/msg/detail/can_stamped__rosidl_typesupport_fastrtps_cpp.hpp
-- Installing: /home/martin/autonomous_new/install/fsae_interfaces/include/fsae_interfaces/fsae_interfaces/msg/detail/mission_states__rosidl_typesupport_fastrtps_cpp.hpp
-- Installing: /home/martin/autonomous_new/install/fsae_interfaces/include/fsae_interfaces/fsae_interfaces/msg/detail/mission_states_stamped__rosidl_typesupport_fastrtps_cpp.hpp
-- Installing: /home/martin/autonomous_new/install/fsae_interfaces/include/fsae_interfaces/fsae_interfaces/msg/detail/all_trajectories__rosidl_typesupport_fastrtps_cpp.hpp
-- Installing: /home/martin/autonomous_new/install/fsae_interfaces/include/fsae_interfaces/fsae_interfaces/msg/detail/hardware_states__rosidl_typesupport_fastrtps_cpp.hpp
-- Installing: /home/martin/autonomous_new/install/fsae_interfaces/include/fsae_interfaces/fsae_interfaces/msg/detail/dds_fastrtps
-- Installing: /home/martin/autonomous_new/install/fsae_interfaces/include/fsae_interfaces/fsae_interfaces/msg/detail/can__rosidl_typesupport_fastrtps_cpp.hpp
-- Installing: /home/martin/autonomous_new/install/fsae_interfaces/include/fsae_interfaces/fsae_interfaces/msg/detail/hardware_states_stamped__rosidl_typesupport_fastrtps_cpp.hpp
-- Installing: /home/martin/autonomous_new/install/fsae_interfaces/include/fsae_interfaces/fsae_interfaces/msg/detail/cone_detection__rosidl_typesupport_fastrtps_cpp.hpp
-- Installing: /home/martin/autonomous_new/install/fsae_interfaces/lib/libfsae_interfaces__rosidl_typesupport_fastrtps_cpp.so
-- Set non-toolchain portion of runtime path of "/home/martin/autonomous_new/install/fsae_interfaces/lib/libfsae_interfaces__rosidl_typesupport_fastrtps_cpp.so" to ""
-- Up-to-date: /home/martin/autonomous_new/install/fsae_interfaces/include/fsae_interfaces/fsae_interfaces
-- Up-to-date: /home/martin/autonomous_new/install/fsae_interfaces/include/fsae_interfaces/fsae_interfaces/msg
-- Installing: /home/martin/autonomous_new/install/fsae_interfaces/include/fsae_interfaces/fsae_interfaces/msg/rosidl_typesupport_introspection_c__visibility_control.h
-- Up-to-date: /home/martin/autonomous_new/install/fsae_interfaces/include/fsae_interfaces/fsae_interfaces/msg/detail
-- Installing: /home/martin/autonomous_new/install/fsae_interfaces/include/fsae_interfaces/fsae_interfaces/msg/detail/mission_states_stamped__type_support.c
-- Installing: /home/martin/autonomous_new/install/fsae_interfaces/include/fsae_interfaces/fsae_interfaces/msg/detail/track__rosidl_typesupport_introspection_c.h
-- Installing: /home/martin/autonomous_new/install/fsae_interfaces/include/fsae_interfaces/fsae_interfaces/msg/detail/can__rosidl_typesupport_introspection_c.h
-- Installing: /home/martin/autonomous_new/install/fsae_interfaces/include/fsae_interfaces/fsae_interfaces/msg/detail/hardware_states__rosidl_typesupport_introspection_c.h
-- Installing: /home/martin/autonomous_new/install/fsae_interfaces/include/fsae_interfaces/fsae_interfaces/msg/detail/cone_detection__rosidl_typesupport_introspection_c.h
-- Installing: /home/martin/autonomous_new/install/fsae_interfaces/include/fsae_interfaces/fsae_interfaces/msg/detail/hardware_states__type_support.c
-- Installing: /home/martin/autonomous_new/install/fsae_interfaces/include/fsae_interfaces/fsae_interfaces/msg/detail/cone_detection__type_support.c
-- Installing: /home/martin/autonomous_new/install/fsae_interfaces/include/fsae_interfaces/fsae_interfaces/msg/detail/mission_states_stamped__rosidl_typesupport_introspection_c.h
-- Installing: /home/martin/autonomous_new/install/fsae_interfaces/include/fsae_interfaces/fsae_interfaces/msg/detail/all_trajectories__rosidl_typesupport_introspection_c.h
-- Installing: /home/martin/autonomous_new/install/fsae_interfaces/include/fsae_interfaces/fsae_interfaces/msg/detail/hardware_states_stamped__rosidl_typesupport_introspection_c.h
-- Installing: /home/martin/autonomous_new/install/fsae_interfaces/include/fsae_interfaces/fsae_interfaces/msg/detail/hardware_states_stamped__type_support.c
-- Installing: /home/martin/autonomous_new/install/fsae_interfaces/include/fsae_interfaces/fsae_interfaces/msg/detail/can_stamped__rosidl_typesupport_introspection_c.h
-- Installing: /home/martin/autonomous_new/install/fsae_interfaces/include/fsae_interfaces/fsae_interfaces/msg/detail/track__type_support.c
-- Installing: /home/martin/autonomous_new/install/fsae_interfaces/include/fsae_interfaces/fsae_interfaces/msg/detail/mission_states__rosidl_typesupport_introspection_c.h
-- Installing: /home/martin/autonomous_new/install/fsae_interfaces/include/fsae_interfaces/fsae_interfaces/msg/detail/can_stamped__type_support.c
-- Installing: /home/martin/autonomous_new/install/fsae_interfaces/include/fsae_interfaces/fsae_interfaces/msg/detail/can__type_support.c
-- Installing: /home/martin/autonomous_new/install/fsae_interfaces/include/fsae_interfaces/fsae_interfaces/msg/detail/all_trajectories__type_support.c
-- Installing: /home/martin/autonomous_new/install/fsae_interfaces/include/fsae_interfaces/fsae_interfaces/msg/detail/mission_states__type_support.c
-- Installing: /home/martin/autonomous_new/install/fsae_interfaces/lib/libfsae_interfaces__rosidl_typesupport_introspection_c.so
-- Set non-toolchain portion of runtime path of "/home/martin/autonomous_new/install/fsae_interfaces/lib/libfsae_interfaces__rosidl_typesupport_introspection_c.so" to ""
-- Installing: /home/martin/autonomous_new/install/fsae_interfaces/lib/libfsae_interfaces__rosidl_typesupport_c.so
-- Set non-toolchain portion of runtime path of "/home/martin/autonomous_new/install/fsae_interfaces/lib/libfsae_interfaces__rosidl_typesupport_c.so" to ""
-- Up-to-date: /home/martin/autonomous_new/install/fsae_interfaces/include/fsae_interfaces/fsae_interfaces
-- Up-to-date: /home/martin/autonomous_new/install/fsae_interfaces/include/fsae_interfaces/fsae_interfaces/msg
-- Up-to-date: /home/martin/autonomous_new/install/fsae_interfaces/include/fsae_interfaces/fsae_interfaces/msg/detail
-- Installing: /home/martin/autonomous_new/install/fsae_interfaces/include/fsae_interfaces/fsae_interfaces/msg/detail/hardware_states_stamped__rosidl_typesupport_introspection_cpp.hpp
-- Installing: /home/martin/autonomous_new/install/fsae_interfaces/include/fsae_interfaces/fsae_interfaces/msg/detail/mission_states__type_support.cpp
-- Installing: /home/martin/autonomous_new/install/fsae_interfaces/include/fsae_interfaces/fsae_interfaces/msg/detail/track__type_support.cpp
-- Installing: /home/martin/autonomous_new/install/fsae_interfaces/include/fsae_interfaces/fsae_interfaces/msg/detail/hardware_states__type_support.cpp
-- Installing: /home/martin/autonomous_new/install/fsae_interfaces/include/fsae_interfaces/fsae_interfaces/msg/detail/hardware_states_stamped__type_support.cpp
-- Installing: /home/martin/autonomous_new/install/fsae_interfaces/include/fsae_interfaces/fsae_interfaces/msg/detail/can_stamped__type_support.cpp
-- Installing: /home/martin/autonomous_new/install/fsae_interfaces/include/fsae_interfaces/fsae_interfaces/msg/detail/mission_states_stamped__rosidl_typesupport_introspection_cpp.hpp
-- Installing: /home/martin/autonomous_new/install/fsae_interfaces/include/fsae_interfaces/fsae_interfaces/msg/detail/can__type_support.cpp
-- Installing: /home/martin/autonomous_new/install/fsae_interfaces/include/fsae_interfaces/fsae_interfaces/msg/detail/mission_states__rosidl_typesupport_introspection_cpp.hpp
-- Installing: /home/martin/autonomous_new/install/fsae_interfaces/include/fsae_interfaces/fsae_interfaces/msg/detail/all_trajectories__type_support.cpp
-- Installing: /home/martin/autonomous_new/install/fsae_interfaces/include/fsae_interfaces/fsae_interfaces/msg/detail/mission_states_stamped__type_support.cpp
-- Installing: /home/martin/autonomous_new/install/fsae_interfaces/include/fsae_interfaces/fsae_interfaces/msg/detail/can__rosidl_typesupport_introspection_cpp.hpp
-- Installing: /home/martin/autonomous_new/install/fsae_interfaces/include/fsae_interfaces/fsae_interfaces/msg/detail/hardware_states__rosidl_typesupport_introspection_cpp.hpp
-- Installing: /home/martin/autonomous_new/install/fsae_interfaces/include/fsae_interfaces/fsae_interfaces/msg/detail/cone_detection__type_support.cpp
-- Installing: /home/martin/autonomous_new/install/fsae_interfaces/include/fsae_interfaces/fsae_interfaces/msg/detail/cone_detection__rosidl_typesupport_introspection_cpp.hpp
-- Installing: /home/martin/autonomous_new/install/fsae_interfaces/include/fsae_interfaces/fsae_interfaces/msg/detail/all_trajectories__rosidl_typesupport_introspection_cpp.hpp
-- Installing: /home/martin/autonomous_new/install/fsae_interfaces/include/fsae_interfaces/fsae_interfaces/msg/detail/can_stamped__rosidl_typesupport_introspection_cpp.hpp
-- Installing: /home/martin/autonomous_new/install/fsae_interfaces/include/fsae_interfaces/fsae_interfaces/msg/detail/track__rosidl_typesupport_introspection_cpp.hpp
-- Installing: /home/martin/autonomous_new/install/fsae_interfaces/lib/libfsae_interfaces__rosidl_typesupport_introspection_cpp.so
-- Set non-toolchain portion of runtime path of "/home/martin/autonomous_new/install/fsae_interfaces/lib/libfsae_interfaces__rosidl_typesupport_introspection_cpp.so" to ""
-- Installing: /home/martin/autonomous_new/install/fsae_interfaces/lib/libfsae_interfaces__rosidl_typesupport_cpp.so
-- Set non-toolchain portion of runtime path of "/home/martin/autonomous_new/install/fsae_interfaces/lib/libfsae_interfaces__rosidl_typesupport_cpp.so" to ""
-- Installing: /home/martin/autonomous_new/install/fsae_interfaces/share/fsae_interfaces/environment/pythonpath.sh
-- Installing: /home/martin/autonomous_new/install/fsae_interfaces/share/fsae_interfaces/environment/pythonpath.dsv
-- Installing: /home/martin/autonomous_new/install/fsae_interfaces/lib/python3.12/site-packages/fsae_interfaces-0.1.0-py3.12.egg-info
-- Installing: /home/martin/autonomous_new/install/fsae_interfaces/lib/python3.12/site-packages/fsae_interfaces-0.1.0-py3.12.egg-info/PKG-INFO
-- Installing: /home/martin/autonomous_new/install/fsae_interfaces/lib/python3.12/site-packages/fsae_interfaces-0.1.0-py3.12.egg-info/SOURCES.txt
-- Installing: /home/martin/autonomous_new/install/fsae_interfaces/lib/python3.12/site-packages/fsae_interfaces-0.1.0-py3.12.egg-info/top_level.txt
-- Installing: /home/martin/autonomous_new/install/fsae_interfaces/lib/python3.12/site-packages/fsae_interfaces-0.1.0-py3.12.egg-info/dependency_links.txt
-- Installing: /home/martin/autonomous_new/install/fsae_interfaces/lib/python3.12/site-packages/fsae_interfaces
-- Installing: /home/martin/autonomous_new/install/fsae_interfaces/lib/python3.12/site-packages/fsae_interfaces/msg
-- Installing: /home/martin/autonomous_new/install/fsae_interfaces/lib/python3.12/site-packages/fsae_interfaces/msg/_mission_states_stamped.py
-- Installing: /home/martin/autonomous_new/install/fsae_interfaces/lib/python3.12/site-packages/fsae_interfaces/msg/_hardware_states_stamped.py
-- Installing: /home/martin/autonomous_new/install/fsae_interfaces/lib/python3.12/site-packages/fsae_interfaces/msg/_all_trajectories_s.c
-- Installing: /home/martin/autonomous_new/install/fsae_interfaces/lib/python3.12/site-packages/fsae_interfaces/msg/_mission_states.py
-- Installing: /home/martin/autonomous_new/install/fsae_interfaces/lib/python3.12/site-packages/fsae_interfaces/msg/_cone_detection_s.c
-- Installing: /home/martin/autonomous_new/install/fsae_interfaces/lib/python3.12/site-packages/fsae_interfaces/msg/_can_stamped.py
-- Installing: /home/martin/autonomous_new/install/fsae_interfaces/lib/python3.12/site-packages/fsae_interfaces/msg/_cone_detection.py
-- Installing: /home/martin/autonomous_new/install/fsae_interfaces/lib/python3.12/site-packages/fsae_interfaces/msg/_can.py
-- Installing: /home/martin/autonomous_new/install/fsae_interfaces/lib/python3.12/site-packages/fsae_interfaces/msg/_track.py
-- Installing: /home/martin/autonomous_new/install/fsae_interfaces/lib/python3.12/site-packages/fsae_interfaces/msg/_can_stamped_s.c
-- Installing: /home/martin/autonomous_new/install/fsae_interfaces/lib/python3.12/site-packages/fsae_interfaces/msg/__init__.py
-- Installing: /home/martin/autonomous_new/install/fsae_interfaces/lib/python3.12/site-packages/fsae_interfaces/msg/_hardware_states_s.c
-- Installing: /home/martin/autonomous_new/install/fsae_interfaces/lib/python3.12/site-packages/fsae_interfaces/msg/_hardware_states.py
-- Installing: /home/martin/autonomous_new/install/fsae_interfaces/lib/python3.12/site-packages/fsae_interfaces/msg/_all_trajectories.py
-- Installing: /home/martin/autonomous_new/install/fsae_interfaces/lib/python3.12/site-packages/fsae_interfaces/msg/_hardware_states_stamped_s.c
-- Installing: /home/martin/autonomous_new/install/fsae_interfaces/lib/python3.12/site-packages/fsae_interfaces/msg/_mission_states_stamped_s.c
-- Installing: /home/martin/autonomous_new/install/fsae_interfaces/lib/python3.12/site-packages/fsae_interfaces/msg/_can_s.c
-- Installing: /home/martin/autonomous_new/install/fsae_interfaces/lib/python3.12/site-packages/fsae_interfaces/msg/_track_s.c
-- Installing: /home/martin/autonomous_new/install/fsae_interfaces/lib/python3.12/site-packages/fsae_interfaces/msg/_mission_states_s.c
-- Installing: /home/martin/autonomous_new/install/fsae_interfaces/lib/python3.12/site-packages/fsae_interfaces/_fsae_interfaces_s.ep.rosidl_typesupport_fastrtps_c.c
-- Installing: /home/martin/autonomous_new/install/fsae_interfaces/lib/python3.12/site-packages/fsae_interfaces/fsae_interfaces_s__rosidl_typesupport_c.so
-- Installing: /home/martin/autonomous_new/install/fsae_interfaces/lib/python3.12/site-packages/fsae_interfaces/fsae_interfaces_s__rosidl_typesupport_introspection_c.so
-- Installing: /home/martin/autonomous_new/install/fsae_interfaces/lib/python3.12/site-packages/fsae_interfaces/fsae_interfaces_s__rosidl_typesupport_fastrtps_c.so
-- Installing: /home/martin/autonomous_new/install/fsae_interfaces/lib/python3.12/site-packages/fsae_interfaces/_fsae_interfaces_s.ep.rosidl_typesupport_introspection_c.c
-- Installing: /home/martin/autonomous_new/install/fsae_interfaces/lib/python3.12/site-packages/fsae_interfaces/__init__.py
-- Installing: /home/martin/autonomous_new/install/fsae_interfaces/lib/python3.12/site-packages/fsae_interfaces/_fsae_interfaces_s.ep.rosidl_typesupport_c.c
Listing '/home/martin/autonomous_new/install/fsae_interfaces/lib/python3.12/site-packages/fsae_interfaces'...
Compiling '/home/martin/autonomous_new/install/fsae_interfaces/lib/python3.12/site-packages/fsae_interfaces/__init__.py'...
Listing '/home/martin/autonomous_new/install/fsae_interfaces/lib/python3.12/site-packages/fsae_interfaces/msg'...
Compiling '/home/martin/autonomous_new/install/fsae_interfaces/lib/python3.12/site-packages/fsae_interfaces/msg/__init__.py'...
Compiling '/home/martin/autonomous_new/install/fsae_interfaces/lib/python3.12/site-packages/fsae_interfaces/msg/_all_trajectories.py'...
Compiling '/home/martin/autonomous_new/install/fsae_interfaces/lib/python3.12/site-packages/fsae_interfaces/msg/_can.py'...
Compiling '/home/martin/autonomous_new/install/fsae_interfaces/lib/python3.12/site-packages/fsae_interfaces/msg/_can_stamped.py'...
Compiling '/home/martin/autonomous_new/install/fsae_interfaces/lib/python3.12/site-packages/fsae_interfaces/msg/_cone_detection.py'...
Compiling '/home/martin/autonomous_new/install/fsae_interfaces/lib/python3.12/site-packages/fsae_interfaces/msg/_hardware_states.py'...
Compiling '/home/martin/autonomous_new/install/fsae_interfaces/lib/python3.12/site-packages/fsae_interfaces/msg/_hardware_states_stamped.py'...
Compiling '/home/martin/autonomous_new/install/fsae_interfaces/lib/python3.12/site-packages/fsae_interfaces/msg/_mission_states.py'...
Compiling '/home/martin/autonomous_new/install/fsae_interfaces/lib/python3.12/site-packages/fsae_interfaces/msg/_mission_states_stamped.py'...
Compiling '/home/martin/autonomous_new/install/fsae_interfaces/lib/python3.12/site-packages/fsae_interfaces/msg/_track.py'...
-- Installing: /home/martin/autonomous_new/install/fsae_interfaces/lib/python3.12/site-packages/fsae_interfaces/fsae_interfaces_s__rosidl_typesupport_fastrtps_c.so
-- Set non-toolchain portion of runtime path of "/home/martin/autonomous_new/install/fsae_interfaces/lib/python3.12/site-packages/fsae_interfaces/fsae_interfaces_s__rosidl_typesupport_fastrtps_c.so" to ""
-- Installing: /home/martin/autonomous_new/install/fsae_interfaces/lib/python3.12/site-packages/fsae_interfaces/fsae_interfaces_s__rosidl_typesupport_introspection_c.so
-- Set non-toolchain portion of runtime path of "/home/martin/autonomous_new/install/fsae_interfaces/lib/python3.12/site-packages/fsae_interfaces/fsae_interfaces_s__rosidl_typesupport_introspection_c.so" to ""
-- Installing: /home/martin/autonomous_new/install/fsae_interfaces/lib/python3.12/site-packages/fsae_interfaces/fsae_interfaces_s__rosidl_typesupport_c.so
-- Set non-toolchain portion of runtime path of "/home/martin/autonomous_new/install/fsae_interfaces/lib/python3.12/site-packages/fsae_interfaces/fsae_interfaces_s__rosidl_typesupport_c.so" to ""
-- Installing: /home/martin/autonomous_new/install/fsae_interfaces/lib/libfsae_interfaces__rosidl_generator_py.so
-- Set non-toolchain portion of runtime path of "/home/martin/autonomous_new/install/fsae_interfaces/lib/libfsae_interfaces__rosidl_generator_py.so" to ""
-- Installing: /home/martin/autonomous_new/install/fsae_interfaces/share/ament_index/resource_index/rust_packages/fsae_interfaces
-- Installing: /home/martin/autonomous_new/install/fsae_interfaces/share/fsae_interfaces/rust
-- Installing: /home/martin/autonomous_new/install/fsae_interfaces/share/fsae_interfaces/rust/Cargo.toml
-- Installing: /home/martin/autonomous_new/install/fsae_interfaces/share/fsae_interfaces/rust/build.rs
-- Installing: /home/martin/autonomous_new/install/fsae_interfaces/share/fsae_interfaces/rust/src
-- Installing: /home/martin/autonomous_new/install/fsae_interfaces/share/fsae_interfaces/rust/src/msg
-- Installing: /home/martin/autonomous_new/install/fsae_interfaces/share/fsae_interfaces/rust/src/msg/rmw.rs
-- Installing: /home/martin/autonomous_new/install/fsae_interfaces/share/fsae_interfaces/rust/src/msg.rs
-- Installing: /home/martin/autonomous_new/install/fsae_interfaces/share/fsae_interfaces/rust/src/lib.rs
-- Installing: /home/martin/autonomous_new/install/fsae_interfaces/share/fsae_interfaces/msg/AllTrajectories.idl
-- Installing: /home/martin/autonomous_new/install/fsae_interfaces/share/fsae_interfaces/msg/CAN.idl
-- Installing: /home/martin/autonomous_new/install/fsae_interfaces/share/fsae_interfaces/msg/CANStamped.idl
-- Installing: /home/martin/autonomous_new/install/fsae_interfaces/share/fsae_interfaces/msg/ConeDetection.idl
-- Installing: /home/martin/autonomous_new/install/fsae_interfaces/share/fsae_interfaces/msg/HardwareStates.idl
-- Installing: /home/martin/autonomous_new/install/fsae_interfaces/share/fsae_interfaces/msg/HardwareStatesStamped.idl
-- Installing: /home/martin/autonomous_new/install/fsae_interfaces/share/fsae_interfaces/msg/MissionStates.idl
-- Installing: /home/martin/autonomous_new/install/fsae_interfaces/share/fsae_interfaces/msg/MissionStatesStamped.idl
-- Installing: /home/martin/autonomous_new/install/fsae_interfaces/share/fsae_interfaces/msg/Track.idl
-- Installing: /home/martin/autonomous_new/install/fsae_interfaces/share/fsae_interfaces/msg/AllTrajectories.msg
-- Installing: /home/martin/autonomous_new/install/fsae_interfaces/share/fsae_interfaces/msg/CAN.msg
-- Installing: /home/martin/autonomous_new/install/fsae_interfaces/share/fsae_interfaces/msg/CANStamped.msg
-- Installing: /home/martin/autonomous_new/install/fsae_interfaces/share/fsae_interfaces/msg/ConeDetection.msg
-- Installing: /home/martin/autonomous_new/install/fsae_interfaces/share/fsae_interfaces/msg/HardwareStates.msg
-- Installing: /home/martin/autonomous_new/install/fsae_interfaces/share/fsae_interfaces/msg/HardwareStatesStamped.msg
-- Installing: /home/martin/autonomous_new/install/fsae_interfaces/share/fsae_interfaces/msg/MissionStates.msg
-- Installing: /home/martin/autonomous_new/install/fsae_interfaces/share/fsae_interfaces/msg/MissionStatesStamped.msg
-- Installing: /home/martin/autonomous_new/install/fsae_interfaces/share/fsae_interfaces/msg/Track.msg
-- Installing: /home/martin/autonomous_new/install/fsae_interfaces/share/ament_index/resource_index/package_run_dependencies/fsae_interfaces
-- Installing: /home/martin/autonomous_new/install/fsae_interfaces/share/ament_index/resource_index/parent_prefix_path/fsae_interfaces
-- Installing: /home/martin/autonomous_new/install/fsae_interfaces/share/fsae_interfaces/environment/ament_prefix_path.sh
-- Installing: /home/martin/autonomous_new/install/fsae_interfaces/share/fsae_interfaces/environment/ament_prefix_path.dsv
-- Installing: /home/martin/autonomous_new/install/fsae_interfaces/share/fsae_interfaces/environment/path.sh
-- Installing: /home/martin/autonomous_new/install/fsae_interfaces/share/fsae_interfaces/environment/path.dsv
-- Installing: /home/martin/autonomous_new/install/fsae_interfaces/share/fsae_interfaces/local_setup.bash
-- Installing: /home/martin/autonomous_new/install/fsae_interfaces/share/fsae_interfaces/local_setup.sh
-- Installing: /home/martin/autonomous_new/install/fsae_interfaces/share/fsae_interfaces/local_setup.zsh
-- Installing: /home/martin/autonomous_new/install/fsae_interfaces/share/fsae_interfaces/local_setup.dsv
-- Installing: /home/martin/autonomous_new/install/fsae_interfaces/share/fsae_interfaces/package.dsv
-- Installing: /home/martin/autonomous_new/install/fsae_interfaces/share/ament_index/resource_index/packages/fsae_interfaces
-- Installing: /home/martin/autonomous_new/install/fsae_interfaces/share/fsae_interfaces/cmake/export_fsae_interfaces__rosidl_generator_cExport.cmake
-- Installing: /home/martin/autonomous_new/install/fsae_interfaces/share/fsae_interfaces/cmake/export_fsae_interfaces__rosidl_generator_cExport-noconfig.cmake
-- Installing: /home/martin/autonomous_new/install/fsae_interfaces/share/fsae_interfaces/cmake/export_fsae_interfaces__rosidl_typesupport_fastrtps_cExport.cmake
-- Installing: /home/martin/autonomous_new/install/fsae_interfaces/share/fsae_interfaces/cmake/export_fsae_interfaces__rosidl_typesupport_fastrtps_cExport-noconfig.cmake
-- Installing: /home/martin/autonomous_new/install/fsae_interfaces/share/fsae_interfaces/cmake/export_fsae_interfaces__rosidl_generator_cppExport.cmake
-- Installing: /home/martin/autonomous_new/install/fsae_interfaces/share/fsae_interfaces/cmake/export_fsae_interfaces__rosidl_typesupport_fastrtps_cppExport.cmake
-- Installing: /home/martin/autonomous_new/install/fsae_interfaces/share/fsae_interfaces/cmake/export_fsae_interfaces__rosidl_typesupport_fastrtps_cppExport-noconfig.cmake
-- Installing: /home/martin/autonomous_new/install/fsae_interfaces/share/fsae_interfaces/cmake/fsae_interfaces__rosidl_typesupport_introspection_cExport.cmake
-- Installing: /home/martin/autonomous_new/install/fsae_interfaces/share/fsae_interfaces/cmake/fsae_interfaces__rosidl_typesupport_introspection_cExport-noconfig.cmake
-- Installing: /home/martin/autonomous_new/install/fsae_interfaces/share/fsae_interfaces/cmake/fsae_interfaces__rosidl_typesupport_cExport.cmake
-- Installing: /home/martin/autonomous_new/install/fsae_interfaces/share/fsae_interfaces/cmake/fsae_interfaces__rosidl_typesupport_cExport-noconfig.cmake
-- Installing: /home/martin/autonomous_new/install/fsae_interfaces/share/fsae_interfaces/cmake/fsae_interfaces__rosidl_typesupport_introspection_cppExport.cmake
-- Installing: /home/martin/autonomous_new/install/fsae_interfaces/share/fsae_interfaces/cmake/fsae_interfaces__rosidl_typesupport_introspection_cppExport-noconfig.cmake
-- Installing: /home/martin/autonomous_new/install/fsae_interfaces/share/fsae_interfaces/cmake/fsae_interfaces__rosidl_typesupport_cppExport.cmake
-- Installing: /home/martin/autonomous_new/install/fsae_interfaces/share/fsae_interfaces/cmake/fsae_interfaces__rosidl_typesupport_cppExport-noconfig.cmake
-- Installing: /home/martin/autonomous_new/install/fsae_interfaces/share/fsae_interfaces/cmake/export_fsae_interfaces__rosidl_generator_pyExport.cmake
-- Installing: /home/martin/autonomous_new/install/fsae_interfaces/share/fsae_interfaces/cmake/export_fsae_interfaces__rosidl_generator_pyExport-noconfig.cmake
-- Installing: /home/martin/autonomous_new/install/fsae_interfaces/share/fsae_interfaces/cmake/rosidl_cmake-extras.cmake
-- Installing: /home/martin/autonomous_new/install/fsae_interfaces/share/fsae_interfaces/cmake/ament_cmake_export_dependencies-extras.cmake
-- Installing: /home/martin/autonomous_new/install/fsae_interfaces/share/fsae_interfaces/cmake/ament_cmake_export_include_directories-extras.cmake
-- Installing: /home/martin/autonomous_new/install/fsae_interfaces/share/fsae_interfaces/cmake/ament_cmake_export_libraries-extras.cmake
-- Installing: /home/martin/autonomous_new/install/fsae_interfaces/share/fsae_interfaces/cmake/ament_cmake_export_targets-extras.cmake
-- Installing: /home/martin/autonomous_new/install/fsae_interfaces/share/fsae_interfaces/cmake/rosidl_cmake_export_typesupport_targets-extras.cmake
-- Installing: /home/martin/autonomous_new/install/fsae_interfaces/share/fsae_interfaces/cmake/rosidl_cmake_export_typesupport_libraries-extras.cmake
-- Installing: /home/martin/autonomous_new/install/fsae_interfaces/share/fsae_interfaces/cmake/fsae_interfacesConfig.cmake
-- Installing: /home/martin/autonomous_new/install/fsae_interfaces/share/fsae_interfaces/cmake/fsae_interfacesConfig-version.cmake
-- Installing: /home/martin/autonomous_new/install/fsae_interfaces/share/fsae_interfaces/package.xml
